Log file created at: 2019/05/09 11:41:35
Running on machine: DESKTOP-O70OTE3
Log line format: [IWEF]mmdd hh:mm:ss.uuuuuu threadid file:line] msg
I0509 11:41:35.384141  2392 c_interface.cc:127] Logging enabled to .
I0509 11:41:35.391268  2392 c_interface.cc:128] BigARTM version: v0.10.0
I0509 11:41:35.391268  2392 c_interface.cc:271] Pass MasterModelConfig: topic_name_size=0, score_config_size=1, num_processors=0, pwt_name=pwt, nwt_name=nwt, num_document_passes=0, reuse_theta=no, cache_theta=no, opt_for_avx=yes, disk_cache_path= to ArtmCreateMasterModel
I0509 11:41:35.391268  2392 c_interface.cc:274] Creating MasterModel (id=1)...
I0509 11:41:35.405426  2392 collection_parser.cc:771] CollectionParserConfig.num_threads is automatically set to 4
I0509 11:41:37.621896  2392 c_interface.cc:375] Pass 4ba59bb6-1aba-4281-bcb4-f5dbae6175a7 to void (__cdecl artm::core::MasterComponent::*)(class std::basic_string<char,struct std::char_traits<char>,class std::allocator<char> > const & __ptr64) __ptr64
I0509 11:41:37.621896  2392 c_interface.cc:389] Pass GatherDictionaryArgs: dictionary_target_name=4ba59bb6-1aba-4281-bcb4-f5dbae6175a7, data_path=lectures_batches, symmetric_cooc_values=0 to void (__cdecl artm::core::MasterComponent::*)(class artm::GatherDictionaryArgs const & __ptr64) __ptr64
I0509 11:41:37.621896  2392 dictionary_operations.cc:265] Found 18 batches in 'lectures_batches' folder
I0509 11:41:37.981901  2392 dictionary_operations.cc:331] Find 26866 unique tokens in 1728 items
I0509 11:41:38.071353  2392 dictionary_operations.cc:611] Dictionary name='4ba59bb6-1aba-4281-bcb4-f5dbae6175a7' contains entries: author:539; text:26327; 
I0509 11:43:04.270166  2392 c_interface.cc:375] Pass 4ba59bb6-1aba-4281-bcb4-f5dbae6175a7 to void (__cdecl artm::core::MasterComponent::*)(class std::basic_string<char,struct std::char_traits<char>,class std::allocator<char> > const & __ptr64) __ptr64
I0509 11:43:04.290155  2392 c_interface.cc:339] Disposing MasterComponent (id=1)...
I0509 11:45:04.675196  2392 c_interface.cc:271] Pass MasterModelConfig: topic_name_size=30, score_config_size=1, num_processors=0, pwt_name=pwt, nwt_name=nwt, num_document_passes=10, reuse_theta=no, cache_theta=yes, opt_for_avx=yes, disk_cache_path= to ArtmCreateMasterModel
I0509 11:45:04.675196  2392 instance.cc:401] MasterModelConfig.processors_count is automatically set to 4
I0509 11:45:04.676195  2392 c_interface.cc:274] Creating MasterModel (id=2)...
I0509 11:45:04.693186 12876 processor.cc:58] Processor thread started
I0509 11:45:04.693186 12920 processor.cc:58] Processor thread started
I0509 11:45:04.693186  8632 processor.cc:58] Processor thread started
I0509 11:45:04.694185 10836 processor.cc:58] Processor thread started
I0509 11:45:04.728163 12920 processor.cc:74] No data in processing queue, waiting...
I0509 11:45:04.728163 12876 processor.cc:74] No data in processing queue, waiting...
I0509 11:45:04.729166 10836 processor.cc:74] No data in processing queue, waiting...
I0509 11:45:04.729166  8632 processor.cc:74] No data in processing queue, waiting...
I0509 11:45:43.803560  2392 c_interface.cc:271] Pass MasterModelConfig: topic_name_size=0, score_config_size=1, num_processors=0, pwt_name=pwt, nwt_name=nwt, num_document_passes=0, reuse_theta=no, cache_theta=no, opt_for_avx=yes, disk_cache_path= to ArtmCreateMasterModel
I0509 11:45:43.804561  2392 c_interface.cc:274] Creating MasterModel (id=3)...
I0509 11:45:43.804561  2392 c_interface.cc:375] Pass 1504e8c2-ccca-43cf-a766-40a13b437b25 to void (__cdecl artm::core::MasterComponent::*)(class std::basic_string<char,struct std::char_traits<char>,class std::allocator<char> > const & __ptr64) __ptr64
I0509 11:45:43.804561  2392 c_interface.cc:389] Pass GatherDictionaryArgs: dictionary_target_name=1504e8c2-ccca-43cf-a766-40a13b437b25, data_path=lectures_batches, symmetric_cooc_values=0 to void (__cdecl artm::core::MasterComponent::*)(class artm::GatherDictionaryArgs const & __ptr64) __ptr64
I0509 11:45:43.807559  2392 dictionary_operations.cc:265] Found 18 batches in 'lectures_batches' folder
I0509 11:45:44.200474  2392 dictionary_operations.cc:331] Find 26866 unique tokens in 1728 items
I0509 11:45:44.300460  2392 dictionary_operations.cc:611] Dictionary name='1504e8c2-ccca-43cf-a766-40a13b437b25' contains entries: author:539; text:26327; 
I0509 11:46:04.725987  2392 c_interface.cc:271] Pass MasterModelConfig: topic_name_size=0, score_config_size=1, num_processors=0, pwt_name=pwt, nwt_name=nwt, num_document_passes=0, reuse_theta=no, cache_theta=no, opt_for_avx=yes, disk_cache_path= to ArtmCreateMasterModel
I0509 11:46:04.725987  2392 c_interface.cc:274] Creating MasterModel (id=4)...
I0509 11:46:04.726985  2392 c_interface.cc:375] Pass 436deee5-4e15-4003-af32-c1caf04303b2 to void (__cdecl artm::core::MasterComponent::*)(class std::basic_string<char,struct std::char_traits<char>,class std::allocator<char> > const & __ptr64) __ptr64
I0509 11:46:04.726985  2392 c_interface.cc:389] Pass GatherDictionaryArgs: dictionary_target_name=436deee5-4e15-4003-af32-c1caf04303b2, data_path=lectures_batches, symmetric_cooc_values=0 to void (__cdecl artm::core::MasterComponent::*)(class artm::GatherDictionaryArgs const & __ptr64) __ptr64
I0509 11:46:04.729984  2392 dictionary_operations.cc:265] Found 18 batches in 'lectures_batches' folder
I0509 11:46:05.080363  2392 dictionary_operations.cc:331] Find 26866 unique tokens in 1728 items
I0509 11:46:05.170256  2392 dictionary_operations.cc:611] Dictionary name='436deee5-4e15-4003-af32-c1caf04303b2' contains entries: author:539; text:26327; 
I0509 11:46:05.780970  2392 c_interface.cc:375] Pass pwt to void (__cdecl artm::core::MasterComponent::*)(class std::basic_string<char,struct std::char_traits<char>,class std::allocator<char> > const & __ptr64) __ptr64
I0509 11:46:05.780970  2392 c_interface.cc:375] Pass nwt to void (__cdecl artm::core::MasterComponent::*)(class std::basic_string<char,struct std::char_traits<char>,class std::allocator<char> > const & __ptr64) __ptr64
I0509 11:46:05.781968  2392 c_interface.cc:389] Pass InitializeModelArgs: model_name=pwt, dictionary_name=436deee5-4e15-4003-af32-c1caf04303b2, topic_name_size=30, seed=-1 to void (__cdecl artm::core::MasterComponent::*)(class artm::InitializeModelArgs const & __ptr64) __ptr64
I0509 11:46:06.090067  2392 master_component.cc:663] InitializeModel() created matrix pwt with 30 topics and 26866 tokens; 
I0509 11:46:06.090067  2392 c_interface.cc:389] Pass InitializeModelArgs: model_name=nwt, dictionary_name=436deee5-4e15-4003-af32-c1caf04303b2, topic_name_size=30, seed=-1 to void (__cdecl artm::core::MasterComponent::*)(class artm::InitializeModelArgs const & __ptr64) __ptr64
I0509 11:46:06.380606  2392 master_component.cc:663] InitializeModel() created matrix nwt with 30 topics and 26866 tokens; 
I0509 11:46:06.380606  2392 c_interface.cc:231] ArtmCopyRequestedMessage is copying 309 bytes...
I0509 11:52:03.208976  2392 c_interface.cc:389] Pass MasterModelConfig: topic_name_size=30, score_config_size=2, num_processors=0, pwt_name=pwt, nwt_name=nwt, num_document_passes=10, reuse_theta=no, cache_theta=yes, opt_for_avx=yes, disk_cache_path= to void (__cdecl artm::core::MasterComponent::*)(class artm::MasterModelConfig const & __ptr64) __ptr64
I0509 11:52:03.209977  2392 instance.cc:401] MasterModelConfig.processors_count is automatically set to 4
I0509 11:52:03.212975  2392 c_interface.cc:389] Pass MasterModelConfig: topic_name_size=30, score_config_size=3, num_processors=0, pwt_name=pwt, nwt_name=nwt, num_document_passes=10, reuse_theta=no, cache_theta=yes, opt_for_avx=yes, disk_cache_path= to void (__cdecl artm::core::MasterComponent::*)(class artm::MasterModelConfig const & __ptr64) __ptr64
I0509 11:52:03.212975  2392 instance.cc:401] MasterModelConfig.processors_count is automatically set to 4
I0509 12:48:58.758122  2392 c_interface.cc:389] Pass MasterModelConfig: topic_name_size=30, score_config_size=3, num_processors=0, pwt_name=pwt, nwt_name=nwt, num_document_passes=10, regularizer=(SparsePhi:100000), reuse_theta=no, cache_theta=yes, opt_for_avx=yes, disk_cache_path= to void (__cdecl artm::core::MasterComponent::*)(class artm::MasterModelConfig const & __ptr64) __ptr64
I0509 12:48:58.758122  2392 instance.cc:401] MasterModelConfig.processors_count is automatically set to 4
I0509 12:48:58.774113  2392 instance.cc:232] Regularizer 'SparsePhi' was cold-reconfigured
I0509 13:03:08.071342  2392 c_interface.cc:271] Pass MasterModelConfig: topic_name_size=30, score_config_size=1, num_processors=0, pwt_name=pwt, nwt_name=nwt, num_document_passes=1, reuse_theta=yes, cache_theta=yes, opt_for_avx=yes, disk_cache_path= to ArtmCreateMasterModel
I0509 13:03:08.071342  2392 instance.cc:401] MasterModelConfig.processors_count is automatically set to 4
I0509 13:03:08.072341  2392 c_interface.cc:274] Creating MasterModel (id=5)...
I0509 13:03:08.073341 12876 processor.cc:66] Processor thread stopped
I0509 13:03:08.073341 12876 processor.cc:67] Total number of processed batches: 0
I0509 13:03:08.077339 12192 processor.cc:58] Processor thread started
I0509 13:03:08.078339 14140 processor.cc:58] Processor thread started
I0509 13:03:08.078339 13804 processor.cc:58] Processor thread started
I0509 13:03:08.079339   372 processor.cc:58] Processor thread started
I0509 13:03:08.080338 12920 processor.cc:66] Processor thread stopped
I0509 13:03:08.080338 12920 processor.cc:67] Total number of processed batches: 0
I0509 13:03:08.082336  8632 processor.cc:66] Processor thread stopped
I0509 13:03:08.082336  8632 processor.cc:67] Total number of processed batches: 0
I0509 13:03:08.084333 10836 processor.cc:66] Processor thread stopped
I0509 13:03:08.084333 10836 processor.cc:67] Total number of processed batches: 0
I0509 13:03:08.111318 14140 processor.cc:74] No data in processing queue, waiting...
I0509 13:03:08.111318 13804 processor.cc:74] No data in processing queue, waiting...
I0509 13:03:08.111318   372 processor.cc:74] No data in processing queue, waiting...
I0509 13:03:08.111318 12192 processor.cc:74] No data in processing queue, waiting...
I0509 13:03:08.285209  2392 c_interface.cc:339] Disposing MasterComponent (id=2)...
I0509 13:03:16.717049  2392 c_interface.cc:271] Pass MasterModelConfig: topic_name_size=0, score_config_size=1, num_processors=0, pwt_name=pwt, nwt_name=nwt, num_document_passes=0, reuse_theta=no, cache_theta=no, opt_for_avx=yes, disk_cache_path= to ArtmCreateMasterModel
I0509 13:03:16.717049  2392 c_interface.cc:274] Creating MasterModel (id=6)...
I0509 13:03:16.717049  2392 c_interface.cc:375] Pass 436deee5-4e15-4003-af32-c1caf04303b2 to void (__cdecl artm::core::MasterComponent::*)(class std::basic_string<char,struct std::char_traits<char>,class std::allocator<char> > const & __ptr64) __ptr64
I0509 13:03:16.767019  2392 c_interface.cc:339] Disposing MasterComponent (id=4)...
I0509 13:03:16.767019  2392 c_interface.cc:375] Pass 16a2a04b-c589-4c4d-8e54-cc5f18b0d86a to void (__cdecl artm::core::MasterComponent::*)(class std::basic_string<char,struct std::char_traits<char>,class std::allocator<char> > const & __ptr64) __ptr64
I0509 13:03:16.767019  2392 c_interface.cc:389] Pass GatherDictionaryArgs: dictionary_target_name=16a2a04b-c589-4c4d-8e54-cc5f18b0d86a, data_path=lectures_batches, symmetric_cooc_values=0 to void (__cdecl artm::core::MasterComponent::*)(class artm::GatherDictionaryArgs const & __ptr64) __ptr64
I0509 13:03:16.770018  2392 dictionary_operations.cc:265] Found 18 batches in 'lectures_batches' folder
I0509 13:03:17.044862  2392 dictionary_operations.cc:331] Find 26866 unique tokens in 1728 items
I0509 13:03:17.130807  2392 dictionary_operations.cc:611] Dictionary name='16a2a04b-c589-4c4d-8e54-cc5f18b0d86a' contains entries: author:539; text:26327; 
I0509 13:03:17.300706  2392 c_interface.cc:375] Pass pwt to void (__cdecl artm::core::MasterComponent::*)(class std::basic_string<char,struct std::char_traits<char>,class std::allocator<char> > const & __ptr64) __ptr64
I0509 13:03:17.300706  2392 c_interface.cc:375] Pass nwt to void (__cdecl artm::core::MasterComponent::*)(class std::basic_string<char,struct std::char_traits<char>,class std::allocator<char> > const & __ptr64) __ptr64
I0509 13:03:17.301702  2392 c_interface.cc:389] Pass InitializeModelArgs: model_name=pwt, dictionary_name=16a2a04b-c589-4c4d-8e54-cc5f18b0d86a, topic_name_size=30, seed=-1 to void (__cdecl artm::core::MasterComponent::*)(class artm::InitializeModelArgs const & __ptr64) __ptr64
I0509 13:03:17.592526  2392 master_component.cc:663] InitializeModel() created matrix pwt with 30 topics and 26866 tokens; 
I0509 13:03:17.592526  2392 c_interface.cc:389] Pass InitializeModelArgs: model_name=nwt, dictionary_name=16a2a04b-c589-4c4d-8e54-cc5f18b0d86a, topic_name_size=30, seed=-1 to void (__cdecl artm::core::MasterComponent::*)(class artm::InitializeModelArgs const & __ptr64) __ptr64
I0509 13:03:17.867355  2392 master_component.cc:663] InitializeModel() created matrix nwt with 30 topics and 26866 tokens; 
I0509 13:03:17.867355  2392 c_interface.cc:231] ArtmCopyRequestedMessage is copying 309 bytes...
I0509 13:03:21.627055  2392 c_interface.cc:389] Pass MasterModelConfig: topic_name_size=30, score_config_size=2, num_processors=0, pwt_name=pwt, nwt_name=nwt, num_document_passes=1, reuse_theta=yes, cache_theta=yes, opt_for_avx=yes, disk_cache_path= to void (__cdecl artm::core::MasterComponent::*)(class artm::MasterModelConfig const & __ptr64) __ptr64
I0509 13:03:21.627055  2392 instance.cc:401] MasterModelConfig.processors_count is automatically set to 4
I0509 13:03:21.627055  2392 c_interface.cc:389] Pass MasterModelConfig: topic_name_size=30, score_config_size=3, num_processors=0, pwt_name=pwt, nwt_name=nwt, num_document_passes=1, reuse_theta=yes, cache_theta=yes, opt_for_avx=yes, disk_cache_path= to void (__cdecl artm::core::MasterComponent::*)(class artm::MasterModelConfig const & __ptr64) __ptr64
I0509 13:03:21.627055  2392 instance.cc:401] MasterModelConfig.processors_count is automatically set to 4
I0509 13:03:31.880782  2392 c_interface.cc:389] Pass MasterModelConfig: topic_name_size=30, score_config_size=3, num_processors=0, pwt_name=pwt, nwt_name=nwt, num_document_passes=1, regularizer=(SparsePhi:100000), reuse_theta=yes, cache_theta=yes, opt_for_avx=yes, disk_cache_path= to void (__cdecl artm::core::MasterComponent::*)(class artm::MasterModelConfig const & __ptr64) __ptr64
I0509 13:03:31.880782  2392 instance.cc:401] MasterModelConfig.processors_count is automatically set to 4
I0509 13:03:31.880782  2392 instance.cc:232] Regularizer 'SparsePhi' was cold-reconfigured
I0509 13:03:35.748414  2392 c_interface.cc:389] Pass FitOfflineMasterModelArgs, batch_filename_size=18, batch_weight_size=18, num_collection_passes=1, reset_nwt=yes to void (__cdecl artm::core::MasterComponent::*)(class artm::FitOfflineMasterModelArgs const & __ptr64) __ptr64
I0509 13:03:35.749414  2392 master_component.cc:1404] ProcessBatchesArgs: nwt_target_name=nwt, batch_filename_size=18, batch_size=0, batch_weight_size=18, pwt_source_name=pwt, num_document_passes=1, regularizer=(name:SparsePhi, tau:100000), reuse_theta=yes, opt_for_avx=yes, predict_class_id=, reset_nwt=yes
I0509 13:03:35.784390 13804 processor.cc:81] Processing queue has data, processing started
I0509 13:03:35.784390 12192 processor.cc:81] Processing queue has data, processing started
I0509 13:03:35.788389 13804 processor.cc:158] Processor: start processing batch 1742b0c3-ca23-4b00-9ca1-15dac4daabdb into model nwt
I0509 13:03:35.789389   372 processor.cc:81] Processing queue has data, processing started
I0509 13:03:35.789389 14140 processor.cc:81] Processing queue has data, processing started
I0509 13:03:35.794386 12192 processor.cc:158] Processor: start processing batch c53aaf86-0d6b-4ea0-ad6c-be795edc30aa into model nwt
I0509 13:03:35.798382 14140 processor.cc:158] Processor: start processing batch 691a5769-8774-4def-b4d0-e63061cbd397 into model nwt
I0509 13:03:35.801381   372 processor.cc:158] Processor: start processing batch c4e16636-6b75-47ab-8cb4-ff31d3bcf1f6 into model nwt
I0509 13:03:35.828366 13804 processor.cc:292] Processor: complete processing batch 1742b0c3-ca23-4b00-9ca1-15dac4daabdb into model nwt
I0509 13:03:35.829365 13804 cuckoo_watch.h:45] 45ms in ProcessBatch(lectures_batches\aaaaaa.batch) [including 4ms in LoadMessage; 0ms in FindReuseThetaCacheEntry; 9ms in InitializeTheta; 0ms in CreateRegularizerAgents; 2ms in InitializeSparseNdw; 13ms in InferThetaAndUpdateNwtSparse; 1ms in UpdateCacheEntry; 12ms in CalculateScore(^^^ItemsProcessedScore^^^); ]
I0509 13:03:35.843356 13804 processor.cc:158] Processor: start processing batch 169bc5da-29ad-4dd8-a583-ed3d6d48adbb into model nwt
I0509 13:03:35.860347 12192 processor.cc:292] Processor: complete processing batch c53aaf86-0d6b-4ea0-ad6c-be795edc30aa into model nwt
I0509 13:03:35.862344 12192 cuckoo_watch.h:45] 77ms in ProcessBatch(lectures_batches\aaaaab.batch) [including 10ms in LoadMessage; 0ms in FindReuseThetaCacheEntry; 5ms in InitializeTheta; 0ms in CreateRegularizerAgents; 3ms in InitializeSparseNdw; 31ms in InferThetaAndUpdateNwtSparse; 0ms in UpdateCacheEntry; 26ms in CalculateScore(^^^ItemsProcessedScore^^^); ]
I0509 13:03:35.869340 14140 processor.cc:292] Processor: complete processing batch 691a5769-8774-4def-b4d0-e63061cbd397 into model nwt
I0509 13:03:35.870342   372 processor.cc:292] Processor: complete processing batch c4e16636-6b75-47ab-8cb4-ff31d3bcf1f6 into model nwt
I0509 13:03:35.870342 14140 cuckoo_watch.h:45] 80ms in ProcessBatch(lectures_batches\aaaaad.batch) [including 8ms in LoadMessage; 0ms in FindReuseThetaCacheEntry; 0ms in InitializeTheta; 0ms in CreateRegularizerAgents; 4ms in InitializeSparseNdw; 41ms in InferThetaAndUpdateNwtSparse; 0ms in UpdateCacheEntry; 25ms in CalculateScore(^^^ItemsProcessedScore^^^); ]
I0509 13:03:35.871340   372 cuckoo_watch.h:45] 81ms in ProcessBatch(lectures_batches\aaaaac.batch) [including 11ms in LoadMessage; 0ms in FindReuseThetaCacheEntry; 0ms in InitializeTheta; 0ms in CreateRegularizerAgents; 3ms in InitializeSparseNdw; 37ms in InferThetaAndUpdateNwtSparse; 0ms in UpdateCacheEntry; 27ms in CalculateScore(^^^ItemsProcessedScore^^^); ]
I0509 13:03:35.873337 12192 processor.cc:158] Processor: start processing batch 734d717d-9067-410e-a1a6-06acadba673f into model nwt
I0509 13:03:35.880332   372 processor.cc:158] Processor: start processing batch add503ed-99d4-4382-8d2d-55bbb44f8657 into model nwt
I0509 13:03:35.880332 14140 processor.cc:158] Processor: start processing batch 7637d213-0de9-4b7e-9498-62d9c02c35ac into model nwt
I0509 13:03:35.897325 13804 processor.cc:292] Processor: complete processing batch 169bc5da-29ad-4dd8-a583-ed3d6d48adbb into model nwt
I0509 13:03:35.898322 13804 cuckoo_watch.h:45] 68ms in ProcessBatch(lectures_batches\aaaaae.batch) [including 13ms in LoadMessage; 0ms in FindReuseThetaCacheEntry; 0ms in InitializeTheta; 0ms in CreateRegularizerAgents; 2ms in InitializeSparseNdw; 24ms in InferThetaAndUpdateNwtSparse; 0ms in UpdateCacheEntry; 26ms in CalculateScore(^^^ItemsProcessedScore^^^); ]
I0509 13:03:35.905318 13804 processor.cc:158] Processor: start processing batch c688c967-9884-4f3b-91d8-409d8b70f02d into model nwt
I0509 13:03:35.934300 12192 processor.cc:292] Processor: complete processing batch 734d717d-9067-410e-a1a6-06acadba673f into model nwt
I0509 13:03:35.947293 12192 cuckoo_watch.h:45] 85ms in ProcessBatch(lectures_batches\aaaaaf.batch) [including 10ms in LoadMessage; 0ms in FindReuseThetaCacheEntry; 0ms in InitializeTheta; 0ms in CreateRegularizerAgents; 3ms in InitializeSparseNdw; 29ms in InferThetaAndUpdateNwtSparse; 0ms in UpdateCacheEntry; 27ms in CalculateScore(^^^ItemsProcessedScore^^^); ]
I0509 13:03:35.948292   372 processor.cc:292] Processor: complete processing batch add503ed-99d4-4382-8d2d-55bbb44f8657 into model nwt
I0509 13:03:35.950290   372 cuckoo_watch.h:45] 78ms in ProcessBatch(lectures_batches\aaaaah.batch) [including 8ms in LoadMessage; 0ms in FindReuseThetaCacheEntry; 0ms in InitializeTheta; 0ms in CreateRegularizerAgents; 3ms in InitializeSparseNdw; 34ms in InferThetaAndUpdateNwtSparse; 0ms in UpdateCacheEntry; 30ms in CalculateScore(^^^ItemsProcessedScore^^^); ]
I0509 13:03:35.960284 12192 processor.cc:158] Processor: start processing batch 5de608f1-5790-47ad-8631-2fd12c772365 into model nwt
I0509 13:03:35.963281 13804 processor.cc:292] Processor: complete processing batch c688c967-9884-4f3b-91d8-409d8b70f02d into model nwt
I0509 13:03:35.964282 13804 cuckoo_watch.h:45] 66ms in ProcessBatch(lectures_batches\aaaaai.batch) [including 6ms in LoadMessage; 0ms in FindReuseThetaCacheEntry; 0ms in InitializeTheta; 0ms in CreateRegularizerAgents; 3ms in InitializeSparseNdw; 27ms in InferThetaAndUpdateNwtSparse; 0ms in UpdateCacheEntry; 26ms in CalculateScore(^^^ItemsProcessedScore^^^); ]
I0509 13:03:35.969278 14140 processor.cc:292] Processor: complete processing batch 7637d213-0de9-4b7e-9498-62d9c02c35ac into model nwt
I0509 13:03:35.971276 14140 cuckoo_watch.h:45] 100ms in ProcessBatch(lectures_batches\aaaaag.batch) [including 10ms in LoadMessage; 0ms in FindReuseThetaCacheEntry; 0ms in InitializeTheta; 0ms in CreateRegularizerAgents; 4ms in InitializeSparseNdw; 42ms in InferThetaAndUpdateNwtSparse; 0ms in UpdateCacheEntry; 41ms in CalculateScore(^^^ItemsProcessedScore^^^); ]
I0509 13:03:35.974275   372 processor.cc:158] Processor: start processing batch 9e32f5b4-de73-482d-9909-45a65f8ee3e5 into model nwt
I0509 13:03:35.990267 13804 processor.cc:158] Processor: start processing batch ca1d14a0-f2cb-4914-a796-ea358f19b02d into model nwt
I0509 13:03:35.998261 14140 processor.cc:158] Processor: start processing batch 8fabee25-c41a-4398-946b-9ca4961fa577 into model nwt
I0509 13:03:36.104197 12192 processor.cc:292] Processor: complete processing batch 5de608f1-5790-47ad-8631-2fd12c772365 into model nwt
I0509 13:03:36.106195 12192 cuckoo_watch.h:45] 158ms in ProcessBatch(lectures_batches\aaaaaj.batch) [including 12ms in LoadMessage; 0ms in FindReuseThetaCacheEntry; 0ms in InitializeTheta; 0ms in CreateRegularizerAgents; 11ms in InitializeSparseNdw; 64ms in InferThetaAndUpdateNwtSparse; 0ms in UpdateCacheEntry; 67ms in CalculateScore(^^^ItemsProcessedScore^^^); ]
I0509 13:03:36.132179 12192 processor.cc:158] Processor: start processing batch 09eddd4b-823f-4375-b9e4-5deaaa56d9c1 into model nwt
I0509 13:03:36.225121   372 processor.cc:292] Processor: complete processing batch 9e32f5b4-de73-482d-9909-45a65f8ee3e5 into model nwt
I0509 13:03:36.228121   372 cuckoo_watch.h:45] 278ms in ProcessBatch(lectures_batches\aaaaak.batch) [including 24ms in LoadMessage; 0ms in FindReuseThetaCacheEntry; 0ms in InitializeTheta; 0ms in CreateRegularizerAgents; 26ms in InitializeSparseNdw; 105ms in InferThetaAndUpdateNwtSparse; 0ms in UpdateCacheEntry; 117ms in CalculateScore(^^^ItemsProcessedScore^^^); ]
I0509 13:03:36.230119 13804 processor.cc:292] Processor: complete processing batch ca1d14a0-f2cb-4914-a796-ea358f19b02d into model nwt
I0509 13:03:36.232117 13804 cuckoo_watch.h:45] 267ms in ProcessBatch(lectures_batches\aaaaal.batch) [including 25ms in LoadMessage; 0ms in FindReuseThetaCacheEntry; 0ms in InitializeTheta; 0ms in CreateRegularizerAgents; 17ms in InitializeSparseNdw; 102ms in InferThetaAndUpdateNwtSparse; 0ms in UpdateCacheEntry; 119ms in CalculateScore(^^^ItemsProcessedScore^^^); ]
I0509 13:03:36.238114 14140 processor.cc:292] Processor: complete processing batch 8fabee25-c41a-4398-946b-9ca4961fa577 into model nwt
I0509 13:03:36.244110 14140 cuckoo_watch.h:45] 272ms in ProcessBatch(lectures_batches\aaaaam.batch) [including 26ms in LoadMessage; 0ms in FindReuseThetaCacheEntry; 0ms in InitializeTheta; 0ms in CreateRegularizerAgents; 18ms in InitializeSparseNdw; 95ms in InferThetaAndUpdateNwtSparse; 1ms in UpdateCacheEntry; 123ms in CalculateScore(^^^ItemsProcessedScore^^^); ]
I0509 13:03:36.249106   372 processor.cc:158] Processor: start processing batch 7879b947-2b1b-4d3c-b1e3-5efbc7751966 into model nwt
I0509 13:03:36.250106 14140 processor.cc:158] Processor: start processing batch 5ad8be69-2987-47b5-9810-15ff90c19d91 into model nwt
I0509 13:03:36.253105 13804 processor.cc:158] Processor: start processing batch 64a4b85a-7716-4117-a8b9-28caa8b92a0c into model nwt
I0509 13:03:36.284087 14140 processor.cc:292] Processor: complete processing batch 5ad8be69-2987-47b5-9810-15ff90c19d91 into model nwt
I0509 13:03:36.285087 14140 cuckoo_watch.h:45] 40ms in ProcessBatch(lectures_batches\aaaaaq.batch) [including 5ms in LoadMessage; 0ms in FindReuseThetaCacheEntry; 0ms in InitializeTheta; 0ms in CreateRegularizerAgents; 1ms in InitializeSparseNdw; 17ms in InferThetaAndUpdateNwtSparse; 0ms in UpdateCacheEntry; 15ms in CalculateScore(^^^ItemsProcessedScore^^^); ]
I0509 13:03:36.286084 14140 processor.cc:158] Processor: start processing batch 5a3c6a8e-1f8f-4bce-af2d-129629f2d530 into model nwt
I0509 13:03:36.293082 14140 processor.cc:292] Processor: complete processing batch 5a3c6a8e-1f8f-4bce-af2d-129629f2d530 into model nwt
I0509 13:03:36.294085 14140 cuckoo_watch.h:45] 8ms in ProcessBatch(lectures_batches\aaaaar.batch) [including 1ms in LoadMessage; 0ms in FindReuseThetaCacheEntry; 0ms in InitializeTheta; 0ms in CreateRegularizerAgents; 0ms in InitializeSparseNdw; 3ms in InferThetaAndUpdateNwtSparse; 0ms in UpdateCacheEntry; 2ms in CalculateScore(^^^ItemsProcessedScore^^^); ]
I0509 13:03:36.330058 14140 processor.cc:74] No data in processing queue, waiting...
I0509 13:03:36.335055 12192 processor.cc:292] Processor: complete processing batch 09eddd4b-823f-4375-b9e4-5deaaa56d9c1 into model nwt
I0509 13:03:36.340052 12192 cuckoo_watch.h:45] 234ms in ProcessBatch(lectures_batches\aaaaan.batch) [including 26ms in LoadMessage; 0ms in FindReuseThetaCacheEntry; 0ms in InitializeTheta; 0ms in CreateRegularizerAgents; 14ms in InitializeSparseNdw; 85ms in InferThetaAndUpdateNwtSparse; 0ms in UpdateCacheEntry; 101ms in CalculateScore(^^^ItemsProcessedScore^^^); ]
I0509 13:03:36.374032 13804 processor.cc:292] Processor: complete processing batch 64a4b85a-7716-4117-a8b9-28caa8b92a0c into model nwt
I0509 13:03:36.375031 12192 processor.cc:74] No data in processing queue, waiting...
I0509 13:03:36.376030 13804 cuckoo_watch.h:45] 143ms in ProcessBatch(lectures_batches\aaaaap.batch) [including 20ms in LoadMessage; 0ms in FindReuseThetaCacheEntry; 0ms in InitializeTheta; 0ms in CreateRegularizerAgents; 10ms in InitializeSparseNdw; 57ms in InferThetaAndUpdateNwtSparse; 0ms in UpdateCacheEntry; 52ms in CalculateScore(^^^ItemsProcessedScore^^^); ]
I0509 13:03:36.383230   372 processor.cc:292] Processor: complete processing batch 7879b947-2b1b-4d3c-b1e3-5efbc7751966 into model nwt
I0509 13:03:36.384230   372 cuckoo_watch.h:45] 156ms in ProcessBatch(lectures_batches\aaaaao.batch) [including 20ms in LoadMessage; 0ms in FindReuseThetaCacheEntry; 0ms in InitializeTheta; 0ms in CreateRegularizerAgents; 13ms in InitializeSparseNdw; 66ms in InferThetaAndUpdateNwtSparse; 0ms in UpdateCacheEntry; 54ms in CalculateScore(^^^ItemsProcessedScore^^^); ]
I0509 13:03:36.386229  2392 master_component.cc:1442] RegularizeModelArgs: rwt_target_name=rwt, pwt_source_name=pwt, nwt_source_name=nwt
I0509 13:03:36.386229  2392 master_component.cc:975] MasterComponent: start regularizing model pwt
I0509 13:03:36.406227 13804 processor.cc:74] No data in processing queue, waiting...
I0509 13:03:36.416224   372 processor.cc:74] No data in processing queue, waiting...
I0509 13:03:36.619175  2392 master_component.cc:1001] MasterComponent: complete regularizing model pwt
I0509 13:03:36.619175  2392 master_component.cc:1455] NormalizeModelArgs: pwt_target_name=pwt, nwt_source_name=nwt, rwt_source_name=rwt
I0509 13:03:36.619175  2392 master_component.cc:1005] MasterComponent: start normalizing model nwt
I0509 13:03:36.753182  2392 master_component.cc:1033] MasterComponent: complete normalizing model nwt
I0509 13:03:36.943682  2392 master_component.cc:1479] DisposeModel rwt
I0509 13:03:36.968685  2392 master_component.cc:1058] FitOffline: ItemsProcessed, num_items=1728, num_batches=18, token_weight=808522, token_weight_in_effect=808522
I0509 13:03:36.969666  2392 c_interface.cc:389] Pass FitOfflineMasterModelArgs, batch_filename_size=18, batch_weight_size=18, num_collection_passes=1, reset_nwt=yes to void (__cdecl artm::core::MasterComponent::*)(class artm::FitOfflineMasterModelArgs const & __ptr64) __ptr64
I0509 13:03:36.969666  2392 master_component.cc:1404] ProcessBatchesArgs: nwt_target_name=nwt, batch_filename_size=18, batch_size=0, batch_weight_size=18, pwt_source_name=pwt, num_document_passes=1, regularizer=(name:SparsePhi, tau:100000), reuse_theta=yes, opt_for_avx=yes, predict_class_id=, reset_nwt=yes
I0509 13:03:36.995648 14140 processor.cc:81] Processing queue has data, processing started
I0509 13:03:36.995648 13804 processor.cc:81] Processing queue has data, processing started
I0509 13:03:36.998648 13804 processor.cc:158] Processor: start processing batch 1742b0c3-ca23-4b00-9ca1-15dac4daabdb into model nwt
I0509 13:03:36.999647 12192 processor.cc:81] Processing queue has data, processing started
I0509 13:03:36.999647   372 processor.cc:81] Processing queue has data, processing started
I0509 13:03:37.001646 14140 processor.cc:158] Processor: start processing batch c53aaf86-0d6b-4ea0-ad6c-be795edc30aa into model nwt
I0509 13:03:37.006644 12192 processor.cc:158] Processor: start processing batch 691a5769-8774-4def-b4d0-e63061cbd397 into model nwt
I0509 13:03:37.006644   372 processor.cc:158] Processor: start processing batch c4e16636-6b75-47ab-8cb4-ff31d3bcf1f6 into model nwt
I0509 13:03:37.029629 13804 processor.cc:292] Processor: complete processing batch 1742b0c3-ca23-4b00-9ca1-15dac4daabdb into model nwt
I0509 13:03:37.030630 13804 cuckoo_watch.h:45] 34ms in ProcessBatch(lectures_batches\aaaaaa.batch) [including 3ms in LoadMessage; 0ms in FindReuseThetaCacheEntry; 0ms in InitializeTheta; 0ms in CreateRegularizerAgents; 1ms in InitializeSparseNdw; 18ms in InferThetaAndUpdateNwtSparse; 0ms in UpdateCacheEntry; 10ms in CalculateScore(^^^ItemsProcessedScore^^^); ]
I0509 13:03:37.036626 13804 processor.cc:158] Processor: start processing batch 169bc5da-29ad-4dd8-a583-ed3d6d48adbb into model nwt
I0509 13:03:37.060611 14140 processor.cc:292] Processor: complete processing batch c53aaf86-0d6b-4ea0-ad6c-be795edc30aa into model nwt
I0509 13:03:37.062610 14140 cuckoo_watch.h:45] 67ms in ProcessBatch(lectures_batches\aaaaab.batch) [including 6ms in LoadMessage; 0ms in FindReuseThetaCacheEntry; 0ms in InitializeTheta; 0ms in CreateRegularizerAgents; 3ms in InitializeSparseNdw; 27ms in InferThetaAndUpdateNwtSparse; 0ms in UpdateCacheEntry; 27ms in CalculateScore(^^^ItemsProcessedScore^^^); ]
I0509 13:03:37.062610   372 processor.cc:292] Processor: complete processing batch c4e16636-6b75-47ab-8cb4-ff31d3bcf1f6 into model nwt
I0509 13:03:37.063611   372 cuckoo_watch.h:45] 64ms in ProcessBatch(lectures_batches\aaaaac.batch) [including 7ms in LoadMessage; 0ms in FindReuseThetaCacheEntry; 0ms in InitializeTheta; 0ms in CreateRegularizerAgents; 3ms in InitializeSparseNdw; 25ms in InferThetaAndUpdateNwtSparse; 0ms in UpdateCacheEntry; 25ms in CalculateScore(^^^ItemsProcessedScore^^^); ]
I0509 13:03:37.071602 14140 processor.cc:158] Processor: start processing batch 734d717d-9067-410e-a1a6-06acadba673f into model nwt
I0509 13:03:37.072602   372 processor.cc:158] Processor: start processing batch 7637d213-0de9-4b7e-9498-62d9c02c35ac into model nwt
I0509 13:03:37.072602 12192 processor.cc:292] Processor: complete processing batch 691a5769-8774-4def-b4d0-e63061cbd397 into model nwt
I0509 13:03:37.073603 12192 cuckoo_watch.h:45] 74ms in ProcessBatch(lectures_batches\aaaaad.batch) [including 7ms in LoadMessage; 0ms in FindReuseThetaCacheEntry; 0ms in InitializeTheta; 0ms in CreateRegularizerAgents; 3ms in InitializeSparseNdw; 34ms in InferThetaAndUpdateNwtSparse; 0ms in UpdateCacheEntry; 28ms in CalculateScore(^^^ItemsProcessedScore^^^); ]
I0509 13:03:37.082597 12192 processor.cc:158] Processor: start processing batch add503ed-99d4-4382-8d2d-55bbb44f8657 into model nwt
I0509 13:03:37.087595 13804 processor.cc:292] Processor: complete processing batch 169bc5da-29ad-4dd8-a583-ed3d6d48adbb into model nwt
I0509 13:03:37.089594 13804 cuckoo_watch.h:45] 58ms in ProcessBatch(lectures_batches\aaaaae.batch) [including 6ms in LoadMessage; 0ms in FindReuseThetaCacheEntry; 0ms in InitializeTheta; 0ms in CreateRegularizerAgents; 5ms in InitializeSparseNdw; 21ms in InferThetaAndUpdateNwtSparse; 0ms in UpdateCacheEntry; 24ms in CalculateScore(^^^ItemsProcessedScore^^^); ]
I0509 13:03:37.096590 13804 processor.cc:158] Processor: start processing batch c688c967-9884-4f3b-91d8-409d8b70f02d into model nwt
I0509 13:03:37.133565 14140 processor.cc:292] Processor: complete processing batch 734d717d-9067-410e-a1a6-06acadba673f into model nwt
I0509 13:03:37.135565 14140 cuckoo_watch.h:45] 72ms in ProcessBatch(lectures_batches\aaaaaf.batch) [including 8ms in LoadMessage; 0ms in FindReuseThetaCacheEntry; 0ms in InitializeTheta; 0ms in CreateRegularizerAgents; 2ms in InitializeSparseNdw; 28ms in InferThetaAndUpdateNwtSparse; 0ms in UpdateCacheEntry; 30ms in CalculateScore(^^^ItemsProcessedScore^^^); ]
I0509 13:03:37.150555 14140 processor.cc:158] Processor: start processing batch 5de608f1-5790-47ad-8631-2fd12c772365 into model nwt
I0509 13:03:37.151556 12192 processor.cc:292] Processor: complete processing batch add503ed-99d4-4382-8d2d-55bbb44f8657 into model nwt
I0509 13:03:37.152555 12192 cuckoo_watch.h:45] 78ms in ProcessBatch(lectures_batches\aaaaah.batch) [including 7ms in LoadMessage; 0ms in FindReuseThetaCacheEntry; 0ms in InitializeTheta; 0ms in CreateRegularizerAgents; 3ms in InitializeSparseNdw; 31ms in InferThetaAndUpdateNwtSparse; 0ms in UpdateCacheEntry; 33ms in CalculateScore(^^^ItemsProcessedScore^^^); ]
I0509 13:03:37.153554 13804 processor.cc:292] Processor: complete processing batch c688c967-9884-4f3b-91d8-409d8b70f02d into model nwt
I0509 13:03:37.154554 13804 cuckoo_watch.h:45] 65ms in ProcessBatch(lectures_batches\aaaaai.batch) [including 6ms in LoadMessage; 0ms in FindReuseThetaCacheEntry; 0ms in InitializeTheta; 0ms in CreateRegularizerAgents; 2ms in InitializeSparseNdw; 25ms in InferThetaAndUpdateNwtSparse; 0ms in UpdateCacheEntry; 28ms in CalculateScore(^^^ItemsProcessedScore^^^); ]
I0509 13:03:37.157552   372 processor.cc:292] Processor: complete processing batch 7637d213-0de9-4b7e-9498-62d9c02c35ac into model nwt
I0509 13:03:37.158551   372 cuckoo_watch.h:45] 95ms in ProcessBatch(lectures_batches\aaaaag.batch) [including 9ms in LoadMessage; 0ms in FindReuseThetaCacheEntry; 0ms in InitializeTheta; 0ms in CreateRegularizerAgents; 5ms in InitializeSparseNdw; 39ms in InferThetaAndUpdateNwtSparse; 0ms in UpdateCacheEntry; 38ms in CalculateScore(^^^ItemsProcessedScore^^^); ]
I0509 13:03:37.179538 12192 processor.cc:158] Processor: start processing batch 9e32f5b4-de73-482d-9909-45a65f8ee3e5 into model nwt
I0509 13:03:37.181536 13804 processor.cc:158] Processor: start processing batch ca1d14a0-f2cb-4914-a796-ea358f19b02d into model nwt
I0509 13:03:37.188531   372 processor.cc:158] Processor: start processing batch 8fabee25-c41a-4398-946b-9ca4961fa577 into model nwt
I0509 13:03:37.286473 14140 processor.cc:292] Processor: complete processing batch 5de608f1-5790-47ad-8631-2fd12c772365 into model nwt
I0509 13:03:37.287472 14140 cuckoo_watch.h:45] 152ms in ProcessBatch(lectures_batches\aaaaaj.batch) [including 15ms in LoadMessage; 0ms in FindReuseThetaCacheEntry; 0ms in InitializeTheta; 0ms in CreateRegularizerAgents; 7ms in InitializeSparseNdw; 56ms in InferThetaAndUpdateNwtSparse; 0ms in UpdateCacheEntry; 70ms in CalculateScore(^^^ItemsProcessedScore^^^); ]
I0509 13:03:37.308459 14140 processor.cc:158] Processor: start processing batch 09eddd4b-823f-4375-b9e4-5deaaa56d9c1 into model nwt
I0509 13:03:37.411397 12192 processor.cc:292] Processor: complete processing batch 9e32f5b4-de73-482d-9909-45a65f8ee3e5 into model nwt
I0509 13:03:37.414396 12192 cuckoo_watch.h:45] 261ms in ProcessBatch(lectures_batches\aaaaak.batch) [including 26ms in LoadMessage; 0ms in FindReuseThetaCacheEntry; 0ms in InitializeTheta; 0ms in CreateRegularizerAgents; 17ms in InitializeSparseNdw; 94ms in InferThetaAndUpdateNwtSparse; 0ms in UpdateCacheEntry; 119ms in CalculateScore(^^^ItemsProcessedScore^^^); ]
I0509 13:03:37.415396 13804 processor.cc:292] Processor: complete processing batch ca1d14a0-f2cb-4914-a796-ea358f19b02d into model nwt
I0509 13:03:37.418392 13804 cuckoo_watch.h:45] 263ms in ProcessBatch(lectures_batches\aaaaal.batch) [including 26ms in LoadMessage; 0ms in FindReuseThetaCacheEntry; 0ms in InitializeTheta; 0ms in CreateRegularizerAgents; 19ms in InitializeSparseNdw; 100ms in InferThetaAndUpdateNwtSparse; 0ms in UpdateCacheEntry; 112ms in CalculateScore(^^^ItemsProcessedScore^^^); ]
I0509 13:03:37.431383 12192 processor.cc:158] Processor: start processing batch 7879b947-2b1b-4d3c-b1e3-5efbc7751966 into model nwt
I0509 13:03:37.434382   372 processor.cc:292] Processor: complete processing batch 8fabee25-c41a-4398-946b-9ca4961fa577 into model nwt
I0509 13:03:37.434382 13804 processor.cc:158] Processor: start processing batch 64a4b85a-7716-4117-a8b9-28caa8b92a0c into model nwt
I0509 13:03:37.440378   372 cuckoo_watch.h:45] 280ms in ProcessBatch(lectures_batches\aaaaam.batch) [including 29ms in LoadMessage; 0ms in FindReuseThetaCacheEntry; 0ms in InitializeTheta; 0ms in CreateRegularizerAgents; 17ms in InitializeSparseNdw; 99ms in InferThetaAndUpdateNwtSparse; 0ms in UpdateCacheEntry; 128ms in CalculateScore(^^^ItemsProcessedScore^^^); ]
I0509 13:03:37.447374   372 processor.cc:158] Processor: start processing batch 5ad8be69-2987-47b5-9810-15ff90c19d91 into model nwt
I0509 13:03:37.486351   372 processor.cc:292] Processor: complete processing batch 5ad8be69-2987-47b5-9810-15ff90c19d91 into model nwt
I0509 13:03:37.487350   372 cuckoo_watch.h:45] 47ms in ProcessBatch(lectures_batches\aaaaaq.batch) [including 6ms in LoadMessage; 0ms in FindReuseThetaCacheEntry; 0ms in InitializeTheta; 0ms in CreateRegularizerAgents; 2ms in InitializeSparseNdw; 17ms in InferThetaAndUpdateNwtSparse; 0ms in UpdateCacheEntry; 18ms in CalculateScore(^^^ItemsProcessedScore^^^); ]
I0509 13:03:37.489351   372 processor.cc:158] Processor: start processing batch 5a3c6a8e-1f8f-4bce-af2d-129629f2d530 into model nwt
I0509 13:03:37.497344   372 processor.cc:292] Processor: complete processing batch 5a3c6a8e-1f8f-4bce-af2d-129629f2d530 into model nwt
I0509 13:03:37.497344   372 cuckoo_watch.h:45] 9ms in ProcessBatch(lectures_batches\aaaaar.batch) [including 1ms in LoadMessage; 0ms in FindReuseThetaCacheEntry; 0ms in InitializeTheta; 0ms in CreateRegularizerAgents; 0ms in InitializeSparseNdw; 4ms in InferThetaAndUpdateNwtSparse; 0ms in UpdateCacheEntry; 3ms in CalculateScore(^^^ItemsProcessedScore^^^); ]
I0509 13:03:37.512336 14140 processor.cc:292] Processor: complete processing batch 09eddd4b-823f-4375-b9e4-5deaaa56d9c1 into model nwt
I0509 13:03:37.515331 14140 cuckoo_watch.h:45] 226ms in ProcessBatch(lectures_batches\aaaaan.batch) [including 20ms in LoadMessage; 0ms in FindReuseThetaCacheEntry; 0ms in InitializeTheta; 0ms in CreateRegularizerAgents; 12ms in InitializeSparseNdw; 81ms in InferThetaAndUpdateNwtSparse; 0ms in UpdateCacheEntry; 109ms in CalculateScore(^^^ItemsProcessedScore^^^); ]
I0509 13:03:37.534320   372 processor.cc:74] No data in processing queue, waiting...
I0509 13:03:37.546314 14140 processor.cc:74] No data in processing queue, waiting...
I0509 13:03:37.566301 13804 processor.cc:292] Processor: complete processing batch 64a4b85a-7716-4117-a8b9-28caa8b92a0c into model nwt
I0509 13:03:37.568301 13804 cuckoo_watch.h:45] 149ms in ProcessBatch(lectures_batches\aaaaap.batch) [including 16ms in LoadMessage; 0ms in FindReuseThetaCacheEntry; 0ms in InitializeTheta; 0ms in CreateRegularizerAgents; 12ms in InitializeSparseNdw; 65ms in InferThetaAndUpdateNwtSparse; 0ms in UpdateCacheEntry; 53ms in CalculateScore(^^^ItemsProcessedScore^^^); ]
I0509 13:03:37.570299 12192 processor.cc:292] Processor: complete processing batch 7879b947-2b1b-4d3c-b1e3-5efbc7751966 into model nwt
I0509 13:03:37.572297 12192 cuckoo_watch.h:45] 157ms in ProcessBatch(lectures_batches\aaaaao.batch) [including 16ms in LoadMessage; 0ms in FindReuseThetaCacheEntry; 0ms in InitializeTheta; 0ms in CreateRegularizerAgents; 14ms in InitializeSparseNdw; 67ms in InferThetaAndUpdateNwtSparse; 0ms in UpdateCacheEntry; 55ms in CalculateScore(^^^ItemsProcessedScore^^^); ]
I0509 13:03:37.574296  2392 master_component.cc:1442] RegularizeModelArgs: rwt_target_name=rwt, pwt_source_name=pwt, nwt_source_name=nwt
I0509 13:03:37.574296  2392 master_component.cc:975] MasterComponent: start regularizing model pwt
I0509 13:03:37.602216 13804 processor.cc:74] No data in processing queue, waiting...
I0509 13:03:37.609220 12192 processor.cc:74] No data in processing queue, waiting...
I0509 13:03:37.811094  2392 master_component.cc:1001] MasterComponent: complete regularizing model pwt
I0509 13:03:37.811094  2392 master_component.cc:1455] NormalizeModelArgs: pwt_target_name=pwt, nwt_source_name=nwt, rwt_source_name=rwt
I0509 13:03:37.811094  2392 master_component.cc:1005] MasterComponent: start normalizing model nwt
I0509 13:03:37.942020  2392 master_component.cc:1033] MasterComponent: complete normalizing model nwt
I0509 13:03:38.119912  2392 master_component.cc:1479] DisposeModel rwt
I0509 13:03:38.133904  2392 master_component.cc:1058] FitOffline: ItemsProcessed, num_items=1728, num_batches=18, token_weight=808522, token_weight_in_effect=808522
I0509 13:03:38.134904  2392 c_interface.cc:389] Pass FitOfflineMasterModelArgs, batch_filename_size=18, batch_weight_size=18, num_collection_passes=1, reset_nwt=yes to void (__cdecl artm::core::MasterComponent::*)(class artm::FitOfflineMasterModelArgs const & __ptr64) __ptr64
I0509 13:03:38.134904  2392 master_component.cc:1404] ProcessBatchesArgs: nwt_target_name=nwt, batch_filename_size=18, batch_size=0, batch_weight_size=18, pwt_source_name=pwt, num_document_passes=1, regularizer=(name:SparsePhi, tau:100000), reuse_theta=yes, opt_for_avx=yes, predict_class_id=, reset_nwt=yes
I0509 13:03:38.160888 13804 processor.cc:81] Processing queue has data, processing started
I0509 13:03:38.160888 12192 processor.cc:81] Processing queue has data, processing started
I0509 13:03:38.162887 14140 processor.cc:81] Processing queue has data, processing started
I0509 13:03:38.164885 13804 processor.cc:158] Processor: start processing batch 1742b0c3-ca23-4b00-9ca1-15dac4daabdb into model nwt
I0509 13:03:38.167883 12192 processor.cc:158] Processor: start processing batch c53aaf86-0d6b-4ea0-ad6c-be795edc30aa into model nwt
I0509 13:03:38.169883   372 processor.cc:81] Processing queue has data, processing started
I0509 13:03:38.171882 14140 processor.cc:158] Processor: start processing batch c4e16636-6b75-47ab-8cb4-ff31d3bcf1f6 into model nwt
I0509 13:03:38.177878   372 processor.cc:158] Processor: start processing batch 691a5769-8774-4def-b4d0-e63061cbd397 into model nwt
I0509 13:03:38.199863 13804 processor.cc:292] Processor: complete processing batch 1742b0c3-ca23-4b00-9ca1-15dac4daabdb into model nwt
I0509 13:03:38.200863 13804 cuckoo_watch.h:45] 40ms in ProcessBatch(lectures_batches\aaaaaa.batch) [including 4ms in LoadMessage; 0ms in FindReuseThetaCacheEntry; 0ms in InitializeTheta; 0ms in CreateRegularizerAgents; 1ms in InitializeSparseNdw; 22ms in InferThetaAndUpdateNwtSparse; 0ms in UpdateCacheEntry; 10ms in CalculateScore(^^^ItemsProcessedScore^^^); ]
I0509 13:03:38.208859 13804 processor.cc:158] Processor: start processing batch 169bc5da-29ad-4dd8-a583-ed3d6d48adbb into model nwt
I0509 13:03:38.218852 12192 processor.cc:292] Processor: complete processing batch c53aaf86-0d6b-4ea0-ad6c-be795edc30aa into model nwt
I0509 13:03:38.220852 12192 cuckoo_watch.h:45] 59ms in ProcessBatch(lectures_batches\aaaaab.batch) [including 7ms in LoadMessage; 0ms in FindReuseThetaCacheEntry; 0ms in InitializeTheta; 0ms in CreateRegularizerAgents; 3ms in InitializeSparseNdw; 24ms in InferThetaAndUpdateNwtSparse; 0ms in UpdateCacheEntry; 23ms in CalculateScore(^^^ItemsProcessedScore^^^); ]
I0509 13:03:38.227847 12192 processor.cc:158] Processor: start processing batch 734d717d-9067-410e-a1a6-06acadba673f into model nwt
I0509 13:03:38.232844 14140 processor.cc:292] Processor: complete processing batch c4e16636-6b75-47ab-8cb4-ff31d3bcf1f6 into model nwt
I0509 13:03:38.234844 14140 cuckoo_watch.h:45] 71ms in ProcessBatch(lectures_batches\aaaaac.batch) [including 9ms in LoadMessage; 0ms in FindReuseThetaCacheEntry; 0ms in InitializeTheta; 0ms in CreateRegularizerAgents; 3ms in InitializeSparseNdw; 28ms in InferThetaAndUpdateNwtSparse; 0ms in UpdateCacheEntry; 28ms in CalculateScore(^^^ItemsProcessedScore^^^); ]
I0509 13:03:38.237841   372 processor.cc:292] Processor: complete processing batch 691a5769-8774-4def-b4d0-e63061cbd397 into model nwt
I0509 13:03:38.238842   372 cuckoo_watch.h:45] 69ms in ProcessBatch(lectures_batches\aaaaad.batch) [including 8ms in LoadMessage; 0ms in FindReuseThetaCacheEntry; 0ms in InitializeTheta; 0ms in CreateRegularizerAgents; 2ms in InitializeSparseNdw; 27ms in InferThetaAndUpdateNwtSparse; 0ms in UpdateCacheEntry; 28ms in CalculateScore(^^^ItemsProcessedScore^^^); ]
I0509 13:03:38.243839 14140 processor.cc:158] Processor: start processing batch 7637d213-0de9-4b7e-9498-62d9c02c35ac into model nwt
I0509 13:03:38.248834   372 processor.cc:158] Processor: start processing batch add503ed-99d4-4382-8d2d-55bbb44f8657 into model nwt
I0509 13:03:38.267823 13804 processor.cc:292] Processor: complete processing batch 169bc5da-29ad-4dd8-a583-ed3d6d48adbb into model nwt
I0509 13:03:38.269825 13804 cuckoo_watch.h:45] 68ms in ProcessBatch(lectures_batches\aaaaae.batch) [including 8ms in LoadMessage; 0ms in FindReuseThetaCacheEntry; 0ms in InitializeTheta; 0ms in CreateRegularizerAgents; 2ms in InitializeSparseNdw; 23ms in InferThetaAndUpdateNwtSparse; 0ms in UpdateCacheEntry; 32ms in CalculateScore(^^^ItemsProcessedScore^^^); ]
I0509 13:03:38.276818 13804 processor.cc:158] Processor: start processing batch c688c967-9884-4f3b-91d8-409d8b70f02d into model nwt
I0509 13:03:38.287820 12192 processor.cc:292] Processor: complete processing batch 734d717d-9067-410e-a1a6-06acadba673f into model nwt
I0509 13:03:38.288812 12192 cuckoo_watch.h:45] 68ms in ProcessBatch(lectures_batches\aaaaaf.batch) [including 6ms in LoadMessage; 0ms in FindReuseThetaCacheEntry; 0ms in InitializeTheta; 0ms in CreateRegularizerAgents; 2ms in InitializeSparseNdw; 27ms in InferThetaAndUpdateNwtSparse; 0ms in UpdateCacheEntry; 28ms in CalculateScore(^^^ItemsProcessedScore^^^); ]
I0509 13:03:38.301802 12192 processor.cc:158] Processor: start processing batch 5de608f1-5790-47ad-8631-2fd12c772365 into model nwt
I0509 13:03:38.314795   372 processor.cc:292] Processor: complete processing batch add503ed-99d4-4382-8d2d-55bbb44f8657 into model nwt
I0509 13:03:38.315795   372 cuckoo_watch.h:45] 76ms in ProcessBatch(lectures_batches\aaaaah.batch) [including 9ms in LoadMessage; 0ms in FindReuseThetaCacheEntry; 0ms in InitializeTheta; 0ms in CreateRegularizerAgents; 3ms in InitializeSparseNdw; 31ms in InferThetaAndUpdateNwtSparse; 0ms in UpdateCacheEntry; 30ms in CalculateScore(^^^ItemsProcessedScore^^^); ]
I0509 13:03:38.324789 14140 processor.cc:292] Processor: complete processing batch 7637d213-0de9-4b7e-9498-62d9c02c35ac into model nwt
I0509 13:03:38.326788 14140 cuckoo_watch.h:45] 92ms in ProcessBatch(lectures_batches\aaaaag.batch) [including 8ms in LoadMessage; 0ms in FindReuseThetaCacheEntry; 0ms in InitializeTheta; 0ms in CreateRegularizerAgents; 4ms in InitializeSparseNdw; 36ms in InferThetaAndUpdateNwtSparse; 0ms in UpdateCacheEntry; 39ms in CalculateScore(^^^ItemsProcessedScore^^^); ]
I0509 13:03:38.341289 13804 processor.cc:292] Processor: complete processing batch c688c967-9884-4f3b-91d8-409d8b70f02d into model nwt
I0509 13:03:38.342288 13804 cuckoo_watch.h:45] 72ms in ProcessBatch(lectures_batches\aaaaai.batch) [including 6ms in LoadMessage; 0ms in FindReuseThetaCacheEntry; 0ms in InitializeTheta; 0ms in CreateRegularizerAgents; 2ms in InitializeSparseNdw; 30ms in InferThetaAndUpdateNwtSparse; 0ms in UpdateCacheEntry; 30ms in CalculateScore(^^^ItemsProcessedScore^^^); ]
I0509 13:03:38.343286   372 processor.cc:158] Processor: start processing batch 9e32f5b4-de73-482d-9909-45a65f8ee3e5 into model nwt
I0509 13:03:38.349283 14140 processor.cc:158] Processor: start processing batch ca1d14a0-f2cb-4914-a796-ea358f19b02d into model nwt
I0509 13:03:38.368273 13804 processor.cc:158] Processor: start processing batch 8fabee25-c41a-4398-946b-9ca4961fa577 into model nwt
I0509 13:03:38.435232 12192 processor.cc:292] Processor: complete processing batch 5de608f1-5790-47ad-8631-2fd12c772365 into model nwt
I0509 13:03:38.437232 12192 cuckoo_watch.h:45] 148ms in ProcessBatch(lectures_batches\aaaaaj.batch) [including 12ms in LoadMessage; 0ms in FindReuseThetaCacheEntry; 0ms in InitializeTheta; 0ms in CreateRegularizerAgents; 6ms in InitializeSparseNdw; 57ms in InferThetaAndUpdateNwtSparse; 0ms in UpdateCacheEntry; 68ms in CalculateScore(^^^ItemsProcessedScore^^^); ]
I0509 13:03:38.461216 12192 processor.cc:158] Processor: start processing batch 09eddd4b-823f-4375-b9e4-5deaaa56d9c1 into model nwt
I0509 13:03:38.603128   372 processor.cc:292] Processor: complete processing batch 9e32f5b4-de73-482d-9909-45a65f8ee3e5 into model nwt
