I0508 23:31:26.137884 13824 master_component.cc:1455] NormalizeModelArgs: pwt_target_name=pwt, nwt_source_name=nwt, rwt_source_name=
I0508 23:31:26.137884 13824 master_component.cc:1005] MasterComponent: start normalizing model nwt
I0508 23:31:26.184746 13824 master_component.cc:1033] MasterComponent: complete normalizing model nwt
I0508 23:31:26.231617 13824 master_component.cc:1479] DisposeModel rwt
I0508 23:31:26.231617 13824 master_component.cc:1058] FitOffline: ItemsProcessed, num_items=476, num_batches=5, token_weight=160411, token_weight_in_effect=160411
I0508 23:31:26.231617 13824 c_interface.cc:389] Pass FitOfflineMasterModelArgs, batch_filename_size=5, batch_weight_size=5, num_collection_passes=1, reset_nwt=yes to void (__cdecl artm::core::MasterComponent::*)(class artm::FitOfflineMasterModelArgs const & __ptr64) __ptr64
I0508 23:31:26.231617 13824 master_component.cc:1404] ProcessBatchesArgs: nwt_target_name=nwt, batch_filename_size=5, batch_size=0, batch_weight_size=5, pwt_source_name=pwt, num_document_passes=10, reuse_theta=no, opt_for_avx=yes, predict_class_id=, reset_nwt=yes
I0508 23:31:26.247254 10620 processor.cc:158] Processor: start processing batch ebc86beb-d0c9-4814-ac4d-6139b0336535 into model nwt
I0508 23:31:26.247254  7248 processor.cc:158] Processor: start processing batch e5d80569-334b-4ffb-8467-d8d322f08da1 into model nwt
I0508 23:31:26.247254  9068 processor.cc:158] Processor: start processing batch d86711e7-0e0e-426a-86b7-e484fb0becf6 into model nwt
I0508 23:31:26.247254  2512 processor.cc:158] Processor: start processing batch 553e896a-4df3-4098-bc4e-3c9ecfca23b3 into model nwt
I0508 23:31:26.357450 10620 processor.cc:292] Processor: complete processing batch ebc86beb-d0c9-4814-ac4d-6139b0336535 into model nwt
I0508 23:31:26.357450 10620 cuckoo_watch.h:45] 114ms in ProcessBatch(school_batches\aaaaad.batch) [including 9ms in LoadMessage; 0ms in InitializeTheta; 0ms in CreateRegularizerAgents; 3ms in InitializeSparseNdw; 43ms in InferThetaAndUpdateNwtSparse; 7ms in CalculateScore(PerplexityScore); 8ms in CalculateScore(SparsityThetaScore); 38ms in CalculateScore(^^^ItemsProcessedScore^^^); ]
I0508 23:31:26.357450  9068 processor.cc:292] Processor: complete processing batch d86711e7-0e0e-426a-86b7-e484fb0becf6 into model nwt
I0508 23:31:26.357450  2512 processor.cc:292] Processor: complete processing batch 553e896a-4df3-4098-bc4e-3c9ecfca23b3 into model nwt
I0508 23:31:26.357450  9068 cuckoo_watch.h:45] 117ms in ProcessBatch(school_batches\aaaaac.batch) [including 9ms in LoadMessage; 0ms in InitializeTheta; 0ms in CreateRegularizerAgents; 5ms in InitializeSparseNdw; 43ms in InferThetaAndUpdateNwtSparse; 7ms in CalculateScore(PerplexityScore); 9ms in CalculateScore(SparsityThetaScore); 38ms in CalculateScore(^^^ItemsProcessedScore^^^); ]
I0508 23:31:26.357450  2512 cuckoo_watch.h:45] 117ms in ProcessBatch(school_batches\aaaaab.batch) [including 9ms in LoadMessage; 0ms in InitializeTheta; 0ms in CreateRegularizerAgents; 4ms in InitializeSparseNdw; 43ms in InferThetaAndUpdateNwtSparse; 10ms in CalculateScore(PerplexityScore); 9ms in CalculateScore(SparsityThetaScore); 38ms in CalculateScore(^^^ItemsProcessedScore^^^); ]
I0508 23:31:26.357450 10620 processor.cc:158] Processor: start processing batch e6118402-99e9-4917-a0bb-44d0f661e914 into model nwt
I0508 23:31:26.357450  7248 processor.cc:292] Processor: complete processing batch e5d80569-334b-4ffb-8467-d8d322f08da1 into model nwt
I0508 23:31:26.357450  7248 cuckoo_watch.h:45] 124ms in ProcessBatch(school_batches\aaaaaa.batch) [including 9ms in LoadMessage; 0ms in InitializeTheta; 0ms in CreateRegularizerAgents; 3ms in InitializeSparseNdw; 42ms in InferThetaAndUpdateNwtSparse; 17ms in CalculateScore(PerplexityScore); 10ms in CalculateScore(SparsityThetaScore); 39ms in CalculateScore(^^^ItemsProcessedScore^^^); ]
I0508 23:31:26.419952 10620 processor.cc:292] Processor: complete processing batch e6118402-99e9-4917-a0bb-44d0f661e914 into model nwt
I0508 23:31:26.419952 10620 cuckoo_watch.h:45] 67ms in ProcessBatch(school_batches\aaaaae.batch) [including 8ms in LoadMessage; 0ms in InitializeTheta; 0ms in CreateRegularizerAgents; 3ms in InitializeSparseNdw; 27ms in InferThetaAndUpdateNwtSparse; 4ms in CalculateScore(PerplexityScore); 4ms in CalculateScore(SparsityThetaScore); 18ms in CalculateScore(^^^ItemsProcessedScore^^^); ]
I0508 23:31:26.435578 13824 master_component.cc:1455] NormalizeModelArgs: pwt_target_name=pwt, nwt_source_name=nwt, rwt_source_name=
I0508 23:31:26.435578 13824 master_component.cc:1005] MasterComponent: start normalizing model nwt
I0508 23:31:26.498073 13824 master_component.cc:1033] MasterComponent: complete normalizing model nwt
I0508 23:31:26.529325 13824 master_component.cc:1479] DisposeModel rwt
I0508 23:31:26.529325 13824 master_component.cc:1058] FitOffline: ItemsProcessed, num_items=476, num_batches=5, token_weight=160411, token_weight_in_effect=160411
I0508 23:31:26.529325 13824 c_interface.cc:389] Pass FitOfflineMasterModelArgs, batch_filename_size=5, batch_weight_size=5, num_collection_passes=1, reset_nwt=yes to void (__cdecl artm::core::MasterComponent::*)(class artm::FitOfflineMasterModelArgs const & __ptr64) __ptr64
I0508 23:31:26.529325 13824 master_component.cc:1404] ProcessBatchesArgs: nwt_target_name=nwt, batch_filename_size=5, batch_size=0, batch_weight_size=5, pwt_source_name=pwt, num_document_passes=10, reuse_theta=no, opt_for_avx=yes, predict_class_id=, reset_nwt=yes
I0508 23:31:26.544950  9068 processor.cc:158] Processor: start processing batch e5d80569-334b-4ffb-8467-d8d322f08da1 into model nwt
I0508 23:31:26.544950  2512 processor.cc:158] Processor: start processing batch 553e896a-4df3-4098-bc4e-3c9ecfca23b3 into model nwt
I0508 23:31:26.544950 10620 processor.cc:158] Processor: start processing batch d86711e7-0e0e-426a-86b7-e484fb0becf6 into model nwt
I0508 23:31:26.560573  7248 processor.cc:158] Processor: start processing batch ebc86beb-d0c9-4814-ac4d-6139b0336535 into model nwt
I0508 23:31:26.656519  9068 processor.cc:292] Processor: complete processing batch e5d80569-334b-4ffb-8467-d8d322f08da1 into model nwt
I0508 23:31:26.658517  9068 cuckoo_watch.h:45] 113ms in ProcessBatch(school_batches\aaaaaa.batch) [including 6ms in LoadMessage; 0ms in InitializeTheta; 0ms in CreateRegularizerAgents; 2ms in InitializeSparseNdw; 44ms in InferThetaAndUpdateNwtSparse; 7ms in CalculateScore(PerplexityScore); 8ms in CalculateScore(SparsityThetaScore); 42ms in CalculateScore(^^^ItemsProcessedScore^^^); ]
I0508 23:31:26.661515  2512 processor.cc:292] Processor: complete processing batch 553e896a-4df3-4098-bc4e-3c9ecfca23b3 into model nwt
I0508 23:31:26.663513  2512 cuckoo_watch.h:45] 118ms in ProcessBatch(school_batches\aaaaab.batch) [including 9ms in LoadMessage; 0ms in InitializeTheta; 0ms in CreateRegularizerAgents; 3ms in InitializeSparseNdw; 43ms in InferThetaAndUpdateNwtSparse; 7ms in CalculateScore(PerplexityScore); 8ms in CalculateScore(SparsityThetaScore); 42ms in CalculateScore(^^^ItemsProcessedScore^^^); ]
I0508 23:31:26.666512  9068 processor.cc:158] Processor: start processing batch e6118402-99e9-4917-a0bb-44d0f661e914 into model nwt
I0508 23:31:26.672508 10620 processor.cc:292] Processor: complete processing batch d86711e7-0e0e-426a-86b7-e484fb0becf6 into model nwt
I0508 23:31:26.674567 10620 cuckoo_watch.h:45] 129ms in ProcessBatch(school_batches\aaaaac.batch) [including 9ms in LoadMessage; 0ms in InitializeTheta; 0ms in CreateRegularizerAgents; 3ms in InitializeSparseNdw; 49ms in InferThetaAndUpdateNwtSparse; 19ms in CalculateScore(PerplexityScore); 8ms in CalculateScore(SparsityThetaScore); 37ms in CalculateScore(^^^ItemsProcessedScore^^^); ]
I0508 23:31:26.674567  7248 processor.cc:292] Processor: complete processing batch ebc86beb-d0c9-4814-ac4d-6139b0336535 into model nwt
I0508 23:31:26.674567  7248 cuckoo_watch.h:45] 120ms in ProcessBatch(school_batches\aaaaad.batch) [including 9ms in LoadMessage; 0ms in InitializeTheta; 0ms in CreateRegularizerAgents; 3ms in InitializeSparseNdw; 47ms in InferThetaAndUpdateNwtSparse; 8ms in CalculateScore(PerplexityScore); 8ms in CalculateScore(SparsityThetaScore); 41ms in CalculateScore(^^^ItemsProcessedScore^^^); ]
I0508 23:31:26.721446  9068 processor.cc:292] Processor: complete processing batch e6118402-99e9-4917-a0bb-44d0f661e914 into model nwt
I0508 23:31:26.721446  9068 cuckoo_watch.h:45] 71ms in ProcessBatch(school_batches\aaaaae.batch) [including 8ms in LoadMessage; 0ms in InitializeTheta; 0ms in CreateRegularizerAgents; 3ms in InitializeSparseNdw; 30ms in InferThetaAndUpdateNwtSparse; 4ms in CalculateScore(PerplexityScore); 4ms in CalculateScore(SparsityThetaScore); 18ms in CalculateScore(^^^ItemsProcessedScore^^^); ]
I0508 23:31:26.737072 13824 master_component.cc:1455] NormalizeModelArgs: pwt_target_name=pwt, nwt_source_name=nwt, rwt_source_name=
I0508 23:31:26.737072 13824 master_component.cc:1005] MasterComponent: start normalizing model nwt
I0508 23:31:26.783942 13824 master_component.cc:1033] MasterComponent: complete normalizing model nwt
I0508 23:31:26.830819 13824 master_component.cc:1479] DisposeModel rwt
I0508 23:31:26.830819 13824 master_component.cc:1058] FitOffline: ItemsProcessed, num_items=476, num_batches=5, token_weight=160411, token_weight_in_effect=160411
I0508 23:31:26.830819 13824 c_interface.cc:389] Pass FitOfflineMasterModelArgs, batch_filename_size=5, batch_weight_size=5, num_collection_passes=1, reset_nwt=yes to void (__cdecl artm::core::MasterComponent::*)(class artm::FitOfflineMasterModelArgs const & __ptr64) __ptr64
I0508 23:31:26.830819 13824 master_component.cc:1404] ProcessBatchesArgs: nwt_target_name=nwt, batch_filename_size=5, batch_size=0, batch_weight_size=5, pwt_source_name=pwt, num_document_passes=10, reuse_theta=no, opt_for_avx=yes, predict_class_id=, reset_nwt=yes
I0508 23:31:26.846482  9068 processor.cc:158] Processor: start processing batch d86711e7-0e0e-426a-86b7-e484fb0becf6 into model nwt
I0508 23:31:26.846482  7248 processor.cc:158] Processor: start processing batch 553e896a-4df3-4098-bc4e-3c9ecfca23b3 into model nwt
I0508 23:31:26.846482 10620 processor.cc:158] Processor: start processing batch ebc86beb-d0c9-4814-ac4d-6139b0336535 into model nwt
I0508 23:31:26.846482  2512 processor.cc:158] Processor: start processing batch e5d80569-334b-4ffb-8467-d8d322f08da1 into model nwt
I0508 23:31:26.974151  2512 processor.cc:292] Processor: complete processing batch e5d80569-334b-4ffb-8467-d8d322f08da1 into model nwt
I0508 23:31:26.976151  2512 cuckoo_watch.h:45] 130ms in ProcessBatch(school_batches\aaaaaa.batch) [including 10ms in LoadMessage; 0ms in InitializeTheta; 0ms in CreateRegularizerAgents; 4ms in InitializeSparseNdw; 43ms in InferThetaAndUpdateNwtSparse; 10ms in CalculateScore(PerplexityScore); 8ms in CalculateScore(SparsityThetaScore); 51ms in CalculateScore(^^^ItemsProcessedScore^^^); ]
I0508 23:31:26.977149  7248 processor.cc:292] Processor: complete processing batch 553e896a-4df3-4098-bc4e-3c9ecfca23b3 into model nwt
I0508 23:31:26.977149  9068 processor.cc:292] Processor: complete processing batch d86711e7-0e0e-426a-86b7-e484fb0becf6 into model nwt
I0508 23:31:26.979148  7248 cuckoo_watch.h:45] 132ms in ProcessBatch(school_batches\aaaaab.batch) [including 10ms in LoadMessage; 0ms in InitializeTheta; 0ms in CreateRegularizerAgents; 3ms in InitializeSparseNdw; 47ms in InferThetaAndUpdateNwtSparse; 8ms in CalculateScore(PerplexityScore); 9ms in CalculateScore(SparsityThetaScore); 51ms in CalculateScore(^^^ItemsProcessedScore^^^); ]
I0508 23:31:26.979148  9068 cuckoo_watch.h:45] 132ms in ProcessBatch(school_batches\aaaaac.batch) [including 10ms in LoadMessage; 0ms in InitializeTheta; 0ms in CreateRegularizerAgents; 4ms in InitializeSparseNdw; 48ms in InferThetaAndUpdateNwtSparse; 8ms in CalculateScore(PerplexityScore); 9ms in CalculateScore(SparsityThetaScore); 50ms in CalculateScore(^^^ItemsProcessedScore^^^); ]
I0508 23:31:26.983145  2512 processor.cc:158] Processor: start processing batch e6118402-99e9-4917-a0bb-44d0f661e914 into model nwt
I0508 23:31:26.984145 10620 processor.cc:292] Processor: complete processing batch ebc86beb-d0c9-4814-ac4d-6139b0336535 into model nwt
I0508 23:31:26.986143 10620 cuckoo_watch.h:45] 139ms in ProcessBatch(school_batches\aaaaad.batch) [including 10ms in LoadMessage; 0ms in InitializeTheta; 0ms in CreateRegularizerAgents; 3ms in InitializeSparseNdw; 46ms in InferThetaAndUpdateNwtSparse; 9ms in CalculateScore(PerplexityScore); 23ms in CalculateScore(SparsityThetaScore); 44ms in CalculateScore(^^^ItemsProcessedScore^^^); ]
I0508 23:31:27.039451  7248 processor.cc:74] No data in processing queue, waiting...
I0508 23:31:27.039451  9068 processor.cc:74] No data in processing queue, waiting...
I0508 23:31:27.039451  2512 processor.cc:292] Processor: complete processing batch e6118402-99e9-4917-a0bb-44d0f661e914 into model nwt
I0508 23:31:27.039451  2512 cuckoo_watch.h:45] 69ms in ProcessBatch(school_batches\aaaaae.batch) [including 6ms in LoadMessage; 0ms in InitializeTheta; 0ms in CreateRegularizerAgents; 2ms in InitializeSparseNdw; 28ms in InferThetaAndUpdateNwtSparse; 5ms in CalculateScore(PerplexityScore); 4ms in CalculateScore(SparsityThetaScore); 19ms in CalculateScore(^^^ItemsProcessedScore^^^); ]
I0508 23:31:27.055080 13824 master_component.cc:1455] NormalizeModelArgs: pwt_target_name=pwt, nwt_source_name=nwt, rwt_source_name=
I0508 23:31:27.055080 13824 master_component.cc:1005] MasterComponent: start normalizing model nwt
I0508 23:31:27.101953 13824 master_component.cc:1033] MasterComponent: complete normalizing model nwt
I0508 23:31:27.117576 10620 processor.cc:74] No data in processing queue, waiting...
I0508 23:31:27.148826 13824 master_component.cc:1479] DisposeModel rwt
I0508 23:31:27.148826 13824 master_component.cc:1058] FitOffline: ItemsProcessed, num_items=476, num_batches=5, token_weight=160411, token_weight_in_effect=160411
I0508 23:31:27.186718  2512 processor.cc:74] No data in processing queue, waiting...
I0508 23:31:30.754235 13824 c_interface.cc:231] ArtmCopyRequestedMessage is copying 1920 bytes...
I0508 23:31:38.491881 13824 c_interface.cc:231] ArtmCopyRequestedMessage is copying 1920 bytes...
I0508 23:35:43.200654 13824 c_interface.cc:271] Pass MasterModelConfig: topic_name_size=10, score_config_size=1, num_processors=0, pwt_name=pwt, nwt_name=nwt, num_document_passes=10, reuse_theta=no, cache_theta=no, opt_for_avx=yes, disk_cache_path= to ArtmCreateMasterModel
I0508 23:35:43.200654 13824 instance.cc:401] MasterModelConfig.processors_count is automatically set to 4
I0508 23:35:43.201651 13824 c_interface.cc:274] Creating MasterModel (id=12)...
I0508 23:35:43.202649 10236 processor.cc:58] Processor thread started
I0508 23:35:43.202649 10620 processor.cc:66] Processor thread stopped
I0508 23:35:43.202649 10620 processor.cc:67] Total number of processed batches: 53
I0508 23:35:43.202649  7272 processor.cc:58] Processor thread started
I0508 23:35:43.203651  6592 processor.cc:58] Processor thread started
I0508 23:35:43.203651 14268 processor.cc:58] Processor thread started
I0508 23:35:43.205649  7248 processor.cc:66] Processor thread stopped
I0508 23:35:43.206648  7248 processor.cc:67] Total number of processed batches: 45
I0508 23:35:43.207649  9068 processor.cc:66] Processor thread stopped
I0508 23:35:43.207649  9068 processor.cc:67] Total number of processed batches: 53
I0508 23:35:43.209645  2512 processor.cc:66] Processor thread stopped
I0508 23:35:43.209645  2512 processor.cc:67] Total number of processed batches: 49
I0508 23:35:43.234630 13824 c_interface.cc:339] Disposing MasterComponent (id=10)...
I0508 23:35:43.235632 10236 processor.cc:74] No data in processing queue, waiting...
I0508 23:35:43.237628  7272 processor.cc:74] No data in processing queue, waiting...
I0508 23:35:43.237628  6592 processor.cc:74] No data in processing queue, waiting...
I0508 23:35:43.237628 14268 processor.cc:74] No data in processing queue, waiting...
I0508 23:35:45.152835 13824 c_interface.cc:389] Pass MasterModelConfig: topic_name_size=10, score_config_size=2, num_processors=0, pwt_name=pwt, nwt_name=nwt, num_document_passes=10, reuse_theta=no, cache_theta=no, opt_for_avx=yes, disk_cache_path= to void (__cdecl artm::core::MasterComponent::*)(class artm::MasterModelConfig const & __ptr64) __ptr64
I0508 23:35:45.152835 13824 instance.cc:401] MasterModelConfig.processors_count is automatically set to 4
I0508 23:35:45.152835 13824 perplexity.cc:27] Perplexity score calculator created: model_type=1, dictionary_name=dictionary
I0508 23:35:45.153836 13824 c_interface.cc:389] Pass MasterModelConfig: topic_name_size=10, score_config_size=3, num_processors=0, pwt_name=pwt, nwt_name=nwt, num_document_passes=10, reuse_theta=no, cache_theta=no, opt_for_avx=yes, disk_cache_path= to void (__cdecl artm::core::MasterComponent::*)(class artm::MasterModelConfig const & __ptr64) __ptr64
I0508 23:35:45.153836 13824 instance.cc:401] MasterModelConfig.processors_count is automatically set to 4
I0508 23:35:45.153836 13824 perplexity.cc:27] Perplexity score calculator created: model_type=1, dictionary_name=dictionary
I0508 23:35:45.154834 13824 c_interface.cc:389] Pass MasterModelConfig: topic_name_size=10, score_config_size=4, num_processors=0, pwt_name=pwt, nwt_name=nwt, num_document_passes=10, reuse_theta=no, cache_theta=no, opt_for_avx=yes, disk_cache_path= to void (__cdecl artm::core::MasterComponent::*)(class artm::MasterModelConfig const & __ptr64) __ptr64
I0508 23:35:45.154834 13824 instance.cc:401] MasterModelConfig.processors_count is automatically set to 4
I0508 23:35:45.154834 13824 perplexity.cc:27] Perplexity score calculator created: model_type=1, dictionary_name=dictionary
I0508 23:35:45.154834 13824 c_interface.cc:389] Pass MasterModelConfig: topic_name_size=10, score_config_size=5, num_processors=0, pwt_name=pwt, nwt_name=nwt, num_document_passes=10, reuse_theta=no, cache_theta=no, opt_for_avx=yes, disk_cache_path= to void (__cdecl artm::core::MasterComponent::*)(class artm::MasterModelConfig const & __ptr64) __ptr64
I0508 23:35:45.154834 13824 instance.cc:401] MasterModelConfig.processors_count is automatically set to 4
I0508 23:35:45.154834 13824 perplexity.cc:27] Perplexity score calculator created: model_type=1, dictionary_name=dictionary
I0508 23:35:45.912328 13824 c_interface.cc:271] Pass MasterModelConfig: topic_name_size=0, score_config_size=1, num_processors=0, pwt_name=pwt, nwt_name=nwt, num_document_passes=0, reuse_theta=no, cache_theta=no, opt_for_avx=yes, disk_cache_path= to ArtmCreateMasterModel
I0508 23:35:45.912328 13824 c_interface.cc:274] Creating MasterModel (id=13)...
I0508 23:35:45.912328 13824 c_interface.cc:375] Pass 486c0f2a-da60-4f6e-9add-6957649b99c8 to void (__cdecl artm::core::MasterComponent::*)(class std::basic_string<char,struct std::char_traits<char>,class std::allocator<char> > const & __ptr64) __ptr64
I0508 23:35:45.922318 13824 c_interface.cc:339] Disposing MasterComponent (id=11)...
I0508 23:35:45.922318 13824 c_interface.cc:375] Pass 8adcdba5-efad-4572-b6ed-38fd41315aba to void (__cdecl artm::core::MasterComponent::*)(class std::basic_string<char,struct std::char_traits<char>,class std::allocator<char> > const & __ptr64) __ptr64
I0508 23:35:45.923317 13824 c_interface.cc:389] Pass GatherDictionaryArgs: dictionary_target_name=8adcdba5-efad-4572-b6ed-38fd41315aba, data_path=school_batches, symmetric_cooc_values=0 to void (__cdecl artm::core::MasterComponent::*)(class artm::GatherDictionaryArgs const & __ptr64) __ptr64
I0508 23:35:45.924316 13824 dictionary_operations.cc:265] Found 5 batches in 'school_batches' folder
I0508 23:35:46.012261 13824 dictionary_operations.cc:331] Find 16099 unique tokens in 476 items
I0508 23:35:46.055589 13824 dictionary_operations.cc:611] Dictionary name='8adcdba5-efad-4572-b6ed-38fd41315aba' contains entries: text:16099; 
I0508 23:35:46.320881 13824 c_interface.cc:375] Pass pwt to void (__cdecl artm::core::MasterComponent::*)(class std::basic_string<char,struct std::char_traits<char>,class std::allocator<char> > const & __ptr64) __ptr64
I0508 23:35:46.320881 13824 c_interface.cc:375] Pass nwt to void (__cdecl artm::core::MasterComponent::*)(class std::basic_string<char,struct std::char_traits<char>,class std::allocator<char> > const & __ptr64) __ptr64
I0508 23:35:46.321877 13824 c_interface.cc:389] Pass InitializeModelArgs: model_name=pwt, dictionary_name=8adcdba5-efad-4572-b6ed-38fd41315aba, topic_name_size=10, seed=-1 to void (__cdecl artm::core::MasterComponent::*)(class artm::InitializeModelArgs const & __ptr64) __ptr64
I0508 23:35:46.469727 13824 master_component.cc:663] InitializeModel() created matrix pwt with 10 topics and 16099 tokens; 
I0508 23:35:46.469727 13824 c_interface.cc:389] Pass InitializeModelArgs: model_name=nwt, dictionary_name=8adcdba5-efad-4572-b6ed-38fd41315aba, topic_name_size=10, seed=-1 to void (__cdecl artm::core::MasterComponent::*)(class artm::InitializeModelArgs const & __ptr64) __ptr64
I0508 23:35:46.595264 13824 master_component.cc:663] InitializeModel() created matrix nwt with 10 topics and 16099 tokens; 
I0508 23:35:46.595264 13824 c_interface.cc:231] ArtmCopyRequestedMessage is copying 296 bytes...
I0508 23:35:47.487107 13824 c_interface.cc:389] Pass FitOfflineMasterModelArgs, batch_filename_size=5, batch_weight_size=5, num_collection_passes=1, reset_nwt=yes to void (__cdecl artm::core::MasterComponent::*)(class artm::FitOfflineMasterModelArgs const & __ptr64) __ptr64
I0508 23:35:47.488104 13824 master_component.cc:1404] ProcessBatchesArgs: nwt_target_name=nwt, batch_filename_size=5, batch_size=0, batch_weight_size=5, pwt_source_name=pwt, num_document_passes=10, reuse_theta=no, opt_for_avx=yes, predict_class_id=, reset_nwt=yes
I0508 23:35:47.500095 14268 processor.cc:81] Processing queue has data, processing started
I0508 23:35:47.502094 10236 processor.cc:81] Processing queue has data, processing started
I0508 23:35:47.505092  6592 processor.cc:81] Processing queue has data, processing started
I0508 23:35:47.510089  7272 processor.cc:81] Processing queue has data, processing started
I0508 23:35:47.510089 14268 processor.cc:158] Processor: start processing batch e5d80569-334b-4ffb-8467-d8d322f08da1 into model nwt
I0508 23:35:47.513087 10236 processor.cc:158] Processor: start processing batch 553e896a-4df3-4098-bc4e-3c9ecfca23b3 into model nwt
I0508 23:35:47.517086  6592 processor.cc:158] Processor: start processing batch d86711e7-0e0e-426a-86b7-e484fb0becf6 into model nwt
I0508 23:35:47.521085  7272 processor.cc:158] Processor: start processing batch ebc86beb-d0c9-4814-ac4d-6139b0336535 into model nwt
I0508 23:35:47.622109  6592 processor.cc:292] Processor: complete processing batch d86711e7-0e0e-426a-86b7-e484fb0becf6 into model nwt
I0508 23:35:47.622109  6592 cuckoo_watch.h:45] 128ms in ProcessBatch(school_batches\aaaaac.batch) [including 11ms in LoadMessage; 0ms in InitializeTheta; 0ms in CreateRegularizerAgents; 4ms in InitializeSparseNdw; 55ms in InferThetaAndUpdateNwtSparse; 8ms in CalculateScore(PerplexityScore); 8ms in CalculateScore(SparsityThetaScore); 37ms in CalculateScore(^^^ItemsProcessedScore^^^); ]
I0508 23:35:47.622109 14268 processor.cc:292] Processor: complete processing batch e5d80569-334b-4ffb-8467-d8d322f08da1 into model nwt
I0508 23:35:47.622109 14268 cuckoo_watch.h:45] 136ms in ProcessBatch(school_batches\aaaaaa.batch) [including 10ms in LoadMessage; 0ms in InitializeTheta; 0ms in CreateRegularizerAgents; 5ms in InitializeSparseNdw; 59ms in InferThetaAndUpdateNwtSparse; 12ms in CalculateScore(PerplexityScore); 9ms in CalculateScore(SparsityThetaScore); 37ms in CalculateScore(^^^ItemsProcessedScore^^^); ]
I0508 23:35:47.637737  7272 processor.cc:292] Processor: complete processing batch ebc86beb-d0c9-4814-ac4d-6139b0336535 into model nwt
I0508 23:35:47.637737  7272 cuckoo_watch.h:45] 129ms in ProcessBatch(school_batches\aaaaad.batch) [including 11ms in LoadMessage; 0ms in InitializeTheta; 0ms in CreateRegularizerAgents; 4ms in InitializeSparseNdw; 56ms in InferThetaAndUpdateNwtSparse; 9ms in CalculateScore(PerplexityScore); 8ms in CalculateScore(SparsityThetaScore); 37ms in CalculateScore(^^^ItemsProcessedScore^^^); ]
I0508 23:35:47.637737 10236 processor.cc:292] Processor: complete processing batch 553e896a-4df3-4098-bc4e-3c9ecfca23b3 into model nwt
I0508 23:35:47.637737  6592 processor.cc:158] Processor: start processing batch e6118402-99e9-4917-a0bb-44d0f661e914 into model nwt
I0508 23:35:47.637737 10236 cuckoo_watch.h:45] 139ms in ProcessBatch(school_batches\aaaaab.batch) [including 10ms in LoadMessage; 0ms in InitializeTheta; 0ms in CreateRegularizerAgents; 23ms in InitializeSparseNdw; 51ms in InferThetaAndUpdateNwtSparse; 8ms in CalculateScore(PerplexityScore); 7ms in CalculateScore(SparsityThetaScore); 37ms in CalculateScore(^^^ItemsProcessedScore^^^); ]
I0508 23:35:47.684612  6592 processor.cc:292] Processor: complete processing batch e6118402-99e9-4917-a0bb-44d0f661e914 into model nwt
I0508 23:35:47.684612  6592 cuckoo_watch.h:45] 61ms in ProcessBatch(school_batches\aaaaae.batch) [including 7ms in LoadMessage; 0ms in InitializeTheta; 0ms in CreateRegularizerAgents; 2ms in InitializeSparseNdw; 23ms in InferThetaAndUpdateNwtSparse; 4ms in CalculateScore(PerplexityScore); 4ms in CalculateScore(SparsityThetaScore); 18ms in CalculateScore(^^^ItemsProcessedScore^^^); ]
I0508 23:35:47.700237 13824 master_component.cc:1455] NormalizeModelArgs: pwt_target_name=pwt, nwt_source_name=nwt, rwt_source_name=
I0508 23:35:47.700237 13824 master_component.cc:1005] MasterComponent: start normalizing model nwt
I0508 23:35:47.747115 13824 master_component.cc:1033] MasterComponent: complete normalizing model nwt
I0508 23:35:47.778362 13824 master_component.cc:1479] DisposeModel rwt
I0508 23:35:47.778362 13824 master_component.cc:1058] FitOffline: ItemsProcessed, num_items=476, num_batches=5, token_weight=160411, token_weight_in_effect=160411
I0508 23:35:47.778362 13824 c_interface.cc:389] Pass FitOfflineMasterModelArgs, batch_filename_size=5, batch_weight_size=5, num_collection_passes=1, reset_nwt=yes to void (__cdecl artm::core::MasterComponent::*)(class artm::FitOfflineMasterModelArgs const & __ptr64) __ptr64
I0508 23:35:47.778362 13824 master_component.cc:1404] ProcessBatchesArgs: nwt_target_name=nwt, batch_filename_size=5, batch_size=0, batch_weight_size=5, pwt_source_name=pwt, num_document_passes=10, reuse_theta=no, opt_for_avx=yes, predict_class_id=, reset_nwt=yes
I0508 23:35:47.793985 14268 processor.cc:158] Processor: start processing batch e5d80569-334b-4ffb-8467-d8d322f08da1 into model nwt
I0508 23:35:47.809610  7272 processor.cc:158] Processor: start processing batch 553e896a-4df3-4098-bc4e-3c9ecfca23b3 into model nwt
I0508 23:35:47.809610 10236 processor.cc:158] Processor: start processing batch ebc86beb-d0c9-4814-ac4d-6139b0336535 into model nwt
I0508 23:35:47.809610  6592 processor.cc:158] Processor: start processing batch d86711e7-0e0e-426a-86b7-e484fb0becf6 into model nwt
I0508 23:35:47.887727 14268 processor.cc:292] Processor: complete processing batch e5d80569-334b-4ffb-8467-d8d322f08da1 into model nwt
I0508 23:35:47.887727 14268 cuckoo_watch.h:45] 104ms in ProcessBatch(school_batches\aaaaaa.batch) [including 7ms in LoadMessage; 0ms in InitializeTheta; 0ms in CreateRegularizerAgents; 2ms in InitializeSparseNdw; 38ms in InferThetaAndUpdateNwtSparse; 7ms in CalculateScore(PerplexityScore); 8ms in CalculateScore(SparsityThetaScore); 39ms in CalculateScore(^^^ItemsProcessedScore^^^); ]
I0508 23:35:47.903353 14268 processor.cc:158] Processor: start processing batch e6118402-99e9-4917-a0bb-44d0f661e914 into model nwt
I0508 23:35:47.903353  7272 processor.cc:292] Processor: complete processing batch 553e896a-4df3-4098-bc4e-3c9ecfca23b3 into model nwt
I0508 23:35:47.903353  7272 cuckoo_watch.h:45] 107ms in ProcessBatch(school_batches\aaaaab.batch) [including 8ms in LoadMessage; 0ms in InitializeTheta; 0ms in CreateRegularizerAgents; 3ms in InitializeSparseNdw; 39ms in InferThetaAndUpdateNwtSparse; 7ms in CalculateScore(PerplexityScore); 8ms in CalculateScore(SparsityThetaScore); 37ms in CalculateScore(^^^ItemsProcessedScore^^^); ]
I0508 23:35:47.903353  6592 processor.cc:292] Processor: complete processing batch d86711e7-0e0e-426a-86b7-e484fb0becf6 into model nwt
I0508 23:35:47.918978  6592 cuckoo_watch.h:45] 110ms in ProcessBatch(school_batches\aaaaac.batch) [including 10ms in LoadMessage; 0ms in InitializeTheta; 0ms in CreateRegularizerAgents; 4ms in InitializeSparseNdw; 40ms in InferThetaAndUpdateNwtSparse; 8ms in CalculateScore(PerplexityScore); 8ms in CalculateScore(SparsityThetaScore); 37ms in CalculateScore(^^^ItemsProcessedScore^^^); ]
I0508 23:35:47.918978 10236 processor.cc:292] Processor: complete processing batch ebc86beb-d0c9-4814-ac4d-6139b0336535 into model nwt
I0508 23:35:47.918978 10236 cuckoo_watch.h:45] 114ms in ProcessBatch(school_batches\aaaaad.batch) [including 9ms in LoadMessage; 0ms in InitializeTheta; 0ms in CreateRegularizerAgents; 3ms in InitializeSparseNdw; 40ms in InferThetaAndUpdateNwtSparse; 8ms in CalculateScore(PerplexityScore); 9ms in CalculateScore(SparsityThetaScore); 40ms in CalculateScore(^^^ItemsProcessedScore^^^); ]
I0508 23:35:47.969130 14268 processor.cc:292] Processor: complete processing batch e6118402-99e9-4917-a0bb-44d0f661e914 into model nwt
I0508 23:35:47.970129 14268 cuckoo_watch.h:45] 71ms in ProcessBatch(school_batches\aaaaae.batch) [including 9ms in LoadMessage; 0ms in InitializeTheta; 0ms in CreateRegularizerAgents; 3ms in InitializeSparseNdw; 28ms in InferThetaAndUpdateNwtSparse; 4ms in CalculateScore(PerplexityScore); 4ms in CalculateScore(SparsityThetaScore); 19ms in CalculateScore(^^^ItemsProcessedScore^^^); ]
I0508 23:35:47.970129 13824 master_component.cc:1455] NormalizeModelArgs: pwt_target_name=pwt, nwt_source_name=nwt, rwt_source_name=
I0508 23:35:47.970129 13824 master_component.cc:1005] MasterComponent: start normalizing model nwt
I0508 23:35:47.992116  7272 processor.cc:74] No data in processing queue, waiting...
I0508 23:35:47.994114  6592 processor.cc:74] No data in processing queue, waiting...
I0508 23:35:47.994114 10236 processor.cc:74] No data in processing queue, waiting...
I0508 23:35:48.002110 14268 processor.cc:74] No data in processing queue, waiting...
I0508 23:35:48.038085 13824 master_component.cc:1033] MasterComponent: complete normalizing model nwt
I0508 23:35:48.072777 13824 master_component.cc:1479] DisposeModel rwt
I0508 23:35:48.072777 13824 master_component.cc:1058] FitOffline: ItemsProcessed, num_items=476, num_batches=5, token_weight=160411, token_weight_in_effect=160411
I0508 23:35:48.072777 13824 c_interface.cc:389] Pass FitOfflineMasterModelArgs, batch_filename_size=5, batch_weight_size=5, num_collection_passes=1, reset_nwt=yes to void (__cdecl artm::core::MasterComponent::*)(class artm::FitOfflineMasterModelArgs const & __ptr64) __ptr64
I0508 23:35:48.072777 13824 master_component.cc:1404] ProcessBatchesArgs: nwt_target_name=nwt, batch_filename_size=5, batch_size=0, batch_weight_size=5, pwt_source_name=pwt, num_document_passes=10, reuse_theta=no, opt_for_avx=yes, predict_class_id=, reset_nwt=yes
I0508 23:35:48.088402 14268 processor.cc:81] Processing queue has data, processing started
I0508 23:35:48.088402  6592 processor.cc:81] Processing queue has data, processing started
I0508 23:35:48.088402  7272 processor.cc:81] Processing queue has data, processing started
I0508 23:35:48.088402 10236 processor.cc:81] Processing queue has data, processing started
I0508 23:35:48.088402  7272 processor.cc:158] Processor: start processing batch 553e896a-4df3-4098-bc4e-3c9ecfca23b3 into model nwt
I0508 23:35:48.088402  6592 processor.cc:158] Processor: start processing batch e5d80569-334b-4ffb-8467-d8d322f08da1 into model nwt
I0508 23:35:48.088402 14268 processor.cc:158] Processor: start processing batch ebc86beb-d0c9-4814-ac4d-6139b0336535 into model nwt
I0508 23:35:48.088402 10236 processor.cc:158] Processor: start processing batch d86711e7-0e0e-426a-86b7-e484fb0becf6 into model nwt
I0508 23:35:48.182147  6592 processor.cc:292] Processor: complete processing batch e5d80569-334b-4ffb-8467-d8d322f08da1 into model nwt
I0508 23:35:48.182147  7272 processor.cc:292] Processor: complete processing batch 553e896a-4df3-4098-bc4e-3c9ecfca23b3 into model nwt
I0508 23:35:48.182147  6592 cuckoo_watch.h:45] 108ms in ProcessBatch(school_batches\aaaaaa.batch) [including 10ms in LoadMessage; 0ms in InitializeTheta; 0ms in CreateRegularizerAgents; 3ms in InitializeSparseNdw; 39ms in InferThetaAndUpdateNwtSparse; 8ms in CalculateScore(PerplexityScore); 8ms in CalculateScore(SparsityThetaScore); 36ms in CalculateScore(^^^ItemsProcessedScore^^^); ]
I0508 23:35:48.197772 14268 processor.cc:292] Processor: complete processing batch ebc86beb-d0c9-4814-ac4d-6139b0336535 into model nwt
I0508 23:35:48.197772  7272 cuckoo_watch.h:45] 110ms in ProcessBatch(school_batches\aaaaab.batch) [including 10ms in LoadMessage; 0ms in InitializeTheta; 0ms in CreateRegularizerAgents; 3ms in InitializeSparseNdw; 39ms in InferThetaAndUpdateNwtSparse; 9ms in CalculateScore(PerplexityScore); 8ms in CalculateScore(SparsityThetaScore); 37ms in CalculateScore(^^^ItemsProcessedScore^^^); ]
I0508 23:35:48.197772 10236 processor.cc:292] Processor: complete processing batch d86711e7-0e0e-426a-86b7-e484fb0becf6 into model nwt
I0508 23:35:48.197772 14268 cuckoo_watch.h:45] 112ms in ProcessBatch(school_batches\aaaaad.batch) [including 10ms in LoadMessage; 0ms in InitializeTheta; 0ms in CreateRegularizerAgents; 4ms in InitializeSparseNdw; 39ms in InferThetaAndUpdateNwtSparse; 9ms in CalculateScore(PerplexityScore); 8ms in CalculateScore(SparsityThetaScore); 38ms in CalculateScore(^^^ItemsProcessedScore^^^); ]
I0508 23:35:48.197772 10236 cuckoo_watch.h:45] 112ms in ProcessBatch(school_batches\aaaaac.batch) [including 11ms in LoadMessage; 0ms in InitializeTheta; 0ms in CreateRegularizerAgents; 3ms in InitializeSparseNdw; 40ms in InferThetaAndUpdateNwtSparse; 8ms in CalculateScore(PerplexityScore); 8ms in CalculateScore(SparsityThetaScore); 37ms in CalculateScore(^^^ItemsProcessedScore^^^); ]
I0508 23:35:48.197772  6592 processor.cc:158] Processor: start processing batch e6118402-99e9-4917-a0bb-44d0f661e914 into model nwt
I0508 23:35:48.244647  6592 processor.cc:292] Processor: complete processing batch e6118402-99e9-4917-a0bb-44d0f661e914 into model nwt
I0508 23:35:48.244647  6592 cuckoo_watch.h:45] 61ms in ProcessBatch(school_batches\aaaaae.batch) [including 6ms in LoadMessage; 0ms in InitializeTheta; 0ms in CreateRegularizerAgents; 1ms in InitializeSparseNdw; 24ms in InferThetaAndUpdateNwtSparse; 4ms in CalculateScore(PerplexityScore); 4ms in CalculateScore(SparsityThetaScore); 18ms in CalculateScore(^^^ItemsProcessedScore^^^); ]
I0508 23:35:48.260270 13824 master_component.cc:1455] NormalizeModelArgs: pwt_target_name=pwt, nwt_source_name=nwt, rwt_source_name=
I0508 23:35:48.260270 13824 master_component.cc:1005] MasterComponent: start normalizing model nwt
I0508 23:35:48.307148 13824 master_component.cc:1033] MasterComponent: complete normalizing model nwt
I0508 23:35:48.338397 13824 master_component.cc:1479] DisposeModel rwt
I0508 23:35:48.338397 13824 master_component.cc:1058] FitOffline: ItemsProcessed, num_items=476, num_batches=5, token_weight=160411, token_weight_in_effect=160411
I0508 23:35:48.338397 13824 c_interface.cc:389] Pass FitOfflineMasterModelArgs, batch_filename_size=5, batch_weight_size=5, num_collection_passes=1, reset_nwt=yes to void (__cdecl artm::core::MasterComponent::*)(class artm::FitOfflineMasterModelArgs const & __ptr64) __ptr64
I0508 23:35:48.338397 13824 master_component.cc:1404] ProcessBatchesArgs: nwt_target_name=nwt, batch_filename_size=5, batch_size=0, batch_weight_size=5, pwt_source_name=pwt, num_document_passes=10, reuse_theta=no, opt_for_avx=yes, predict_class_id=, reset_nwt=yes
I0508 23:35:48.376443  6592 processor.cc:158] Processor: start processing batch e5d80569-334b-4ffb-8467-d8d322f08da1 into model nwt
I0508 23:35:48.378443 14268 processor.cc:158] Processor: start processing batch 553e896a-4df3-4098-bc4e-3c9ecfca23b3 into model nwt
I0508 23:35:48.380441  7272 processor.cc:158] Processor: start processing batch d86711e7-0e0e-426a-86b7-e484fb0becf6 into model nwt
I0508 23:35:48.393432 10236 processor.cc:158] Processor: start processing batch ebc86beb-d0c9-4814-ac4d-6139b0336535 into model nwt
I0508 23:35:48.501366 10236 processor.cc:292] Processor: complete processing batch ebc86beb-d0c9-4814-ac4d-6139b0336535 into model nwt
I0508 23:35:48.503365 10236 cuckoo_watch.h:45] 119ms in ProcessBatch(school_batches\aaaaad.batch) [including 9ms in LoadMessage; 0ms in InitializeTheta; 0ms in CreateRegularizerAgents; 3ms in InitializeSparseNdw; 42ms in InferThetaAndUpdateNwtSparse; 8ms in CalculateScore(PerplexityScore); 10ms in CalculateScore(SparsityThetaScore); 43ms in CalculateScore(^^^ItemsProcessedScore^^^); ]
I0508 23:35:48.511361  7272 processor.cc:292] Processor: complete processing batch d86711e7-0e0e-426a-86b7-e484fb0becf6 into model nwt
I0508 23:35:48.512360 10236 processor.cc:158] Processor: start processing batch e6118402-99e9-4917-a0bb-44d0f661e914 into model nwt
I0508 23:35:48.512360 14268 processor.cc:292] Processor: complete processing batch 553e896a-4df3-4098-bc4e-3c9ecfca23b3 into model nwt
I0508 23:35:48.512360  7272 cuckoo_watch.h:45] 141ms in ProcessBatch(school_batches\aaaaac.batch) [including 9ms in LoadMessage; 0ms in InitializeTheta; 0ms in CreateRegularizerAgents; 3ms in InitializeSparseNdw; 56ms in InferThetaAndUpdateNwtSparse; 11ms in CalculateScore(PerplexityScore); 9ms in CalculateScore(SparsityThetaScore); 49ms in CalculateScore(^^^ItemsProcessedScore^^^); ]
I0508 23:35:48.514359 14268 cuckoo_watch.h:45] 147ms in ProcessBatch(school_batches\aaaaab.batch) [including 12ms in LoadMessage; 0ms in InitializeTheta; 0ms in CreateRegularizerAgents; 3ms in InitializeSparseNdw; 52ms in InferThetaAndUpdateNwtSparse; 8ms in CalculateScore(PerplexityScore); 9ms in CalculateScore(SparsityThetaScore); 58ms in CalculateScore(^^^ItemsProcessedScore^^^); ]
I0508 23:35:48.517356  6592 processor.cc:292] Processor: complete processing batch e5d80569-334b-4ffb-8467-d8d322f08da1 into model nwt
I0508 23:35:48.518357  6592 cuckoo_watch.h:45] 152ms in ProcessBatch(school_batches\aaaaaa.batch) [including 10ms in LoadMessage; 0ms in InitializeTheta; 0ms in CreateRegularizerAgents; 4ms in InitializeSparseNdw; 60ms in InferThetaAndUpdateNwtSparse; 8ms in CalculateScore(PerplexityScore); 8ms in CalculateScore(SparsityThetaScore); 58ms in CalculateScore(^^^ItemsProcessedScore^^^); ]
I0508 23:35:48.574156  7272 processor.cc:74] No data in processing queue, waiting...
I0508 23:35:48.576153 14268 processor.cc:74] No data in processing queue, waiting...
I0508 23:35:48.582149  6592 processor.cc:74] No data in processing queue, waiting...
I0508 23:35:48.588143 10236 processor.cc:292] Processor: complete processing batch e6118402-99e9-4917-a0bb-44d0f661e914 into model nwt
I0508 23:35:48.589143 10236 cuckoo_watch.h:45] 86ms in ProcessBatch(school_batches\aaaaae.batch) [including 8ms in LoadMessage; 0ms in InitializeTheta; 0ms in CreateRegularizerAgents; 3ms in InitializeSparseNdw; 25ms in InferThetaAndUpdateNwtSparse; 6ms in CalculateScore(PerplexityScore); 7ms in CalculateScore(SparsityThetaScore); 34ms in CalculateScore(^^^ItemsProcessedScore^^^); ]
I0508 23:35:48.590142 13824 master_component.cc:1455] NormalizeModelArgs: pwt_target_name=pwt, nwt_source_name=nwt, rwt_source_name=
I0508 23:35:48.590142 13824 master_component.cc:1005] MasterComponent: start normalizing model nwt
I0508 23:35:48.638814 13824 master_component.cc:1033] MasterComponent: complete normalizing model nwt
I0508 23:35:48.654438 10236 processor.cc:74] No data in processing queue, waiting...
I0508 23:35:48.685686 13824 master_component.cc:1479] DisposeModel rwt
I0508 23:35:48.685686 13824 master_component.cc:1058] FitOffline: ItemsProcessed, num_items=476, num_batches=5, token_weight=160411, token_weight_in_effect=160411
I0508 23:35:48.685686 13824 c_interface.cc:389] Pass FitOfflineMasterModelArgs, batch_filename_size=5, batch_weight_size=5, num_collection_passes=1, reset_nwt=yes to void (__cdecl artm::core::MasterComponent::*)(class artm::FitOfflineMasterModelArgs const & __ptr64) __ptr64
I0508 23:35:48.685686 13824 master_component.cc:1404] ProcessBatchesArgs: nwt_target_name=nwt, batch_filename_size=5, batch_size=0, batch_weight_size=5, pwt_source_name=pwt, num_document_passes=10, reuse_theta=no, opt_for_avx=yes, predict_class_id=, reset_nwt=yes
I0508 23:35:48.701308 14268 processor.cc:81] Processing queue has data, processing started
I0508 23:35:48.701308  6592 processor.cc:81] Processing queue has data, processing started
I0508 23:35:48.701308  7272 processor.cc:81] Processing queue has data, processing started
I0508 23:35:48.701308 10236 processor.cc:81] Processing queue has data, processing started
I0508 23:35:48.701308  6592 processor.cc:158] Processor: start processing batch e5d80569-334b-4ffb-8467-d8d322f08da1 into model nwt
I0508 23:35:48.701308  7272 processor.cc:158] Processor: start processing batch d86711e7-0e0e-426a-86b7-e484fb0becf6 into model nwt
I0508 23:35:48.701308 14268 processor.cc:158] Processor: start processing batch 553e896a-4df3-4098-bc4e-3c9ecfca23b3 into model nwt
I0508 23:35:48.716935 10236 processor.cc:158] Processor: start processing batch ebc86beb-d0c9-4814-ac4d-6139b0336535 into model nwt
I0508 23:35:48.822227 14268 processor.cc:292] Processor: complete processing batch 553e896a-4df3-4098-bc4e-3c9ecfca23b3 into model nwt
I0508 23:35:48.822227 14268 cuckoo_watch.h:45] 127ms in ProcessBatch(school_batches\aaaaab.batch) [including 9ms in LoadMessage; 0ms in InitializeTheta; 0ms in CreateRegularizerAgents; 3ms in InitializeSparseNdw; 56ms in InferThetaAndUpdateNwtSparse; 8ms in CalculateScore(PerplexityScore); 7ms in CalculateScore(SparsityThetaScore); 39ms in CalculateScore(^^^ItemsProcessedScore^^^); ]
I0508 23:35:48.822227  7272 processor.cc:292] Processor: complete processing batch d86711e7-0e0e-426a-86b7-e484fb0becf6 into model nwt
I0508 23:35:48.822227  7272 cuckoo_watch.h:45] 135ms in ProcessBatch(school_batches\aaaaac.batch) [including 9ms in LoadMessage; 0ms in InitializeTheta; 0ms in CreateRegularizerAgents; 3ms in InitializeSparseNdw; 66ms in InferThetaAndUpdateNwtSparse; 7ms in CalculateScore(PerplexityScore); 8ms in CalculateScore(SparsityThetaScore); 37ms in CalculateScore(^^^ItemsProcessedScore^^^); ]
I0508 23:35:48.822227 14268 processor.cc:158] Processor: start processing batch e6118402-99e9-4917-a0bb-44d0f661e914 into model nwt
I0508 23:35:48.837851  6592 processor.cc:292] Processor: complete processing batch e5d80569-334b-4ffb-8467-d8d322f08da1 into model nwt
I0508 23:35:48.837851  6592 cuckoo_watch.h:45] 139ms in ProcessBatch(school_batches\aaaaaa.batch) [including 9ms in LoadMessage; 0ms in InitializeTheta; 0ms in CreateRegularizerAgents; 3ms in InitializeSparseNdw; 70ms in InferThetaAndUpdateNwtSparse; 8ms in CalculateScore(PerplexityScore); 8ms in CalculateScore(SparsityThetaScore); 37ms in CalculateScore(^^^ItemsProcessedScore^^^); ]
I0508 23:35:48.837851 10236 processor.cc:292] Processor: complete processing batch ebc86beb-d0c9-4814-ac4d-6139b0336535 into model nwt
I0508 23:35:48.837851 10236 cuckoo_watch.h:45] 144ms in ProcessBatch(school_batches\aaaaad.batch) [including 24ms in LoadMessage; 0ms in InitializeTheta; 0ms in CreateRegularizerAgents; 3ms in InitializeSparseNdw; 62ms in InferThetaAndUpdateNwtSparse; 7ms in CalculateScore(PerplexityScore); 9ms in CalculateScore(SparsityThetaScore); 34ms in CalculateScore(^^^ItemsProcessedScore^^^); ]
I0508 23:35:48.884724 14268 processor.cc:292] Processor: complete processing batch e6118402-99e9-4917-a0bb-44d0f661e914 into model nwt
I0508 23:35:48.884724 14268 cuckoo_watch.h:45] 65ms in ProcessBatch(school_batches\aaaaae.batch) [including 8ms in LoadMessage; 0ms in InitializeTheta; 0ms in CreateRegularizerAgents; 3ms in InitializeSparseNdw; 24ms in InferThetaAndUpdateNwtSparse; 4ms in CalculateScore(PerplexityScore); 4ms in CalculateScore(SparsityThetaScore); 18ms in CalculateScore(^^^ItemsProcessedScore^^^); ]
I0508 23:35:48.900348 13824 master_component.cc:1455] NormalizeModelArgs: pwt_target_name=pwt, nwt_source_name=nwt, rwt_source_name=
I0508 23:35:48.900348 13824 master_component.cc:1005] MasterComponent: start normalizing model nwt
I0508 23:35:48.947228 13824 master_component.cc:1033] MasterComponent: complete normalizing model nwt
I0508 23:35:48.978476 13824 master_component.cc:1479] DisposeModel rwt
I0508 23:35:48.978476 13824 master_component.cc:1058] FitOffline: ItemsProcessed, num_items=476, num_batches=5, token_weight=160411, token_weight_in_effect=160411
I0508 23:35:48.978476 13824 c_interface.cc:389] Pass FitOfflineMasterModelArgs, batch_filename_size=5, batch_weight_size=5, num_collection_passes=1, reset_nwt=yes to void (__cdecl artm::core::MasterComponent::*)(class artm::FitOfflineMasterModelArgs const & __ptr64) __ptr64
I0508 23:35:48.978476 13824 master_component.cc:1404] ProcessBatchesArgs: nwt_target_name=nwt, batch_filename_size=5, batch_size=0, batch_weight_size=5, pwt_source_name=pwt, num_document_passes=10, reuse_theta=no, opt_for_avx=yes, predict_class_id=, reset_nwt=yes
I0508 23:35:49.009737  7272 processor.cc:158] Processor: start processing batch e5d80569-334b-4ffb-8467-d8d322f08da1 into model nwt
I0508 23:35:49.009737  6592 processor.cc:158] Processor: start processing batch ebc86beb-d0c9-4814-ac4d-6139b0336535 into model nwt
I0508 23:35:49.009737 10236 processor.cc:158] Processor: start processing batch d86711e7-0e0e-426a-86b7-e484fb0becf6 into model nwt
I0508 23:35:49.009737 14268 processor.cc:158] Processor: start processing batch 553e896a-4df3-4098-bc4e-3c9ecfca23b3 into model nwt
I0508 23:35:49.117728 14268 processor.cc:292] Processor: complete processing batch 553e896a-4df3-4098-bc4e-3c9ecfca23b3 into model nwt
I0508 23:35:49.118728 14268 cuckoo_watch.h:45] 109ms in ProcessBatch(school_batches\aaaaab.batch) [including 10ms in LoadMessage; 0ms in InitializeTheta; 0ms in CreateRegularizerAgents; 4ms in InitializeSparseNdw; 39ms in InferThetaAndUpdateNwtSparse; 8ms in CalculateScore(PerplexityScore); 7ms in CalculateScore(SparsityThetaScore); 38ms in CalculateScore(^^^ItemsProcessedScore^^^); ]
I0508 23:35:49.119726  7272 processor.cc:292] Processor: complete processing batch e5d80569-334b-4ffb-8467-d8d322f08da1 into model nwt
I0508 23:35:49.121726  7272 cuckoo_watch.h:45] 112ms in ProcessBatch(school_batches\aaaaaa.batch) [including 9ms in LoadMessage; 0ms in InitializeTheta; 0ms in CreateRegularizerAgents; 3ms in InitializeSparseNdw; 39ms in InferThetaAndUpdateNwtSparse; 7ms in CalculateScore(PerplexityScore); 8ms in CalculateScore(SparsityThetaScore); 40ms in CalculateScore(^^^ItemsProcessedScore^^^); ]
I0508 23:35:49.121726 10236 processor.cc:292] Processor: complete processing batch d86711e7-0e0e-426a-86b7-e484fb0becf6 into model nwt
I0508 23:35:49.123724 10236 cuckoo_watch.h:45] 114ms in ProcessBatch(school_batches\aaaaac.batch) [including 10ms in LoadMessage; 0ms in InitializeTheta; 0ms in CreateRegularizerAgents; 4ms in InitializeSparseNdw; 43ms in InferThetaAndUpdateNwtSparse; 7ms in CalculateScore(PerplexityScore); 8ms in CalculateScore(SparsityThetaScore); 39ms in CalculateScore(^^^ItemsProcessedScore^^^); ]
I0508 23:35:49.128720 14268 processor.cc:158] Processor: start processing batch e6118402-99e9-4917-a0bb-44d0f661e914 into model nwt
I0508 23:35:49.137717  6592 processor.cc:292] Processor: complete processing batch ebc86beb-d0c9-4814-ac4d-6139b0336535 into model nwt
I0508 23:35:49.138713  6592 cuckoo_watch.h:45] 129ms in ProcessBatch(school_batches\aaaaad.batch) [including 9ms in LoadMessage; 0ms in InitializeTheta; 0ms in CreateRegularizerAgents; 3ms in InitializeSparseNdw; 39ms in InferThetaAndUpdateNwtSparse; 8ms in CalculateScore(PerplexityScore); 8ms in CalculateScore(SparsityThetaScore); 57ms in CalculateScore(^^^ItemsProcessedScore^^^); ]
I0508 23:35:49.153707  7272 processor.cc:74] No data in processing queue, waiting...
I0508 23:35:49.155706 10236 processor.cc:74] No data in processing queue, waiting...
I0508 23:35:49.169699  6592 processor.cc:74] No data in processing queue, waiting...
I0508 23:35:49.198676 14268 processor.cc:292] Processor: complete processing batch e6118402-99e9-4917-a0bb-44d0f661e914 into model nwt
I0508 23:35:49.199677 14268 cuckoo_watch.h:45] 81ms in ProcessBatch(school_batches\aaaaae.batch) [including 9ms in LoadMessage; 0ms in InitializeTheta; 0ms in CreateRegularizerAgents; 3ms in InitializeSparseNdw; 29ms in InferThetaAndUpdateNwtSparse; 5ms in CalculateScore(PerplexityScore); 10ms in CalculateScore(SparsityThetaScore); 21ms in CalculateScore(^^^ItemsProcessedScore^^^); ]
I0508 23:35:49.201675 13824 master_component.cc:1455] NormalizeModelArgs: pwt_target_name=pwt, nwt_source_name=nwt, rwt_source_name=
I0508 23:35:49.201675 13824 master_component.cc:1005] MasterComponent: start normalizing model nwt
I0508 23:35:49.254999 13824 master_component.cc:1033] MasterComponent: complete normalizing model nwt
I0508 23:35:49.286247 13824 master_component.cc:1479] DisposeModel rwt
I0508 23:35:49.286247 13824 master_component.cc:1058] FitOffline: ItemsProcessed, num_items=476, num_batches=5, token_weight=160411, token_weight_in_effect=160411
I0508 23:35:49.286247 13824 c_interface.cc:389] Pass FitOfflineMasterModelArgs, batch_filename_size=5, batch_weight_size=5, num_collection_passes=1, reset_nwt=yes to void (__cdecl artm::core::MasterComponent::*)(class artm::FitOfflineMasterModelArgs const & __ptr64) __ptr64
