Log file created at: 2019/05/08 21:56:08
Running on machine: DESKTOP-O70OTE3
Log line format: [IWEF]mmdd hh:mm:ss.uuuuuu threadid file:line] msg
I0508 21:56:08.649250 13824 c_interface.cc:127] Logging enabled to .
I0508 21:56:08.651247 13824 c_interface.cc:128] BigARTM version: v0.10.0
I0508 21:56:08.651247 13824 c_interface.cc:271] Pass MasterModelConfig: topic_name_size=0, score_config_size=1, num_processors=0, pwt_name=pwt, nwt_name=nwt, num_document_passes=0, reuse_theta=no, cache_theta=no, opt_for_avx=yes, disk_cache_path= to ArtmCreateMasterModel
I0508 21:56:08.652245 13824 c_interface.cc:274] Creating MasterModel (id=1)...
I0508 21:56:08.662238 13824 collection_parser.cc:771] CollectionParserConfig.num_threads is automatically set to 4
I0508 21:56:08.993697 13824 c_interface.cc:375] Pass 1b0e5d89-b881-4dde-88ba-b666b7dcd73e to void (__cdecl artm::core::MasterComponent::*)(class std::basic_string<char,struct std::char_traits<char>,class std::allocator<char> > const & __ptr64) __ptr64
I0508 21:56:08.993697 13824 c_interface.cc:389] Pass GatherDictionaryArgs: dictionary_target_name=1b0e5d89-b881-4dde-88ba-b666b7dcd73e, data_path=school_batches, symmetric_cooc_values=0 to void (__cdecl artm::core::MasterComponent::*)(class artm::GatherDictionaryArgs const & __ptr64) __ptr64
I0508 21:56:09.009321 13824 dictionary_operations.cc:265] Found 5 batches in 'school_batches' folder
I0508 21:56:09.062728 13824 dictionary_operations.cc:331] Find 16099 unique tokens in 476 items
I0508 21:56:09.109602 13824 dictionary_operations.cc:611] Dictionary name='1b0e5d89-b881-4dde-88ba-b666b7dcd73e' contains entries: text:16099; 
I0508 21:56:09.134544 13824 c_interface.cc:375] Pass 1b0e5d89-b881-4dde-88ba-b666b7dcd73e to void (__cdecl artm::core::MasterComponent::*)(class std::basic_string<char,struct std::char_traits<char>,class std::allocator<char> > const & __ptr64) __ptr64
I0508 21:56:09.141541 13824 c_interface.cc:339] Disposing MasterComponent (id=1)...
I0508 21:56:09.273490 13824 c_interface.cc:271] Pass MasterModelConfig: topic_name_size=10, score_config_size=1, num_processors=0, pwt_name=pwt, nwt_name=nwt, num_document_passes=10, reuse_theta=no, cache_theta=no, opt_for_avx=yes, disk_cache_path= to ArtmCreateMasterModel
I0508 21:56:09.273490 13824 instance.cc:401] MasterModelConfig.processors_count is automatically set to 4
I0508 21:56:09.274490 13824 c_interface.cc:274] Creating MasterModel (id=2)...
I0508 21:56:09.285481  8856 processor.cc:58] Processor thread started
I0508 21:56:09.286479  2268 processor.cc:58] Processor thread started
I0508 21:56:09.286479  7984 processor.cc:58] Processor thread started
I0508 21:56:09.287479  8380 processor.cc:58] Processor thread started
I0508 21:56:09.319461  2268 processor.cc:74] No data in processing queue, waiting...
I0508 21:56:09.319461  7984 processor.cc:74] No data in processing queue, waiting...
I0508 21:56:09.319461  8856 processor.cc:74] No data in processing queue, waiting...
I0508 21:56:09.321458  8380 processor.cc:74] No data in processing queue, waiting...
I0508 21:57:47.111652 13824 c_interface.cc:389] Pass MasterModelConfig: topic_name_size=10, score_config_size=2, num_processors=0, pwt_name=pwt, nwt_name=nwt, num_document_passes=10, reuse_theta=no, cache_theta=no, opt_for_avx=yes, disk_cache_path= to void (__cdecl artm::core::MasterComponent::*)(class artm::MasterModelConfig const & __ptr64) __ptr64
I0508 21:57:47.113653 13824 instance.cc:401] MasterModelConfig.processors_count is automatically set to 4
I0508 21:57:47.113653 13824 perplexity.cc:27] Perplexity score calculator created: model_type=1, dictionary_name=dictionary
I0508 21:57:47.114652 13824 c_interface.cc:389] Pass MasterModelConfig: topic_name_size=10, score_config_size=3, num_processors=0, pwt_name=pwt, nwt_name=nwt, num_document_passes=10, reuse_theta=no, cache_theta=no, opt_for_avx=yes, disk_cache_path= to void (__cdecl artm::core::MasterComponent::*)(class artm::MasterModelConfig const & __ptr64) __ptr64
I0508 21:57:47.114652 13824 instance.cc:401] MasterModelConfig.processors_count is automatically set to 4
I0508 21:57:47.114652 13824 perplexity.cc:27] Perplexity score calculator created: model_type=1, dictionary_name=dictionary
I0508 21:57:47.114652 13824 c_interface.cc:389] Pass MasterModelConfig: topic_name_size=10, score_config_size=4, num_processors=0, pwt_name=pwt, nwt_name=nwt, num_document_passes=10, reuse_theta=no, cache_theta=no, opt_for_avx=yes, disk_cache_path= to void (__cdecl artm::core::MasterComponent::*)(class artm::MasterModelConfig const & __ptr64) __ptr64
I0508 21:57:47.114652 13824 instance.cc:401] MasterModelConfig.processors_count is automatically set to 4
I0508 21:57:47.115651 13824 perplexity.cc:27] Perplexity score calculator created: model_type=1, dictionary_name=dictionary
I0508 21:57:47.115651 13824 c_interface.cc:389] Pass MasterModelConfig: topic_name_size=10, score_config_size=5, num_processors=0, pwt_name=pwt, nwt_name=nwt, num_document_passes=10, reuse_theta=no, cache_theta=no, opt_for_avx=yes, disk_cache_path= to void (__cdecl artm::core::MasterComponent::*)(class artm::MasterModelConfig const & __ptr64) __ptr64
I0508 21:57:47.115651 13824 instance.cc:401] MasterModelConfig.processors_count is automatically set to 4
I0508 21:57:47.115651 13824 perplexity.cc:27] Perplexity score calculator created: model_type=1, dictionary_name=dictionary
I0508 21:58:10.736449 13824 c_interface.cc:231] ArtmCopyRequestedMessage is copying 530 bytes...
I0508 21:58:10.736449 13824 c_interface.cc:231] ArtmCopyRequestedMessage is copying 530 bytes...
I0508 22:05:23.223845 13824 c_interface.cc:271] Pass MasterModelConfig: topic_name_size=0, score_config_size=1, num_processors=0, pwt_name=pwt, nwt_name=nwt, num_document_passes=0, reuse_theta=no, cache_theta=no, opt_for_avx=yes, disk_cache_path= to ArtmCreateMasterModel
I0508 22:05:23.223845 13824 c_interface.cc:274] Creating MasterModel (id=3)...
I0508 22:05:23.224844 13824 c_interface.cc:375] Pass 26549004-5bb0-4a6a-a9fe-b04f0a53458f to void (__cdecl artm::core::MasterComponent::*)(class std::basic_string<char,struct std::char_traits<char>,class std::allocator<char> > const & __ptr64) __ptr64
I0508 22:05:23.225844 13824 c_interface.cc:389] Pass GatherDictionaryArgs: dictionary_target_name=26549004-5bb0-4a6a-a9fe-b04f0a53458f, data_path=school_batches, symmetric_cooc_values=0 to void (__cdecl artm::core::MasterComponent::*)(class artm::GatherDictionaryArgs const & __ptr64) __ptr64
I0508 22:05:23.226845 13824 dictionary_operations.cc:265] Found 5 batches in 'school_batches' folder
I0508 22:05:23.322785 13824 dictionary_operations.cc:331] Find 16099 unique tokens in 476 items
I0508 22:05:23.355813 13824 dictionary_operations.cc:611] Dictionary name='26549004-5bb0-4a6a-a9fe-b04f0a53458f' contains entries: text:16099; 
I0508 22:05:27.388134 13824 c_interface.cc:271] Pass MasterModelConfig: topic_name_size=0, score_config_size=1, num_processors=0, pwt_name=pwt, nwt_name=nwt, num_document_passes=0, reuse_theta=no, cache_theta=no, opt_for_avx=yes, disk_cache_path= to ArtmCreateMasterModel
I0508 22:05:27.388134 13824 c_interface.cc:274] Creating MasterModel (id=4)...
I0508 22:05:27.388134 13824 c_interface.cc:375] Pass 26549004-5bb0-4a6a-a9fe-b04f0a53458f to void (__cdecl artm::core::MasterComponent::*)(class std::basic_string<char,struct std::char_traits<char>,class std::allocator<char> > const & __ptr64) __ptr64
I0508 22:05:27.400125 13824 c_interface.cc:339] Disposing MasterComponent (id=3)...
I0508 22:05:34.349432 13824 c_interface.cc:271] Pass MasterModelConfig: topic_name_size=0, score_config_size=1, num_processors=0, pwt_name=pwt, nwt_name=nwt, num_document_passes=0, reuse_theta=no, cache_theta=no, opt_for_avx=yes, disk_cache_path= to ArtmCreateMasterModel
I0508 22:05:34.349432 13824 c_interface.cc:274] Creating MasterModel (id=5)...
I0508 22:05:34.349432 13824 c_interface.cc:375] Pass 9a539eac-0deb-4261-912e-f9c834e61d7d to void (__cdecl artm::core::MasterComponent::*)(class std::basic_string<char,struct std::char_traits<char>,class std::allocator<char> > const & __ptr64) __ptr64
I0508 22:05:34.351431 13824 c_interface.cc:339] Disposing MasterComponent (id=4)...
I0508 22:05:38.066005 13824 c_interface.cc:271] Pass MasterModelConfig: topic_name_size=0, score_config_size=1, num_processors=0, pwt_name=pwt, nwt_name=nwt, num_document_passes=0, reuse_theta=no, cache_theta=no, opt_for_avx=yes, disk_cache_path= to ArtmCreateMasterModel
I0508 22:05:38.066005 13824 c_interface.cc:274] Creating MasterModel (id=6)...
I0508 22:05:38.066005 13824 c_interface.cc:375] Pass d0647de4-76ec-47da-ad33-cd2fb67a5a77 to void (__cdecl artm::core::MasterComponent::*)(class std::basic_string<char,struct std::char_traits<char>,class std::allocator<char> > const & __ptr64) __ptr64
I0508 22:05:38.066005 13824 c_interface.cc:339] Disposing MasterComponent (id=5)...
I0508 22:05:38.067003 13824 c_interface.cc:375] Pass 9a83f71a-1c08-4f3c-b62d-1d59c38cc9ae to void (__cdecl artm::core::MasterComponent::*)(class std::basic_string<char,struct std::char_traits<char>,class std::allocator<char> > const & __ptr64) __ptr64
I0508 22:05:38.067003 13824 c_interface.cc:389] Pass GatherDictionaryArgs: dictionary_target_name=9a83f71a-1c08-4f3c-b62d-1d59c38cc9ae, data_path=school_batches, symmetric_cooc_values=0 to void (__cdecl artm::core::MasterComponent::*)(class artm::GatherDictionaryArgs const & __ptr64) __ptr64
I0508 22:05:38.068002 13824 dictionary_operations.cc:265] Found 5 batches in 'school_batches' folder
I0508 22:05:38.159946 13824 dictionary_operations.cc:331] Find 16099 unique tokens in 476 items
I0508 22:05:38.206604 13824 dictionary_operations.cc:611] Dictionary name='9a83f71a-1c08-4f3c-b62d-1d59c38cc9ae' contains entries: text:16099; 
I0508 22:05:53.508128 13824 c_interface.cc:231] ArtmCopyRequestedMessage is copying 578 bytes...
I0508 22:10:55.136256 13824 c_interface.cc:231] ArtmCopyRequestedMessage is copying 578 bytes...
I0508 22:11:03.902887 13824 c_interface.cc:231] ArtmCopyRequestedMessage is copying 578 bytes...
I0508 22:15:18.745052 13824 c_interface.cc:271] Pass MasterModelConfig: topic_name_size=10, score_config_size=1, num_processors=0, pwt_name=pwt, nwt_name=nwt, num_document_passes=10, reuse_theta=no, cache_theta=no, opt_for_avx=yes, disk_cache_path= to ArtmCreateMasterModel
I0508 22:15:18.746050 13824 instance.cc:401] MasterModelConfig.processors_count is automatically set to 4
I0508 22:15:18.746050 13824 c_interface.cc:274] Creating MasterModel (id=7)...
I0508 22:15:18.747050  4732 processor.cc:58] Processor thread started
I0508 22:15:18.747050  2316 processor.cc:58] Processor thread started
I0508 22:15:18.747050  8020 processor.cc:58] Processor thread started
I0508 22:15:18.748049   344 processor.cc:58] Processor thread started
I0508 22:15:18.781030  8020 processor.cc:74] No data in processing queue, waiting...
I0508 22:15:18.781030  2316 processor.cc:74] No data in processing queue, waiting...
I0508 22:15:18.781030  4732 processor.cc:74] No data in processing queue, waiting...
I0508 22:15:18.783026   344 processor.cc:74] No data in processing queue, waiting...
I0508 22:15:20.458338 13824 c_interface.cc:389] Pass MasterModelConfig: topic_name_size=10, score_config_size=2, num_processors=0, pwt_name=pwt, nwt_name=nwt, num_document_passes=10, reuse_theta=no, cache_theta=no, opt_for_avx=yes, disk_cache_path= to void (__cdecl artm::core::MasterComponent::*)(class artm::MasterModelConfig const & __ptr64) __ptr64
I0508 22:15:20.458338 13824 instance.cc:401] MasterModelConfig.processors_count is automatically set to 4
I0508 22:15:20.458338 13824 perplexity.cc:27] Perplexity score calculator created: model_type=1, dictionary_name=dictionary
I0508 22:15:20.458338 13824 c_interface.cc:389] Pass MasterModelConfig: topic_name_size=10, score_config_size=3, num_processors=0, pwt_name=pwt, nwt_name=nwt, num_document_passes=10, reuse_theta=no, cache_theta=no, opt_for_avx=yes, disk_cache_path= to void (__cdecl artm::core::MasterComponent::*)(class artm::MasterModelConfig const & __ptr64) __ptr64
I0508 22:15:20.458338 13824 instance.cc:401] MasterModelConfig.processors_count is automatically set to 4
I0508 22:15:20.458338 13824 perplexity.cc:27] Perplexity score calculator created: model_type=1, dictionary_name=dictionary
I0508 22:15:20.459338 13824 c_interface.cc:389] Pass MasterModelConfig: topic_name_size=10, score_config_size=4, num_processors=0, pwt_name=pwt, nwt_name=nwt, num_document_passes=10, reuse_theta=no, cache_theta=no, opt_for_avx=yes, disk_cache_path= to void (__cdecl artm::core::MasterComponent::*)(class artm::MasterModelConfig const & __ptr64) __ptr64
I0508 22:15:20.459338 13824 instance.cc:401] MasterModelConfig.processors_count is automatically set to 4
I0508 22:15:20.459338 13824 perplexity.cc:27] Perplexity score calculator created: model_type=1, dictionary_name=dictionary
I0508 22:15:20.460337 13824 c_interface.cc:389] Pass MasterModelConfig: topic_name_size=10, score_config_size=5, num_processors=0, pwt_name=pwt, nwt_name=nwt, num_document_passes=10, reuse_theta=no, cache_theta=no, opt_for_avx=yes, disk_cache_path= to void (__cdecl artm::core::MasterComponent::*)(class artm::MasterModelConfig const & __ptr64) __ptr64
I0508 22:15:20.460337 13824 instance.cc:401] MasterModelConfig.processors_count is automatically set to 4
I0508 22:15:20.460337 13824 perplexity.cc:27] Perplexity score calculator created: model_type=1, dictionary_name=dictionary
I0508 22:15:23.413936  8856 processor.cc:66] Processor thread stopped
I0508 22:15:23.413936  8856 processor.cc:67] Total number of processed batches: 0
I0508 22:15:23.415935  2268 processor.cc:66] Processor thread stopped
I0508 22:15:23.415935  2268 processor.cc:67] Total number of processed batches: 0
I0508 22:15:23.415935  7984 processor.cc:66] Processor thread stopped
I0508 22:15:23.415935  7984 processor.cc:67] Total number of processed batches: 0
I0508 22:15:23.415935  8380 processor.cc:66] Processor thread stopped
I0508 22:15:23.415935  8380 processor.cc:67] Total number of processed batches: 0
I0508 22:15:23.416934 13824 c_interface.cc:339] Disposing MasterComponent (id=2)...
I0508 22:15:23.417934 13824 c_interface.cc:271] Pass MasterModelConfig: topic_name_size=0, score_config_size=1, num_processors=0, pwt_name=pwt, nwt_name=nwt, num_document_passes=0, reuse_theta=no, cache_theta=no, opt_for_avx=yes, disk_cache_path= to ArtmCreateMasterModel
I0508 22:15:23.417934 13824 c_interface.cc:274] Creating MasterModel (id=8)...
I0508 22:15:23.417934 13824 c_interface.cc:375] Pass 9a83f71a-1c08-4f3c-b62d-1d59c38cc9ae to void (__cdecl artm::core::MasterComponent::*)(class std::basic_string<char,struct std::char_traits<char>,class std::allocator<char> > const & __ptr64) __ptr64
I0508 22:15:23.427925 13824 c_interface.cc:339] Disposing MasterComponent (id=6)...
I0508 22:15:23.427925 13824 c_interface.cc:375] Pass 44b194a6-483f-4ade-8127-70e96498b47a to void (__cdecl artm::core::MasterComponent::*)(class std::basic_string<char,struct std::char_traits<char>,class std::allocator<char> > const & __ptr64) __ptr64
I0508 22:15:23.428930 13824 c_interface.cc:389] Pass GatherDictionaryArgs: dictionary_target_name=44b194a6-483f-4ade-8127-70e96498b47a, data_path=school_batches, symmetric_cooc_values=0 to void (__cdecl artm::core::MasterComponent::*)(class artm::GatherDictionaryArgs const & __ptr64) __ptr64
I0508 22:15:23.429926 13824 dictionary_operations.cc:265] Found 5 batches in 'school_batches' folder
I0508 22:15:23.528563 13824 dictionary_operations.cc:331] Find 16099 unique tokens in 476 items
I0508 22:15:23.575436 13824 dictionary_operations.cc:611] Dictionary name='44b194a6-483f-4ade-8127-70e96498b47a' contains entries: text:16099; 
I0508 22:15:29.664038 13824 c_interface.cc:375] Pass pwt to void (__cdecl artm::core::MasterComponent::*)(class std::basic_string<char,struct std::char_traits<char>,class std::allocator<char> > const & __ptr64) __ptr64
I0508 22:15:29.664038 13824 c_interface.cc:375] Pass nwt to void (__cdecl artm::core::MasterComponent::*)(class std::basic_string<char,struct std::char_traits<char>,class std::allocator<char> > const & __ptr64) __ptr64
I0508 22:15:29.665037 13824 c_interface.cc:389] Pass InitializeModelArgs: model_name=pwt, dictionary_name=dictionary, topic_name_size=10, seed=-1 to void (__cdecl artm::core::MasterComponent::*)(class artm::InitializeModelArgs const & __ptr64) __ptr64
E0508 22:15:29.665037 13824 c_interface.cc:59] InvalidOperation :  Dictionary 'dictionary' does not exist
I0508 22:16:04.222723 13824 c_interface.cc:375] Pass pwt to void (__cdecl artm::core::MasterComponent::*)(class std::basic_string<char,struct std::char_traits<char>,class std::allocator<char> > const & __ptr64) __ptr64
I0508 22:16:04.222723 13824 c_interface.cc:375] Pass nwt to void (__cdecl artm::core::MasterComponent::*)(class std::basic_string<char,struct std::char_traits<char>,class std::allocator<char> > const & __ptr64) __ptr64
I0508 22:16:04.223721 13824 c_interface.cc:389] Pass InitializeModelArgs: model_name=pwt, dictionary_name=dictionary, topic_name_size=10, seed=-1 to void (__cdecl artm::core::MasterComponent::*)(class artm::InitializeModelArgs const & __ptr64) __ptr64
E0508 22:16:04.223721 13824 c_interface.cc:59] InvalidOperation :  Dictionary 'dictionary' does not exist
I0508 22:16:17.256537 13824 c_interface.cc:375] Pass pwt to void (__cdecl artm::core::MasterComponent::*)(class std::basic_string<char,struct std::char_traits<char>,class std::allocator<char> > const & __ptr64) __ptr64
I0508 22:16:17.256537 13824 c_interface.cc:375] Pass nwt to void (__cdecl artm::core::MasterComponent::*)(class std::basic_string<char,struct std::char_traits<char>,class std::allocator<char> > const & __ptr64) __ptr64
I0508 22:16:17.256537 13824 c_interface.cc:389] Pass InitializeModelArgs: model_name=pwt, dictionary_name=44b194a6-483f-4ade-8127-70e96498b47a, topic_name_size=10, seed=-1 to void (__cdecl artm::core::MasterComponent::*)(class artm::InitializeModelArgs const & __ptr64) __ptr64
I0508 22:16:17.401751 13824 master_component.cc:663] InitializeModel() created matrix pwt with 10 topics and 16099 tokens; 
I0508 22:16:17.401751 13824 c_interface.cc:389] Pass InitializeModelArgs: model_name=nwt, dictionary_name=44b194a6-483f-4ade-8127-70e96498b47a, topic_name_size=10, seed=-1 to void (__cdecl artm::core::MasterComponent::*)(class artm::InitializeModelArgs const & __ptr64) __ptr64
I0508 22:16:17.542374 13824 master_component.cc:663] InitializeModel() created matrix nwt with 10 topics and 16099 tokens; 
I0508 22:16:17.542374 13824 c_interface.cc:231] ArtmCopyRequestedMessage is copying 296 bytes...
I0508 22:16:23.507424 13824 c_interface.cc:389] Pass FitOfflineMasterModelArgs, batch_filename_size=5, batch_weight_size=5, num_collection_passes=1, reset_nwt=yes to void (__cdecl artm::core::MasterComponent::*)(class artm::FitOfflineMasterModelArgs const & __ptr64) __ptr64
I0508 22:16:23.507424 13824 master_component.cc:1404] ProcessBatchesArgs: nwt_target_name=nwt, batch_filename_size=5, batch_size=0, batch_weight_size=5, pwt_source_name=pwt, num_document_passes=10, reuse_theta=no, opt_for_avx=yes, predict_class_id=, reset_nwt=yes
I0508 22:16:23.518417  8020 processor.cc:81] Processing queue has data, processing started
I0508 22:16:23.522413  2316 processor.cc:81] Processing queue has data, processing started
I0508 22:16:23.529407   344 processor.cc:81] Processing queue has data, processing started
I0508 22:16:23.529407  4732 processor.cc:81] Processing queue has data, processing started
I0508 22:16:23.532408  8020 processor.cc:158] Processor: start processing batch cd8d89e6-435f-446e-84cc-759dbd779dbf into model nwt
I0508 22:16:23.541401  4732 processor.cc:158] Processor: start processing batch 36f199af-21f7-4c87-b375-bf86912cca9d into model nwt
I0508 22:16:23.544402  2316 processor.cc:158] Processor: start processing batch 3d984f93-2d38-48d5-b27b-863de72ea3e3 into model nwt
I0508 22:16:23.547399   344 processor.cc:158] Processor: start processing batch c764ec22-170d-472b-a3d7-0a38aa46e3cd into model nwt
E0508 22:16:23.595369  8020 perplexity.cc:52] Perplexity was configured to use UnigramCollectionModel with dictionary dictionary. This dictionary can't be found.
E0508 22:16:23.599366  4732 perplexity.cc:52] Perplexity was configured to use UnigramCollectionModel with dictionary dictionary. This dictionary can't be found.
E0508 22:16:23.603469   344 perplexity.cc:52] Perplexity was configured to use UnigramCollectionModel with dictionary dictionary. This dictionary can't be found.
E0508 22:16:23.603469  2316 perplexity.cc:52] Perplexity was configured to use UnigramCollectionModel with dictionary dictionary. This dictionary can't be found.
E0508 22:16:23.603469  8020 perplexity.cc:52] Perplexity was configured to use UnigramCollectionModel with dictionary dictionary. This dictionary can't be found.
E0508 22:16:23.603469  4732 perplexity.cc:52] Perplexity was configured to use UnigramCollectionModel with dictionary dictionary. This dictionary can't be found.
E0508 22:16:23.619096   344 perplexity.cc:52] Perplexity was configured to use UnigramCollectionModel with dictionary dictionary. This dictionary can't be found.
E0508 22:16:23.619096  2316 perplexity.cc:52] Perplexity was configured to use UnigramCollectionModel with dictionary dictionary. This dictionary can't be found.
E0508 22:16:23.619096  8020 perplexity.cc:52] Perplexity was configured to use UnigramCollectionModel with dictionary dictionary. This dictionary can't be found.
E0508 22:16:23.619096  4732 perplexity.cc:52] Perplexity was configured to use UnigramCollectionModel with dictionary dictionary. This dictionary can't be found.
E0508 22:16:23.619096   344 perplexity.cc:52] Perplexity was configured to use UnigramCollectionModel with dictionary dictionary. This dictionary can't be found.
E0508 22:16:23.619096  2316 perplexity.cc:52] Perplexity was configured to use UnigramCollectionModel with dictionary dictionary. This dictionary can't be found.
E0508 22:16:23.619096  8020 perplexity.cc:52] Perplexity was configured to use UnigramCollectionModel with dictionary dictionary. This dictionary can't be found.
E0508 22:16:23.619096  4732 perplexity.cc:52] Perplexity was configured to use UnigramCollectionModel with dictionary dictionary. This dictionary can't be found.
E0508 22:16:23.619096   344 perplexity.cc:52] Perplexity was configured to use UnigramCollectionModel with dictionary dictionary. This dictionary can't be found.
E0508 22:16:23.619096  2316 perplexity.cc:52] Perplexity was configured to use UnigramCollectionModel with dictionary dictionary. This dictionary can't be found.
E0508 22:16:23.619096  8020 perplexity.cc:52] Perplexity was configured to use UnigramCollectionModel with dictionary dictionary. This dictionary can't be found.
E0508 22:16:23.619096  4732 perplexity.cc:52] Perplexity was configured to use UnigramCollectionModel with dictionary dictionary. This dictionary can't be found.
E0508 22:16:23.619096   344 perplexity.cc:52] Perplexity was configured to use UnigramCollectionModel with dictionary dictionary. This dictionary can't be found.
E0508 22:16:23.619096  2316 perplexity.cc:52] Perplexity was configured to use UnigramCollectionModel with dictionary dictionary. This dictionary can't be found.
E0508 22:16:23.619096  8020 perplexity.cc:52] Perplexity was configured to use UnigramCollectionModel with dictionary dictionary. This dictionary can't be found.
E0508 22:16:23.619096  4732 perplexity.cc:52] Perplexity was configured to use UnigramCollectionModel with dictionary dictionary. This dictionary can't be found.
E0508 22:16:23.619096   344 perplexity.cc:52] Perplexity was configured to use UnigramCollectionModel with dictionary dictionary. This dictionary can't be found.
E0508 22:16:23.619096  2316 perplexity.cc:52] Perplexity was configured to use UnigramCollectionModel with dictionary dictionary. This dictionary can't be found.
E0508 22:16:23.619096  8020 perplexity.cc:52] Perplexity was configured to use UnigramCollectionModel with dictionary dictionary. This dictionary can't be found.
E0508 22:16:23.634719  4732 perplexity.cc:52] Perplexity was configured to use UnigramCollectionModel with dictionary dictionary. This dictionary can't be found.
E0508 22:16:23.634719   344 perplexity.cc:52] Perplexity was configured to use UnigramCollectionModel with dictionary dictionary. This dictionary can't be found.
E0508 22:16:23.634719  2316 perplexity.cc:52] Perplexity was configured to use UnigramCollectionModel with dictionary dictionary. This dictionary can't be found.
E0508 22:16:23.634719  8020 perplexity.cc:52] Perplexity was configured to use UnigramCollectionModel with dictionary dictionary. This dictionary can't be found.
E0508 22:16:23.634719  4732 perplexity.cc:52] Perplexity was configured to use UnigramCollectionModel with dictionary dictionary. This dictionary can't be found.
E0508 22:16:23.634719   344 perplexity.cc:52] Perplexity was configured to use UnigramCollectionModel with dictionary dictionary. This dictionary can't be found.
E0508 22:16:23.634719  2316 perplexity.cc:52] Perplexity was configured to use UnigramCollectionModel with dictionary dictionary. This dictionary can't be found.
E0508 22:16:23.634719  8020 perplexity.cc:52] Perplexity was configured to use UnigramCollectionModel with dictionary dictionary. This dictionary can't be found.
E0508 22:16:23.634719  4732 perplexity.cc:52] Perplexity was configured to use UnigramCollectionModel with dictionary dictionary. This dictionary can't be found.
E0508 22:16:23.634719   344 perplexity.cc:52] Perplexity was configured to use UnigramCollectionModel with dictionary dictionary. This dictionary can't be found.
E0508 22:16:23.650344  2316 perplexity.cc:52] Perplexity was configured to use UnigramCollectionModel with dictionary dictionary. This dictionary can't be found.
E0508 22:16:23.650344  8020 perplexity.cc:52] Perplexity was configured to use UnigramCollectionModel with dictionary dictionary. This dictionary can't be found.
E0508 22:16:23.650344  4732 perplexity.cc:52] Perplexity was configured to use UnigramCollectionModel with dictionary dictionary. This dictionary can't be found.
E0508 22:16:23.650344   344 perplexity.cc:52] Perplexity was configured to use UnigramCollectionModel with dictionary dictionary. This dictionary can't be found.
E0508 22:16:23.650344  2316 perplexity.cc:52] Perplexity was configured to use UnigramCollectionModel with dictionary dictionary. This dictionary can't be found.
E0508 22:16:23.650344  8020 perplexity.cc:52] Perplexity was configured to use UnigramCollectionModel with dictionary dictionary. This dictionary can't be found.
E0508 22:16:23.650344  4732 perplexity.cc:52] Perplexity was configured to use UnigramCollectionModel with dictionary dictionary. This dictionary can't be found.
E0508 22:16:23.650344   344 perplexity.cc:52] Perplexity was configured to use UnigramCollectionModel with dictionary dictionary. This dictionary can't be found.
E0508 22:16:23.650344  2316 perplexity.cc:52] Perplexity was configured to use UnigramCollectionModel with dictionary dictionary. This dictionary can't be found.
E0508 22:16:23.650344  8020 perplexity.cc:52] Perplexity was configured to use UnigramCollectionModel with dictionary dictionary. This dictionary can't be found.
E0508 22:16:23.650344  4732 perplexity.cc:52] Perplexity was configured to use UnigramCollectionModel with dictionary dictionary. This dictionary can't be found.
E0508 22:16:23.650344   344 perplexity.cc:52] Perplexity was configured to use UnigramCollectionModel with dictionary dictionary. This dictionary can't be found.
E0508 22:16:23.650344  2316 perplexity.cc:52] Perplexity was configured to use UnigramCollectionModel with dictionary dictionary. This dictionary can't be found.
E0508 22:16:23.650344  8020 perplexity.cc:52] Perplexity was configured to use UnigramCollectionModel with dictionary dictionary. This dictionary can't be found.
E0508 22:16:23.650344  4732 perplexity.cc:52] Perplexity was configured to use UnigramCollectionModel with dictionary dictionary. This dictionary can't be found.
E0508 22:16:23.650344   344 perplexity.cc:52] Perplexity was configured to use UnigramCollectionModel with dictionary dictionary. This dictionary can't be found.
E0508 22:16:23.650344  2316 perplexity.cc:52] Perplexity was configured to use UnigramCollectionModel with dictionary dictionary. This dictionary can't be found.
E0508 22:16:23.650344  8020 perplexity.cc:52] Perplexity was configured to use UnigramCollectionModel with dictionary dictionary. This dictionary can't be found.
E0508 22:16:23.650344  4732 perplexity.cc:52] Perplexity was configured to use UnigramCollectionModel with dictionary dictionary. This dictionary can't be found.
E0508 22:16:23.650344   344 perplexity.cc:52] Perplexity was configured to use UnigramCollectionModel with dictionary dictionary. This dictionary can't be found.
E0508 22:16:23.650344  2316 perplexity.cc:52] Perplexity was configured to use UnigramCollectionModel with dictionary dictionary. This dictionary can't be found.
E0508 22:16:23.665968  8020 perplexity.cc:52] Perplexity was configured to use UnigramCollectionModel with dictionary dictionary. This dictionary can't be found.
E0508 22:16:23.665968  4732 perplexity.cc:52] Perplexity was configured to use UnigramCollectionModel with dictionary dictionary. This dictionary can't be found.
E0508 22:16:23.665968   344 perplexity.cc:52] Perplexity was configured to use UnigramCollectionModel with dictionary dictionary. This dictionary can't be found.
E0508 22:16:23.665968  2316 perplexity.cc:52] Perplexity was configured to use UnigramCollectionModel with dictionary dictionary. This dictionary can't be found.
E0508 22:16:23.665968  8020 perplexity.cc:52] Perplexity was configured to use UnigramCollectionModel with dictionary dictionary. This dictionary can't be found.
E0508 22:16:23.665968  4732 perplexity.cc:52] Perplexity was configured to use UnigramCollectionModel with dictionary dictionary. This dictionary can't be found.
E0508 22:16:23.665968   344 perplexity.cc:52] Perplexity was configured to use UnigramCollectionModel with dictionary dictionary. This dictionary can't be found.
E0508 22:16:23.665968  2316 perplexity.cc:52] Perplexity was configured to use UnigramCollectionModel with dictionary dictionary. This dictionary can't be found.
E0508 22:16:23.665968  8020 perplexity.cc:52] Perplexity was configured to use UnigramCollectionModel with dictionary dictionary. This dictionary can't be found.
E0508 22:16:23.665968  4732 perplexity.cc:52] Perplexity was configured to use UnigramCollectionModel with dictionary dictionary. This dictionary can't be found.
E0508 22:16:23.665968   344 perplexity.cc:52] Perplexity was configured to use UnigramCollectionModel with dictionary dictionary. This dictionary can't be found.
E0508 22:16:23.681594  2316 perplexity.cc:52] Perplexity was configured to use UnigramCollectionModel with dictionary dictionary. This dictionary can't be found.
E0508 22:16:23.681594  8020 perplexity.cc:52] Perplexity was configured to use UnigramCollectionModel with dictionary dictionary. This dictionary can't be found.
E0508 22:16:23.681594  4732 perplexity.cc:52] Perplexity was configured to use UnigramCollectionModel with dictionary dictionary. This dictionary can't be found.
E0508 22:16:23.681594   344 perplexity.cc:52] Perplexity was configured to use UnigramCollectionModel with dictionary dictionary. This dictionary can't be found.
E0508 22:16:23.681594  2316 perplexity.cc:52] Perplexity was configured to use UnigramCollectionModel with dictionary dictionary. This dictionary can't be found.
E0508 22:16:23.681594  8020 perplexity.cc:52] Perplexity was configured to use UnigramCollectionModel with dictionary dictionary. This dictionary can't be found.
E0508 22:16:23.681594  4732 perplexity.cc:52] Perplexity was configured to use UnigramCollectionModel with dictionary dictionary. This dictionary can't be found.
E0508 22:16:23.681594   344 perplexity.cc:52] Perplexity was configured to use UnigramCollectionModel with dictionary dictionary. This dictionary can't be found.
E0508 22:16:23.681594  2316 perplexity.cc:52] Perplexity was configured to use UnigramCollectionModel with dictionary dictionary. This dictionary can't be found.
E0508 22:16:23.681594  8020 perplexity.cc:52] Perplexity was configured to use UnigramCollectionModel with dictionary dictionary. This dictionary can't be found.
E0508 22:16:23.681594  4732 perplexity.cc:52] Perplexity was configured to use UnigramCollectionModel with dictionary dictionary. This dictionary can't be found.
E0508 22:16:23.681594   344 perplexity.cc:52] Perplexity was configured to use UnigramCollectionModel with dictionary dictionary. This dictionary can't be found.
E0508 22:16:23.697218  2316 perplexity.cc:52] Perplexity was configured to use UnigramCollectionModel with dictionary dictionary. This dictionary can't be found.
E0508 22:16:23.697218  8020 perplexity.cc:52] Perplexity was configured to use UnigramCollectionModel with dictionary dictionary. This dictionary can't be found.
E0508 22:16:23.697218  4732 perplexity.cc:52] Perplexity was configured to use UnigramCollectionModel with dictionary dictionary. This dictionary can't be found.
E0508 22:16:23.697218   344 perplexity.cc:52] Perplexity was configured to use UnigramCollectionModel with dictionary dictionary. This dictionary can't be found.
E0508 22:16:23.697218  2316 perplexity.cc:52] Perplexity was configured to use UnigramCollectionModel with dictionary dictionary. This dictionary can't be found.
E0508 22:16:23.697218  8020 perplexity.cc:52] Perplexity was configured to use UnigramCollectionModel with dictionary dictionary. This dictionary can't be found.
E0508 22:16:23.697218  4732 perplexity.cc:52] Perplexity was configured to use UnigramCollectionModel with dictionary dictionary. This dictionary can't be found.
E0508 22:16:23.697218   344 perplexity.cc:52] Perplexity was configured to use UnigramCollectionModel with dictionary dictionary. This dictionary can't be found.
E0508 22:16:23.697218  2316 perplexity.cc:52] Perplexity was configured to use UnigramCollectionModel with dictionary dictionary. This dictionary can't be found.
E0508 22:16:23.697218  8020 perplexity.cc:52] Perplexity was configured to use UnigramCollectionModel with dictionary dictionary. This dictionary can't be found.
E0508 22:16:23.697218  4732 perplexity.cc:52] Perplexity was configured to use UnigramCollectionModel with dictionary dictionary. This dictionary can't be found.
E0508 22:16:23.697218   344 perplexity.cc:52] Perplexity was configured to use UnigramCollectionModel with dictionary dictionary. This dictionary can't be found.
E0508 22:16:23.712843  2316 perplexity.cc:52] Perplexity was configured to use UnigramCollectionModel with dictionary dictionary. This dictionary can't be found.
E0508 22:16:23.712843  8020 perplexity.cc:52] Perplexity was configured to use UnigramCollectionModel with dictionary dictionary. This dictionary can't be found.
E0508 22:16:23.712843  4732 perplexity.cc:52] Perplexity was configured to use UnigramCollectionModel with dictionary dictionary. This dictionary can't be found.
E0508 22:16:23.712843   344 perplexity.cc:52] Perplexity was configured to use UnigramCollectionModel with dictionary dictionary. This dictionary can't be found.
E0508 22:16:23.712843  2316 perplexity.cc:52] Perplexity was configured to use UnigramCollectionModel with dictionary dictionary. This dictionary can't be found.
E0508 22:16:23.712843  8020 perplexity.cc:52] Perplexity was configured to use UnigramCollectionModel with dictionary dictionary. This dictionary can't be found.
E0508 22:16:23.712843  4732 perplexity.cc:52] Perplexity was configured to use UnigramCollectionModel with dictionary dictionary. This dictionary can't be found.
E0508 22:16:23.712843   344 perplexity.cc:52] Perplexity was configured to use UnigramCollectionModel with dictionary dictionary. This dictionary can't be found.
E0508 22:16:23.712843  2316 perplexity.cc:52] Perplexity was configured to use UnigramCollectionModel with dictionary dictionary. This dictionary can't be found.
I0508 22:16:23.775343  8020 processor.cc:292] Processor: complete processing batch cd8d89e6-435f-446e-84cc-759dbd779dbf into model nwt
I0508 22:16:23.775343  8020 cuckoo_watch.h:45] 259ms in ProcessBatch(school_batches\aaaaaa.batch) [including 13ms in LoadMessage; 0ms in InitializeTheta; 0ms in CreateRegularizerAgents; 8ms in InitializeSparseNdw; 46ms in InferThetaAndUpdateNwtSparse; 138ms in CalculateScore(PerplexityScore); 9ms in CalculateScore(SparsityThetaScore); 40ms in CalculateScore(^^^ItemsProcessedScore^^^); ]
I0508 22:16:23.775343   344 processor.cc:292] Processor: complete processing batch c764ec22-170d-472b-a3d7-0a38aa46e3cd into model nwt
I0508 22:16:23.775343  4732 processor.cc:292] Processor: complete processing batch 36f199af-21f7-4c87-b375-bf86912cca9d into model nwt
I0508 22:16:23.775343   344 cuckoo_watch.h:45] 258ms in ProcessBatch(school_batches\aaaaad.batch) [including 18ms in LoadMessage; 0ms in InitializeTheta; 0ms in CreateRegularizerAgents; 4ms in InitializeSparseNdw; 44ms in InferThetaAndUpdateNwtSparse; 132ms in CalculateScore(PerplexityScore); 10ms in CalculateScore(SparsityThetaScore); 41ms in CalculateScore(^^^ItemsProcessedScore^^^); ]
I0508 22:16:23.775343  4732 cuckoo_watch.h:45] 259ms in ProcessBatch(school_batches\aaaaac.batch) [including 12ms in LoadMessage; 0ms in InitializeTheta; 0ms in CreateRegularizerAgents; 6ms in InitializeSparseNdw; 46ms in InferThetaAndUpdateNwtSparse; 133ms in CalculateScore(PerplexityScore); 15ms in CalculateScore(SparsityThetaScore); 44ms in CalculateScore(^^^ItemsProcessedScore^^^); ]
I0508 22:16:23.775343  2316 processor.cc:292] Processor: complete processing batch 3d984f93-2d38-48d5-b27b-863de72ea3e3 into model nwt
I0508 22:16:23.790964  8020 processor.cc:158] Processor: start processing batch 959b3fb7-0b16-42b5-9ac8-b00e881cb0b6 into model nwt
I0508 22:16:23.790964  2316 cuckoo_watch.h:45] 269ms in ProcessBatch(school_batches\aaaaab.batch) [including 21ms in LoadMessage; 0ms in InitializeTheta; 0ms in CreateRegularizerAgents; 4ms in InitializeSparseNdw; 49ms in InferThetaAndUpdateNwtSparse; 139ms in CalculateScore(PerplexityScore); 9ms in CalculateScore(SparsityThetaScore); 42ms in CalculateScore(^^^ItemsProcessedScore^^^); ]
I0508 22:16:23.837838  8020 processor.cc:292] Processor: complete processing batch 959b3fb7-0b16-42b5-9ac8-b00e881cb0b6 into model nwt
I0508 22:16:23.837838  8020 cuckoo_watch.h:45] 72ms in ProcessBatch(school_batches\aaaaae.batch) [including 12ms in LoadMessage; 0ms in InitializeTheta; 0ms in CreateRegularizerAgents; 3ms in InitializeSparseNdw; 25ms in InferThetaAndUpdateNwtSparse; 5ms in CalculateScore(PerplexityScore); 4ms in CalculateScore(SparsityThetaScore); 18ms in CalculateScore(^^^ItemsProcessedScore^^^); ]
I0508 22:16:23.853483 13824 master_component.cc:1455] NormalizeModelArgs: pwt_target_name=pwt, nwt_source_name=nwt, rwt_source_name=
I0508 22:16:23.853483 13824 master_component.cc:1005] MasterComponent: start normalizing model nwt
I0508 22:16:23.900337 13824 master_component.cc:1033] MasterComponent: complete normalizing model nwt
I0508 22:16:23.947211 13824 master_component.cc:1479] DisposeModel rwt
I0508 22:16:23.947211 13824 master_component.cc:1058] FitOffline: ItemsProcessed, num_items=476, num_batches=5, token_weight=160411, token_weight_in_effect=160411
I0508 22:16:23.947211 13824 c_interface.cc:389] Pass FitOfflineMasterModelArgs, batch_filename_size=5, batch_weight_size=5, num_collection_passes=1, reset_nwt=yes to void (__cdecl artm::core::MasterComponent::*)(class artm::FitOfflineMasterModelArgs const & __ptr64) __ptr64
I0508 22:16:23.947211 13824 master_component.cc:1404] ProcessBatchesArgs: nwt_target_name=nwt, batch_filename_size=5, batch_size=0, batch_weight_size=5, pwt_source_name=pwt, num_document_passes=10, reuse_theta=no, opt_for_avx=yes, predict_class_id=, reset_nwt=yes
I0508 22:16:23.962838  2316 processor.cc:158] Processor: start processing batch 3d984f93-2d38-48d5-b27b-863de72ea3e3 into model nwt
I0508 22:16:23.962838  4732 processor.cc:158] Processor: start processing batch 36f199af-21f7-4c87-b375-bf86912cca9d into model nwt
I0508 22:16:23.962838   344 processor.cc:158] Processor: start processing batch c764ec22-170d-472b-a3d7-0a38aa46e3cd into model nwt
I0508 22:16:23.962838  8020 processor.cc:158] Processor: start processing batch cd8d89e6-435f-446e-84cc-759dbd779dbf into model nwt
I0508 22:16:24.072209  4732 processor.cc:292] Processor: complete processing batch 36f199af-21f7-4c87-b375-bf86912cca9d into model nwt
I0508 22:16:24.072209   344 processor.cc:292] Processor: complete processing batch c764ec22-170d-472b-a3d7-0a38aa46e3cd into model nwt
I0508 22:16:24.072209  8020 processor.cc:292] Processor: complete processing batch cd8d89e6-435f-446e-84cc-759dbd779dbf into model nwt
I0508 22:16:24.072209  2316 processor.cc:292] Processor: complete processing batch 3d984f93-2d38-48d5-b27b-863de72ea3e3 into model nwt
I0508 22:16:24.072209  4732 cuckoo_watch.h:45] 121ms in ProcessBatch(school_batches\aaaaac.batch) [including 11ms in LoadMessage; 0ms in InitializeTheta; 0ms in CreateRegularizerAgents; 4ms in InitializeSparseNdw; 40ms in InferThetaAndUpdateNwtSparse; 10ms in CalculateScore(PerplexityScore); 10ms in CalculateScore(SparsityThetaScore); 39ms in CalculateScore(^^^ItemsProcessedScore^^^); ]
I0508 22:16:24.072209  8020 cuckoo_watch.h:45] 122ms in ProcessBatch(school_batches\aaaaaa.batch) [including 12ms in LoadMessage; 0ms in InitializeTheta; 0ms in CreateRegularizerAgents; 4ms in InitializeSparseNdw; 39ms in InferThetaAndUpdateNwtSparse; 10ms in CalculateScore(PerplexityScore); 10ms in CalculateScore(SparsityThetaScore); 42ms in CalculateScore(^^^ItemsProcessedScore^^^); ]
I0508 22:16:24.072209  2316 cuckoo_watch.h:45] 123ms in ProcessBatch(school_batches\aaaaab.batch) [including 11ms in LoadMessage; 0ms in InitializeTheta; 0ms in CreateRegularizerAgents; 4ms in InitializeSparseNdw; 42ms in InferThetaAndUpdateNwtSparse; 11ms in CalculateScore(PerplexityScore); 9ms in CalculateScore(SparsityThetaScore); 40ms in CalculateScore(^^^ItemsProcessedScore^^^); ]
I0508 22:16:24.072209   344 cuckoo_watch.h:45] 124ms in ProcessBatch(school_batches\aaaaad.batch) [including 11ms in LoadMessage; 0ms in InitializeTheta; 0ms in CreateRegularizerAgents; 4ms in InitializeSparseNdw; 40ms in InferThetaAndUpdateNwtSparse; 10ms in CalculateScore(PerplexityScore); 10ms in CalculateScore(SparsityThetaScore); 39ms in CalculateScore(^^^ItemsProcessedScore^^^); ]
I0508 22:16:24.087831  4732 processor.cc:158] Processor: start processing batch 959b3fb7-0b16-42b5-9ac8-b00e881cb0b6 into model nwt
I0508 22:16:24.134707  4732 processor.cc:292] Processor: complete processing batch 959b3fb7-0b16-42b5-9ac8-b00e881cb0b6 into model nwt
I0508 22:16:24.134707  4732 cuckoo_watch.h:45] 63ms in ProcessBatch(school_batches\aaaaae.batch) [including 7ms in LoadMessage; 0ms in InitializeTheta; 0ms in CreateRegularizerAgents; 2ms in InitializeSparseNdw; 24ms in InferThetaAndUpdateNwtSparse; 5ms in CalculateScore(PerplexityScore); 4ms in CalculateScore(SparsityThetaScore); 18ms in CalculateScore(^^^ItemsProcessedScore^^^); ]
I0508 22:16:24.150334 13824 master_component.cc:1455] NormalizeModelArgs: pwt_target_name=pwt, nwt_source_name=nwt, rwt_source_name=
I0508 22:16:24.150334 13824 master_component.cc:1005] MasterComponent: start normalizing model nwt
I0508 22:16:24.228459 13824 master_component.cc:1033] MasterComponent: complete normalizing model nwt
I0508 22:16:24.259703 13824 master_component.cc:1479] DisposeModel rwt
I0508 22:16:24.259703 13824 master_component.cc:1058] FitOffline: ItemsProcessed, num_items=476, num_batches=5, token_weight=160411, token_weight_in_effect=160411
I0508 22:16:24.259703 13824 c_interface.cc:389] Pass FitOfflineMasterModelArgs, batch_filename_size=5, batch_weight_size=5, num_collection_passes=1, reset_nwt=yes to void (__cdecl artm::core::MasterComponent::*)(class artm::FitOfflineMasterModelArgs const & __ptr64) __ptr64
I0508 22:16:24.259703 13824 master_component.cc:1404] ProcessBatchesArgs: nwt_target_name=nwt, batch_filename_size=5, batch_size=0, batch_weight_size=5, pwt_source_name=pwt, num_document_passes=10, reuse_theta=no, opt_for_avx=yes, predict_class_id=, reset_nwt=yes
I0508 22:16:24.290953  8020 processor.cc:158] Processor: start processing batch cd8d89e6-435f-446e-84cc-759dbd779dbf into model nwt
I0508 22:16:24.290953  2316 processor.cc:158] Processor: start processing batch 36f199af-21f7-4c87-b375-bf86912cca9d into model nwt
I0508 22:16:24.290953   344 processor.cc:158] Processor: start processing batch 3d984f93-2d38-48d5-b27b-863de72ea3e3 into model nwt
I0508 22:16:24.322201  4732 processor.cc:158] Processor: start processing batch c764ec22-170d-472b-a3d7-0a38aa46e3cd into model nwt
I0508 22:16:24.400322  2316 processor.cc:292] Processor: complete processing batch 36f199af-21f7-4c87-b375-bf86912cca9d into model nwt
I0508 22:16:24.400322  2316 cuckoo_watch.h:45] 118ms in ProcessBatch(school_batches\aaaaac.batch) [including 10ms in LoadMessage; 0ms in InitializeTheta; 0ms in CreateRegularizerAgents; 4ms in InitializeSparseNdw; 44ms in InferThetaAndUpdateNwtSparse; 8ms in CalculateScore(PerplexityScore); 9ms in CalculateScore(SparsityThetaScore); 39ms in CalculateScore(^^^ItemsProcessedScore^^^); ]
I0508 22:16:24.415946  2316 processor.cc:158] Processor: start processing batch 959b3fb7-0b16-42b5-9ac8-b00e881cb0b6 into model nwt
I0508 22:16:24.415946   344 processor.cc:292] Processor: complete processing batch 3d984f93-2d38-48d5-b27b-863de72ea3e3 into model nwt
I0508 22:16:24.415946   344 cuckoo_watch.h:45] 130ms in ProcessBatch(school_batches\aaaaab.batch) [including 10ms in LoadMessage; 0ms in InitializeTheta; 0ms in CreateRegularizerAgents; 4ms in InitializeSparseNdw; 44ms in InferThetaAndUpdateNwtSparse; 11ms in CalculateScore(PerplexityScore); 15ms in CalculateScore(SparsityThetaScore); 39ms in CalculateScore(^^^ItemsProcessedScore^^^); ]
I0508 22:16:24.415946  8020 processor.cc:292] Processor: complete processing batch cd8d89e6-435f-446e-84cc-759dbd779dbf into model nwt
I0508 22:16:24.415946  8020 cuckoo_watch.h:45] 137ms in ProcessBatch(school_batches\aaaaaa.batch) [including 10ms in LoadMessage; 0ms in InitializeTheta; 0ms in CreateRegularizerAgents; 5ms in InitializeSparseNdw; 58ms in InferThetaAndUpdateNwtSparse; 14ms in CalculateScore(PerplexityScore); 8ms in CalculateScore(SparsityThetaScore); 38ms in CalculateScore(^^^ItemsProcessedScore^^^); ]
I0508 22:16:24.447196  4732 processor.cc:292] Processor: complete processing batch c764ec22-170d-472b-a3d7-0a38aa46e3cd into model nwt
I0508 22:16:24.447196  4732 cuckoo_watch.h:45] 136ms in ProcessBatch(school_batches\aaaaad.batch) [including 9ms in LoadMessage; 0ms in InitializeTheta; 0ms in CreateRegularizerAgents; 4ms in InitializeSparseNdw; 77ms in InferThetaAndUpdateNwtSparse; 9ms in CalculateScore(PerplexityScore); 9ms in CalculateScore(SparsityThetaScore); 23ms in CalculateScore(^^^ItemsProcessedScore^^^); ]
I0508 22:16:24.478447  2316 processor.cc:292] Processor: complete processing batch 959b3fb7-0b16-42b5-9ac8-b00e881cb0b6 into model nwt
I0508 22:16:24.478447  2316 cuckoo_watch.h:45] 74ms in ProcessBatch(school_batches\aaaaae.batch) [including 8ms in LoadMessage; 0ms in InitializeTheta; 0ms in CreateRegularizerAgents; 4ms in InitializeSparseNdw; 29ms in InferThetaAndUpdateNwtSparse; 5ms in CalculateScore(PerplexityScore); 4ms in CalculateScore(SparsityThetaScore); 18ms in CalculateScore(^^^ItemsProcessedScore^^^); ]
I0508 22:16:24.494071 13824 master_component.cc:1455] NormalizeModelArgs: pwt_target_name=pwt, nwt_source_name=nwt, rwt_source_name=
I0508 22:16:24.494071 13824 master_component.cc:1005] MasterComponent: start normalizing model nwt
I0508 22:16:24.533984   344 processor.cc:74] No data in processing queue, waiting...
I0508 22:16:24.533984  8020 processor.cc:74] No data in processing queue, waiting...
I0508 22:16:24.536983  4732 processor.cc:74] No data in processing queue, waiting...
I0508 22:16:24.540978  2316 processor.cc:74] No data in processing queue, waiting...
I0508 22:16:24.574957 13824 master_component.cc:1033] MasterComponent: complete normalizing model nwt
I0508 22:16:24.603641 13824 master_component.cc:1479] DisposeModel rwt
I0508 22:16:24.603641 13824 master_component.cc:1058] FitOffline: ItemsProcessed, num_items=476, num_batches=5, token_weight=160411, token_weight_in_effect=160411
I0508 22:16:24.603641 13824 c_interface.cc:389] Pass FitOfflineMasterModelArgs, batch_filename_size=5, batch_weight_size=5, num_collection_passes=1, reset_nwt=yes to void (__cdecl artm::core::MasterComponent::*)(class artm::FitOfflineMasterModelArgs const & __ptr64) __ptr64
I0508 22:16:24.603641 13824 master_component.cc:1404] ProcessBatchesArgs: nwt_target_name=nwt, batch_filename_size=5, batch_size=0, batch_weight_size=5, pwt_source_name=pwt, num_document_passes=10, reuse_theta=no, opt_for_avx=yes, predict_class_id=, reset_nwt=yes
I0508 22:16:24.634891  2316 processor.cc:81] Processing queue has data, processing started
I0508 22:16:24.634891  4732 processor.cc:81] Processing queue has data, processing started
I0508 22:16:24.634891  8020 processor.cc:81] Processing queue has data, processing started
I0508 22:16:24.634891   344 processor.cc:81] Processing queue has data, processing started
I0508 22:16:24.634891   344 processor.cc:158] Processor: start processing batch c764ec22-170d-472b-a3d7-0a38aa46e3cd into model nwt
I0508 22:16:24.634891  2316 processor.cc:158] Processor: start processing batch cd8d89e6-435f-446e-84cc-759dbd779dbf into model nwt
