I0508 22:16:34.929100 13824 master_component.cc:1033] MasterComponent: complete normalizing model nwt
I0508 22:16:34.975970 13824 master_component.cc:1479] DisposeModel rwt
I0508 22:16:34.975970 13824 master_component.cc:1058] FitOffline: ItemsProcessed, num_items=476, num_batches=5, token_weight=160411, token_weight_in_effect=160411
I0508 22:16:34.975970 13824 c_interface.cc:389] Pass FitOfflineMasterModelArgs, batch_filename_size=5, batch_weight_size=5, num_collection_passes=1, reset_nwt=yes to void (__cdecl artm::core::MasterComponent::*)(class artm::FitOfflineMasterModelArgs const & __ptr64) __ptr64
I0508 22:16:34.975970 13824 master_component.cc:1404] ProcessBatchesArgs: nwt_target_name=nwt, batch_filename_size=5, batch_size=0, batch_weight_size=5, pwt_source_name=pwt, num_document_passes=10, reuse_theta=no, opt_for_avx=yes, predict_class_id=, reset_nwt=yes
I0508 22:16:34.991609  8020 processor.cc:158] Processor: start processing batch cd8d89e6-435f-446e-84cc-759dbd779dbf into model nwt
I0508 22:16:34.991609   344 processor.cc:158] Processor: start processing batch 3d984f93-2d38-48d5-b27b-863de72ea3e3 into model nwt
I0508 22:16:34.991609  4732 processor.cc:158] Processor: start processing batch c764ec22-170d-472b-a3d7-0a38aa46e3cd into model nwt
I0508 22:16:34.991609  2316 processor.cc:158] Processor: start processing batch 36f199af-21f7-4c87-b375-bf86912cca9d into model nwt
I0508 22:16:35.085338  8020 processor.cc:292] Processor: complete processing batch cd8d89e6-435f-446e-84cc-759dbd779dbf into model nwt
I0508 22:16:35.100963   344 processor.cc:292] Processor: complete processing batch 3d984f93-2d38-48d5-b27b-863de72ea3e3 into model nwt
I0508 22:16:35.100963  4732 processor.cc:292] Processor: complete processing batch c764ec22-170d-472b-a3d7-0a38aa46e3cd into model nwt
I0508 22:16:35.100963  8020 cuckoo_watch.h:45] 110ms in ProcessBatch(school_batches\aaaaaa.batch) [including 10ms in LoadMessage; 0ms in InitializeTheta; 0ms in CreateRegularizerAgents; 3ms in InitializeSparseNdw; 42ms in InferThetaAndUpdateNwtSparse; 7ms in CalculateScore(PerplexityScore); 8ms in CalculateScore(SparsityThetaScore); 36ms in CalculateScore(^^^ItemsProcessedScore^^^); ]
I0508 22:16:35.100963   344 cuckoo_watch.h:45] 111ms in ProcessBatch(school_batches\aaaaab.batch) [including 10ms in LoadMessage; 0ms in InitializeTheta; 0ms in CreateRegularizerAgents; 3ms in InitializeSparseNdw; 43ms in InferThetaAndUpdateNwtSparse; 7ms in CalculateScore(PerplexityScore); 7ms in CalculateScore(SparsityThetaScore); 36ms in CalculateScore(^^^ItemsProcessedScore^^^); ]
I0508 22:16:35.100963  4732 cuckoo_watch.h:45] 112ms in ProcessBatch(school_batches\aaaaad.batch) [including 10ms in LoadMessage; 0ms in InitializeTheta; 0ms in CreateRegularizerAgents; 4ms in InitializeSparseNdw; 44ms in InferThetaAndUpdateNwtSparse; 7ms in CalculateScore(PerplexityScore); 8ms in CalculateScore(SparsityThetaScore); 35ms in CalculateScore(^^^ItemsProcessedScore^^^); ]
I0508 22:16:35.100963  2316 processor.cc:292] Processor: complete processing batch 36f199af-21f7-4c87-b375-bf86912cca9d into model nwt
I0508 22:16:35.100963  2316 cuckoo_watch.h:45] 114ms in ProcessBatch(school_batches\aaaaac.batch) [including 10ms in LoadMessage; 0ms in InitializeTheta; 0ms in CreateRegularizerAgents; 4ms in InitializeSparseNdw; 46ms in InferThetaAndUpdateNwtSparse; 8ms in CalculateScore(PerplexityScore); 7ms in CalculateScore(SparsityThetaScore); 35ms in CalculateScore(^^^ItemsProcessedScore^^^); ]
I0508 22:16:35.100963  8020 processor.cc:158] Processor: start processing batch 959b3fb7-0b16-42b5-9ac8-b00e881cb0b6 into model nwt
I0508 22:16:35.163461  8020 processor.cc:292] Processor: complete processing batch 959b3fb7-0b16-42b5-9ac8-b00e881cb0b6 into model nwt
I0508 22:16:35.163461  8020 cuckoo_watch.h:45] 63ms in ProcessBatch(school_batches\aaaaae.batch) [including 5ms in LoadMessage; 0ms in InitializeTheta; 0ms in CreateRegularizerAgents; 1ms in InitializeSparseNdw; 27ms in InferThetaAndUpdateNwtSparse; 4ms in CalculateScore(PerplexityScore); 4ms in CalculateScore(SparsityThetaScore); 18ms in CalculateScore(^^^ItemsProcessedScore^^^); ]
I0508 22:16:35.179085 13824 master_component.cc:1455] NormalizeModelArgs: pwt_target_name=pwt, nwt_source_name=nwt, rwt_source_name=
I0508 22:16:35.179085 13824 master_component.cc:1005] MasterComponent: start normalizing model nwt
I0508 22:16:35.226114 13824 master_component.cc:1033] MasterComponent: complete normalizing model nwt
I0508 22:16:35.257367 13824 master_component.cc:1479] DisposeModel rwt
I0508 22:16:35.257367 13824 master_component.cc:1058] FitOffline: ItemsProcessed, num_items=476, num_batches=5, token_weight=160411, token_weight_in_effect=160411
I0508 22:16:35.257367 13824 c_interface.cc:389] Pass FitOfflineMasterModelArgs, batch_filename_size=5, batch_weight_size=5, num_collection_passes=1, reset_nwt=yes to void (__cdecl artm::core::MasterComponent::*)(class artm::FitOfflineMasterModelArgs const & __ptr64) __ptr64
I0508 22:16:35.257367 13824 master_component.cc:1404] ProcessBatchesArgs: nwt_target_name=nwt, batch_filename_size=5, batch_size=0, batch_weight_size=5, pwt_source_name=pwt, num_document_passes=10, reuse_theta=no, opt_for_avx=yes, predict_class_id=, reset_nwt=yes
I0508 22:16:35.288630  4732 processor.cc:158] Processor: start processing batch c764ec22-170d-472b-a3d7-0a38aa46e3cd into model nwt
I0508 22:16:35.288630  8020 processor.cc:158] Processor: start processing batch 3d984f93-2d38-48d5-b27b-863de72ea3e3 into model nwt
I0508 22:16:35.288630  2316 processor.cc:158] Processor: start processing batch cd8d89e6-435f-446e-84cc-759dbd779dbf into model nwt
I0508 22:16:35.288630   344 processor.cc:158] Processor: start processing batch 36f199af-21f7-4c87-b375-bf86912cca9d into model nwt
I0508 22:16:35.382359  8020 processor.cc:292] Processor: complete processing batch 3d984f93-2d38-48d5-b27b-863de72ea3e3 into model nwt
I0508 22:16:35.382359  4732 processor.cc:292] Processor: complete processing batch c764ec22-170d-472b-a3d7-0a38aa46e3cd into model nwt
I0508 22:16:35.397985   344 processor.cc:292] Processor: complete processing batch 36f199af-21f7-4c87-b375-bf86912cca9d into model nwt
I0508 22:16:35.397985  8020 cuckoo_watch.h:45] 110ms in ProcessBatch(school_batches\aaaaab.batch) [including 9ms in LoadMessage; 0ms in InitializeTheta; 0ms in CreateRegularizerAgents; 3ms in InitializeSparseNdw; 43ms in InferThetaAndUpdateNwtSparse; 7ms in CalculateScore(PerplexityScore); 7ms in CalculateScore(SparsityThetaScore); 36ms in CalculateScore(^^^ItemsProcessedScore^^^); ]
I0508 22:16:35.397985   344 cuckoo_watch.h:45] 111ms in ProcessBatch(school_batches\aaaaac.batch) [including 9ms in LoadMessage; 0ms in InitializeTheta; 0ms in CreateRegularizerAgents; 3ms in InitializeSparseNdw; 43ms in InferThetaAndUpdateNwtSparse; 7ms in CalculateScore(PerplexityScore); 7ms in CalculateScore(SparsityThetaScore); 36ms in CalculateScore(^^^ItemsProcessedScore^^^); ]
I0508 22:16:35.397985  4732 cuckoo_watch.h:45] 111ms in ProcessBatch(school_batches\aaaaad.batch) [including 9ms in LoadMessage; 0ms in InitializeTheta; 0ms in CreateRegularizerAgents; 3ms in InitializeSparseNdw; 43ms in InferThetaAndUpdateNwtSparse; 7ms in CalculateScore(PerplexityScore); 7ms in CalculateScore(SparsityThetaScore); 36ms in CalculateScore(^^^ItemsProcessedScore^^^); ]
I0508 22:16:35.397985  2316 processor.cc:292] Processor: complete processing batch cd8d89e6-435f-446e-84cc-759dbd779dbf into model nwt
I0508 22:16:35.397985  2316 cuckoo_watch.h:45] 113ms in ProcessBatch(school_batches\aaaaaa.batch) [including 9ms in LoadMessage; 0ms in InitializeTheta; 0ms in CreateRegularizerAgents; 3ms in InitializeSparseNdw; 44ms in InferThetaAndUpdateNwtSparse; 7ms in CalculateScore(PerplexityScore); 8ms in CalculateScore(SparsityThetaScore); 37ms in CalculateScore(^^^ItemsProcessedScore^^^); ]
I0508 22:16:35.397985  8020 processor.cc:158] Processor: start processing batch 959b3fb7-0b16-42b5-9ac8-b00e881cb0b6 into model nwt
I0508 22:16:35.460484  8020 processor.cc:292] Processor: complete processing batch 959b3fb7-0b16-42b5-9ac8-b00e881cb0b6 into model nwt
I0508 22:16:35.460484  8020 cuckoo_watch.h:45] 65ms in ProcessBatch(school_batches\aaaaae.batch) [including 8ms in LoadMessage; 0ms in InitializeTheta; 0ms in CreateRegularizerAgents; 1ms in InitializeSparseNdw; 26ms in InferThetaAndUpdateNwtSparse; 4ms in CalculateScore(PerplexityScore); 4ms in CalculateScore(SparsityThetaScore); 18ms in CalculateScore(^^^ItemsProcessedScore^^^); ]
I0508 22:16:35.476107 13824 master_component.cc:1455] NormalizeModelArgs: pwt_target_name=pwt, nwt_source_name=nwt, rwt_source_name=
I0508 22:16:35.476107 13824 master_component.cc:1005] MasterComponent: start normalizing model nwt
I0508 22:16:35.538602 13824 master_component.cc:1033] MasterComponent: complete normalizing model nwt
I0508 22:16:35.585481 13824 master_component.cc:1479] DisposeModel rwt
I0508 22:16:35.585481 13824 master_component.cc:1058] FitOffline: ItemsProcessed, num_items=476, num_batches=5, token_weight=160411, token_weight_in_effect=160411
I0508 22:16:35.585481 13824 c_interface.cc:389] Pass FitOfflineMasterModelArgs, batch_filename_size=5, batch_weight_size=5, num_collection_passes=1, reset_nwt=yes to void (__cdecl artm::core::MasterComponent::*)(class artm::FitOfflineMasterModelArgs const & __ptr64) __ptr64
I0508 22:16:35.585481 13824 master_component.cc:1404] ProcessBatchesArgs: nwt_target_name=nwt, batch_filename_size=5, batch_size=0, batch_weight_size=5, pwt_source_name=pwt, num_document_passes=10, reuse_theta=no, opt_for_avx=yes, predict_class_id=, reset_nwt=yes
I0508 22:16:35.607010  2316 processor.cc:158] Processor: start processing batch 3d984f93-2d38-48d5-b27b-863de72ea3e3 into model nwt
I0508 22:16:35.608009  8020 processor.cc:158] Processor: start processing batch c764ec22-170d-472b-a3d7-0a38aa46e3cd into model nwt
I0508 22:16:35.608009   344 processor.cc:158] Processor: start processing batch 36f199af-21f7-4c87-b375-bf86912cca9d into model nwt
I0508 22:16:35.613006  4732 processor.cc:158] Processor: start processing batch cd8d89e6-435f-446e-84cc-759dbd779dbf into model nwt
I0508 22:16:35.709592  8020 processor.cc:292] Processor: complete processing batch c764ec22-170d-472b-a3d7-0a38aa46e3cd into model nwt
I0508 22:16:35.709592   344 processor.cc:292] Processor: complete processing batch 36f199af-21f7-4c87-b375-bf86912cca9d into model nwt
I0508 22:16:35.709592  8020 cuckoo_watch.h:45] 120ms in ProcessBatch(school_batches\aaaaad.batch) [including 10ms in LoadMessage; 0ms in InitializeTheta; 0ms in CreateRegularizerAgents; 5ms in InitializeSparseNdw; 44ms in InferThetaAndUpdateNwtSparse; 10ms in CalculateScore(PerplexityScore); 10ms in CalculateScore(SparsityThetaScore); 38ms in CalculateScore(^^^ItemsProcessedScore^^^); ]
I0508 22:16:35.709592   344 cuckoo_watch.h:45] 120ms in ProcessBatch(school_batches\aaaaac.batch) [including 10ms in LoadMessage; 0ms in InitializeTheta; 0ms in CreateRegularizerAgents; 4ms in InitializeSparseNdw; 44ms in InferThetaAndUpdateNwtSparse; 8ms in CalculateScore(PerplexityScore); 11ms in CalculateScore(SparsityThetaScore); 38ms in CalculateScore(^^^ItemsProcessedScore^^^); ]
I0508 22:16:35.709592  4732 processor.cc:292] Processor: complete processing batch cd8d89e6-435f-446e-84cc-759dbd779dbf into model nwt
I0508 22:16:35.709592  2316 processor.cc:292] Processor: complete processing batch 3d984f93-2d38-48d5-b27b-863de72ea3e3 into model nwt
I0508 22:16:35.709592  4732 cuckoo_watch.h:45] 125ms in ProcessBatch(school_batches\aaaaaa.batch) [including 15ms in LoadMessage; 0ms in InitializeTheta; 0ms in CreateRegularizerAgents; 4ms in InitializeSparseNdw; 43ms in InferThetaAndUpdateNwtSparse; 14ms in CalculateScore(PerplexityScore); 8ms in CalculateScore(SparsityThetaScore); 37ms in CalculateScore(^^^ItemsProcessedScore^^^); ]
I0508 22:16:35.709592  2316 cuckoo_watch.h:45] 126ms in ProcessBatch(school_batches\aaaaab.batch) [including 9ms in LoadMessage; 0ms in InitializeTheta; 0ms in CreateRegularizerAgents; 4ms in InitializeSparseNdw; 46ms in InferThetaAndUpdateNwtSparse; 17ms in CalculateScore(PerplexityScore); 8ms in CalculateScore(SparsityThetaScore); 37ms in CalculateScore(^^^ItemsProcessedScore^^^); ]
I0508 22:16:35.725219  8020 processor.cc:158] Processor: start processing batch 959b3fb7-0b16-42b5-9ac8-b00e881cb0b6 into model nwt
I0508 22:16:35.772094  8020 processor.cc:292] Processor: complete processing batch 959b3fb7-0b16-42b5-9ac8-b00e881cb0b6 into model nwt
I0508 22:16:35.772094  8020 cuckoo_watch.h:45] 64ms in ProcessBatch(school_batches\aaaaae.batch) [including 7ms in LoadMessage; 0ms in InitializeTheta; 0ms in CreateRegularizerAgents; 2ms in InitializeSparseNdw; 27ms in InferThetaAndUpdateNwtSparse; 4ms in CalculateScore(PerplexityScore); 4ms in CalculateScore(SparsityThetaScore); 18ms in CalculateScore(^^^ItemsProcessedScore^^^); ]
I0508 22:16:35.787719 13824 master_component.cc:1455] NormalizeModelArgs: pwt_target_name=pwt, nwt_source_name=nwt, rwt_source_name=
I0508 22:16:35.787719 13824 master_component.cc:1005] MasterComponent: start normalizing model nwt
I0508 22:16:35.834596 13824 master_component.cc:1033] MasterComponent: complete normalizing model nwt
I0508 22:16:35.865842 13824 master_component.cc:1479] DisposeModel rwt
I0508 22:16:35.865842 13824 master_component.cc:1058] FitOffline: ItemsProcessed, num_items=476, num_batches=5, token_weight=160411, token_weight_in_effect=160411
I0508 22:16:35.923627   344 processor.cc:74] No data in processing queue, waiting...
I0508 22:16:35.923627  4732 processor.cc:74] No data in processing queue, waiting...
I0508 22:16:35.923627  2316 processor.cc:74] No data in processing queue, waiting...
I0508 22:16:35.926626  8020 processor.cc:74] No data in processing queue, waiting...
I0508 22:28:34.469581 13824 c_interface.cc:231] ArtmCopyRequestedMessage is copying 1920 bytes...
I0508 22:33:03.005753 13824 c_interface.cc:231] ArtmCopyRequestedMessage is copying 1920 bytes...
I0508 22:40:18.321938 13824 c_interface.cc:231] ArtmCopyRequestedMessage is copying 680 bytes...
I0508 22:56:08.884539 13824 c_interface.cc:231] ArtmCopyRequestedMessage is copying 152286 bytes...
I0508 23:08:29.194234 13824 c_interface.cc:231] ArtmCopyRequestedMessage is copying 1920 bytes...
I0508 23:23:45.242697 13824 c_interface.cc:231] ArtmCopyRequestedMessage is copying 1920 bytes...
I0508 23:25:23.928094 13824 c_interface.cc:231] ArtmCopyRequestedMessage is copying 1920 bytes...
I0508 23:25:28.504212 13824 c_interface.cc:231] ArtmCopyRequestedMessage is copying 1920 bytes...
I0508 23:26:06.955824 13824 c_interface.cc:271] Pass MasterModelConfig: topic_name_size=0, score_config_size=1, num_processors=0, pwt_name=pwt, nwt_name=nwt, num_document_passes=0, reuse_theta=no, cache_theta=no, opt_for_avx=yes, disk_cache_path= to ArtmCreateMasterModel
I0508 23:26:06.956820 13824 c_interface.cc:274] Creating MasterModel (id=9)...
I0508 23:26:06.969815 13824 collection_parser.cc:771] CollectionParserConfig.num_threads is automatically set to 4
W0508 23:26:07.208667 10724 helpers.cc:221] File already exists: school_batches\aaaaaa.batch
W0508 23:26:07.242599  5304 helpers.cc:221] File already exists: school_batches\aaaaab.batch
W0508 23:26:07.265584  1736 helpers.cc:221] File already exists: school_batches\aaaaac.batch
W0508 23:26:07.279577 10200 helpers.cc:221] File already exists: school_batches\aaaaad.batch
W0508 23:26:07.369520 10724 helpers.cc:221] File already exists: school_batches\aaaaae.batch
I0508 23:26:07.399500 13824 c_interface.cc:375] Pass c8624e9b-9845-4556-a9ad-95b98a80f3a4 to void (__cdecl artm::core::MasterComponent::*)(class std::basic_string<char,struct std::char_traits<char>,class std::allocator<char> > const & __ptr64) __ptr64
I0508 23:26:07.400501 13824 c_interface.cc:389] Pass GatherDictionaryArgs: dictionary_target_name=c8624e9b-9845-4556-a9ad-95b98a80f3a4, data_path=school_batches, symmetric_cooc_values=0 to void (__cdecl artm::core::MasterComponent::*)(class artm::GatherDictionaryArgs const & __ptr64) __ptr64
I0508 23:26:07.401499 13824 dictionary_operations.cc:265] Found 5 batches in 'school_batches' folder
I0508 23:26:07.466461 13824 dictionary_operations.cc:331] Find 16099 unique tokens in 476 items
I0508 23:26:07.513432 13824 dictionary_operations.cc:611] Dictionary name='c8624e9b-9845-4556-a9ad-95b98a80f3a4' contains entries: text:16099; 
I0508 23:26:16.703608 13824 c_interface.cc:375] Pass c8624e9b-9845-4556-a9ad-95b98a80f3a4 to void (__cdecl artm::core::MasterComponent::*)(class std::basic_string<char,struct std::char_traits<char>,class std::allocator<char> > const & __ptr64) __ptr64
I0508 23:26:16.707608 13824 c_interface.cc:339] Disposing MasterComponent (id=9)...
I0508 23:26:24.758569 13824 c_interface.cc:271] Pass MasterModelConfig: topic_name_size=10, score_config_size=1, num_processors=0, pwt_name=pwt, nwt_name=nwt, num_document_passes=10, reuse_theta=no, cache_theta=no, opt_for_avx=yes, disk_cache_path= to ArtmCreateMasterModel
I0508 23:26:24.759569 13824 instance.cc:401] MasterModelConfig.processors_count is automatically set to 4
I0508 23:26:24.759569 13824 c_interface.cc:274] Creating MasterModel (id=10)...
I0508 23:26:24.761569 10620 processor.cc:58] Processor thread started
I0508 23:26:24.762570  7248 processor.cc:58] Processor thread started
I0508 23:26:24.762570  9068 processor.cc:58] Processor thread started
I0508 23:26:24.762570  2512 processor.cc:58] Processor thread started
I0508 23:26:24.791551 10620 processor.cc:74] No data in processing queue, waiting...
I0508 23:26:24.793547  7248 processor.cc:74] No data in processing queue, waiting...
I0508 23:26:24.793547  9068 processor.cc:74] No data in processing queue, waiting...
I0508 23:26:24.793547  2512 processor.cc:74] No data in processing queue, waiting...
I0508 23:31:10.607717 13824 c_interface.cc:389] Pass MasterModelConfig: topic_name_size=10, score_config_size=2, num_processors=0, pwt_name=pwt, nwt_name=nwt, num_document_passes=10, reuse_theta=no, cache_theta=no, opt_for_avx=yes, disk_cache_path= to void (__cdecl artm::core::MasterComponent::*)(class artm::MasterModelConfig const & __ptr64) __ptr64
I0508 23:31:10.608717 13824 instance.cc:401] MasterModelConfig.processors_count is automatically set to 4
I0508 23:31:10.608717 13824 perplexity.cc:27] Perplexity score calculator created: model_type=1, dictionary_name=dictionary
I0508 23:31:10.608717 13824 c_interface.cc:389] Pass MasterModelConfig: topic_name_size=10, score_config_size=3, num_processors=0, pwt_name=pwt, nwt_name=nwt, num_document_passes=10, reuse_theta=no, cache_theta=no, opt_for_avx=yes, disk_cache_path= to void (__cdecl artm::core::MasterComponent::*)(class artm::MasterModelConfig const & __ptr64) __ptr64
I0508 23:31:10.608717 13824 instance.cc:401] MasterModelConfig.processors_count is automatically set to 4
I0508 23:31:10.608717 13824 perplexity.cc:27] Perplexity score calculator created: model_type=1, dictionary_name=dictionary
I0508 23:31:10.609714 13824 c_interface.cc:389] Pass MasterModelConfig: topic_name_size=10, score_config_size=4, num_processors=0, pwt_name=pwt, nwt_name=nwt, num_document_passes=10, reuse_theta=no, cache_theta=no, opt_for_avx=yes, disk_cache_path= to void (__cdecl artm::core::MasterComponent::*)(class artm::MasterModelConfig const & __ptr64) __ptr64
I0508 23:31:10.609714 13824 instance.cc:401] MasterModelConfig.processors_count is automatically set to 4
I0508 23:31:10.609714 13824 perplexity.cc:27] Perplexity score calculator created: model_type=1, dictionary_name=dictionary
I0508 23:31:10.610715 13824 c_interface.cc:389] Pass MasterModelConfig: topic_name_size=10, score_config_size=5, num_processors=0, pwt_name=pwt, nwt_name=nwt, num_document_passes=10, reuse_theta=no, cache_theta=no, opt_for_avx=yes, disk_cache_path= to void (__cdecl artm::core::MasterComponent::*)(class artm::MasterModelConfig const & __ptr64) __ptr64
I0508 23:31:10.610715 13824 instance.cc:401] MasterModelConfig.processors_count is automatically set to 4
I0508 23:31:10.610715 13824 perplexity.cc:27] Perplexity score calculator created: model_type=1, dictionary_name=dictionary
I0508 23:31:11.771708 13824 c_interface.cc:271] Pass MasterModelConfig: topic_name_size=0, score_config_size=1, num_processors=0, pwt_name=pwt, nwt_name=nwt, num_document_passes=0, reuse_theta=no, cache_theta=no, opt_for_avx=yes, disk_cache_path= to ArtmCreateMasterModel
I0508 23:31:11.771708 13824 c_interface.cc:274] Creating MasterModel (id=11)...
I0508 23:31:11.771708 13824 c_interface.cc:375] Pass 44b194a6-483f-4ade-8127-70e96498b47a to void (__cdecl artm::core::MasterComponent::*)(class std::basic_string<char,struct std::char_traits<char>,class std::allocator<char> > const & __ptr64) __ptr64
I0508 23:31:11.800688 13824 c_interface.cc:339] Disposing MasterComponent (id=8)...
I0508 23:31:11.801687 13824 c_interface.cc:375] Pass 486c0f2a-da60-4f6e-9add-6957649b99c8 to void (__cdecl artm::core::MasterComponent::*)(class std::basic_string<char,struct std::char_traits<char>,class std::allocator<char> > const & __ptr64) __ptr64
I0508 23:31:11.801687 13824 c_interface.cc:389] Pass GatherDictionaryArgs: dictionary_target_name=486c0f2a-da60-4f6e-9add-6957649b99c8, data_path=school_batches, symmetric_cooc_values=0 to void (__cdecl artm::core::MasterComponent::*)(class artm::GatherDictionaryArgs const & __ptr64) __ptr64
I0508 23:31:11.802686 13824 dictionary_operations.cc:265] Found 5 batches in 'school_batches' folder
I0508 23:31:11.872702 13824 dictionary_operations.cc:331] Find 16099 unique tokens in 476 items
I0508 23:31:11.919579 13824 dictionary_operations.cc:611] Dictionary name='486c0f2a-da60-4f6e-9add-6957649b99c8' contains entries: text:16099; 
I0508 23:31:12.274024 13824 c_interface.cc:375] Pass pwt to void (__cdecl artm::core::MasterComponent::*)(class std::basic_string<char,struct std::char_traits<char>,class std::allocator<char> > const & __ptr64) __ptr64
I0508 23:31:12.274024 13824 c_interface.cc:375] Pass nwt to void (__cdecl artm::core::MasterComponent::*)(class std::basic_string<char,struct std::char_traits<char>,class std::allocator<char> > const & __ptr64) __ptr64
I0508 23:31:12.275022 13824 c_interface.cc:389] Pass InitializeModelArgs: model_name=pwt, dictionary_name=486c0f2a-da60-4f6e-9add-6957649b99c8, topic_name_size=10, seed=-1 to void (__cdecl artm::core::MasterComponent::*)(class artm::InitializeModelArgs const & __ptr64) __ptr64
I0508 23:31:12.433979 13824 master_component.cc:663] InitializeModel() created matrix pwt with 10 topics and 16099 tokens; 
I0508 23:31:12.433979 13824 c_interface.cc:389] Pass InitializeModelArgs: model_name=nwt, dictionary_name=486c0f2a-da60-4f6e-9add-6957649b99c8, topic_name_size=10, seed=-1 to void (__cdecl artm::core::MasterComponent::*)(class artm::InitializeModelArgs const & __ptr64) __ptr64
I0508 23:31:12.558971 13824 master_component.cc:663] InitializeModel() created matrix nwt with 10 topics and 16099 tokens; 
I0508 23:31:12.558971 13824 c_interface.cc:231] ArtmCopyRequestedMessage is copying 296 bytes...
I0508 23:31:14.405313 13824 c_interface.cc:389] Pass FitOfflineMasterModelArgs, batch_filename_size=5, batch_weight_size=5, num_collection_passes=1, reset_nwt=yes to void (__cdecl artm::core::MasterComponent::*)(class artm::FitOfflineMasterModelArgs const & __ptr64) __ptr64
I0508 23:31:14.405313 13824 master_component.cc:1404] ProcessBatchesArgs: nwt_target_name=nwt, batch_filename_size=5, batch_size=0, batch_weight_size=5, pwt_source_name=pwt, num_document_passes=10, reuse_theta=no, opt_for_avx=yes, predict_class_id=, reset_nwt=yes
I0508 23:31:14.417305  2512 processor.cc:81] Processing queue has data, processing started
I0508 23:31:14.421301  9068 processor.cc:81] Processing queue has data, processing started
I0508 23:31:14.421301 10620 processor.cc:81] Processing queue has data, processing started
I0508 23:31:14.421301  7248 processor.cc:81] Processing queue has data, processing started
I0508 23:31:14.427297  2512 processor.cc:158] Processor: start processing batch e5d80569-334b-4ffb-8467-d8d322f08da1 into model nwt
I0508 23:31:14.433295  9068 processor.cc:158] Processor: start processing batch 553e896a-4df3-4098-bc4e-3c9ecfca23b3 into model nwt
I0508 23:31:14.435293 10620 processor.cc:158] Processor: start processing batch d86711e7-0e0e-426a-86b7-e484fb0becf6 into model nwt
I0508 23:31:14.450284  7248 processor.cc:158] Processor: start processing batch ebc86beb-d0c9-4814-ac4d-6139b0336535 into model nwt
I0508 23:31:14.554806  2512 processor.cc:292] Processor: complete processing batch e5d80569-334b-4ffb-8467-d8d322f08da1 into model nwt
I0508 23:31:14.554806  2512 cuckoo_watch.h:45] 141ms in ProcessBatch(school_batches\aaaaaa.batch) [including 10ms in LoadMessage; 0ms in InitializeTheta; 0ms in CreateRegularizerAgents; 5ms in InitializeSparseNdw; 68ms in InferThetaAndUpdateNwtSparse; 8ms in CalculateScore(PerplexityScore); 9ms in CalculateScore(SparsityThetaScore); 37ms in CalculateScore(^^^ItemsProcessedScore^^^); ]
I0508 23:31:14.554806 10620 processor.cc:292] Processor: complete processing batch d86711e7-0e0e-426a-86b7-e484fb0becf6 into model nwt
I0508 23:31:14.554806 10620 cuckoo_watch.h:45] 140ms in ProcessBatch(school_batches\aaaaac.batch) [including 13ms in LoadMessage; 0ms in InitializeTheta; 0ms in CreateRegularizerAgents; 4ms in InitializeSparseNdw; 64ms in InferThetaAndUpdateNwtSparse; 9ms in CalculateScore(PerplexityScore); 8ms in CalculateScore(SparsityThetaScore); 37ms in CalculateScore(^^^ItemsProcessedScore^^^); ]
I0508 23:31:14.554806  9068 processor.cc:292] Processor: complete processing batch 553e896a-4df3-4098-bc4e-3c9ecfca23b3 into model nwt
I0508 23:31:14.554806  9068 cuckoo_watch.h:45] 143ms in ProcessBatch(school_batches\aaaaab.batch) [including 12ms in LoadMessage; 0ms in InitializeTheta; 0ms in CreateRegularizerAgents; 5ms in InitializeSparseNdw; 67ms in InferThetaAndUpdateNwtSparse; 9ms in CalculateScore(PerplexityScore); 9ms in CalculateScore(SparsityThetaScore); 37ms in CalculateScore(^^^ItemsProcessedScore^^^); ]
I0508 23:31:14.554806  2512 processor.cc:158] Processor: start processing batch e6118402-99e9-4917-a0bb-44d0f661e914 into model nwt
I0508 23:31:14.570432  7248 processor.cc:292] Processor: complete processing batch ebc86beb-d0c9-4814-ac4d-6139b0336535 into model nwt
I0508 23:31:14.570432  7248 cuckoo_watch.h:45] 150ms in ProcessBatch(school_batches\aaaaad.batch) [including 28ms in LoadMessage; 0ms in InitializeTheta; 0ms in CreateRegularizerAgents; 5ms in InitializeSparseNdw; 59ms in InferThetaAndUpdateNwtSparse; 9ms in CalculateScore(PerplexityScore); 9ms in CalculateScore(SparsityThetaScore); 37ms in CalculateScore(^^^ItemsProcessedScore^^^); ]
I0508 23:31:14.617302  2512 processor.cc:292] Processor: complete processing batch e6118402-99e9-4917-a0bb-44d0f661e914 into model nwt
I0508 23:31:14.617302  2512 cuckoo_watch.h:45] 65ms in ProcessBatch(school_batches\aaaaae.batch) [including 8ms in LoadMessage; 0ms in InitializeTheta; 0ms in CreateRegularizerAgents; 3ms in InitializeSparseNdw; 24ms in InferThetaAndUpdateNwtSparse; 4ms in CalculateScore(PerplexityScore); 4ms in CalculateScore(SparsityThetaScore); 19ms in CalculateScore(^^^ItemsProcessedScore^^^); ]
I0508 23:31:14.632946 13824 master_component.cc:1455] NormalizeModelArgs: pwt_target_name=pwt, nwt_source_name=nwt, rwt_source_name=
I0508 23:31:14.632946 13824 master_component.cc:1005] MasterComponent: start normalizing model nwt
I0508 23:31:14.679806 13824 master_component.cc:1033] MasterComponent: complete normalizing model nwt
I0508 23:31:14.726680 13824 master_component.cc:1479] DisposeModel rwt
I0508 23:31:14.726680 13824 master_component.cc:1058] FitOffline: ItemsProcessed, num_items=476, num_batches=5, token_weight=160411, token_weight_in_effect=160411
I0508 23:31:14.726680 13824 c_interface.cc:389] Pass FitOfflineMasterModelArgs, batch_filename_size=5, batch_weight_size=5, num_collection_passes=1, reset_nwt=yes to void (__cdecl artm::core::MasterComponent::*)(class artm::FitOfflineMasterModelArgs const & __ptr64) __ptr64
I0508 23:31:14.726680 13824 master_component.cc:1404] ProcessBatchesArgs: nwt_target_name=nwt, batch_filename_size=5, batch_size=0, batch_weight_size=5, pwt_source_name=pwt, num_document_passes=10, reuse_theta=no, opt_for_avx=yes, predict_class_id=, reset_nwt=yes
I0508 23:31:14.742317  9068 processor.cc:158] Processor: start processing batch 553e896a-4df3-4098-bc4e-3c9ecfca23b3 into model nwt
I0508 23:31:14.742317  7248 processor.cc:158] Processor: start processing batch d86711e7-0e0e-426a-86b7-e484fb0becf6 into model nwt
I0508 23:31:14.742317  2512 processor.cc:158] Processor: start processing batch ebc86beb-d0c9-4814-ac4d-6139b0336535 into model nwt
I0508 23:31:14.742317 10620 processor.cc:158] Processor: start processing batch e5d80569-334b-4ffb-8467-d8d322f08da1 into model nwt
I0508 23:31:14.849437  9068 processor.cc:292] Processor: complete processing batch 553e896a-4df3-4098-bc4e-3c9ecfca23b3 into model nwt
I0508 23:31:14.850437  2512 processor.cc:292] Processor: complete processing batch ebc86beb-d0c9-4814-ac4d-6139b0336535 into model nwt
I0508 23:31:14.850437 10620 processor.cc:292] Processor: complete processing batch e5d80569-334b-4ffb-8467-d8d322f08da1 into model nwt
I0508 23:31:14.851436  7248 processor.cc:292] Processor: complete processing batch d86711e7-0e0e-426a-86b7-e484fb0becf6 into model nwt
I0508 23:31:14.851436  9068 cuckoo_watch.h:45] 109ms in ProcessBatch(school_batches\aaaaab.batch) [including 10ms in LoadMessage; 0ms in InitializeTheta; 0ms in CreateRegularizerAgents; 3ms in InitializeSparseNdw; 38ms in InferThetaAndUpdateNwtSparse; 8ms in CalculateScore(PerplexityScore); 9ms in CalculateScore(SparsityThetaScore); 37ms in CalculateScore(^^^ItemsProcessedScore^^^); ]
I0508 23:31:14.852435  2512 cuckoo_watch.h:45] 110ms in ProcessBatch(school_batches\aaaaad.batch) [including 9ms in LoadMessage; 0ms in InitializeTheta; 0ms in CreateRegularizerAgents; 4ms in InitializeSparseNdw; 39ms in InferThetaAndUpdateNwtSparse; 9ms in CalculateScore(PerplexityScore); 8ms in CalculateScore(SparsityThetaScore); 36ms in CalculateScore(^^^ItemsProcessedScore^^^); ]
I0508 23:31:14.852435 10620 cuckoo_watch.h:45] 110ms in ProcessBatch(school_batches\aaaaaa.batch) [including 10ms in LoadMessage; 0ms in InitializeTheta; 0ms in CreateRegularizerAgents; 4ms in InitializeSparseNdw; 38ms in InferThetaAndUpdateNwtSparse; 8ms in CalculateScore(PerplexityScore); 9ms in CalculateScore(SparsityThetaScore); 37ms in CalculateScore(^^^ItemsProcessedScore^^^); ]
I0508 23:31:14.852435  7248 cuckoo_watch.h:45] 110ms in ProcessBatch(school_batches\aaaaac.batch) [including 10ms in LoadMessage; 0ms in InitializeTheta; 0ms in CreateRegularizerAgents; 3ms in InitializeSparseNdw; 39ms in InferThetaAndUpdateNwtSparse; 9ms in CalculateScore(PerplexityScore); 9ms in CalculateScore(SparsityThetaScore); 37ms in CalculateScore(^^^ItemsProcessedScore^^^); ]
I0508 23:31:14.857430  9068 processor.cc:158] Processor: start processing batch e6118402-99e9-4917-a0bb-44d0f661e914 into model nwt
I0508 23:31:14.886413  7248 processor.cc:74] No data in processing queue, waiting...
I0508 23:31:14.886413 10620 processor.cc:74] No data in processing queue, waiting...
I0508 23:31:14.886413  2512 processor.cc:74] No data in processing queue, waiting...
I0508 23:31:14.912397  9068 processor.cc:292] Processor: complete processing batch e6118402-99e9-4917-a0bb-44d0f661e914 into model nwt
I0508 23:31:14.913396  9068 cuckoo_watch.h:45] 61ms in ProcessBatch(school_batches\aaaaae.batch) [including 5ms in LoadMessage; 0ms in InitializeTheta; 0ms in CreateRegularizerAgents; 1ms in InitializeSparseNdw; 24ms in InferThetaAndUpdateNwtSparse; 4ms in CalculateScore(PerplexityScore); 4ms in CalculateScore(SparsityThetaScore); 19ms in CalculateScore(^^^ItemsProcessedScore^^^); ]
I0508 23:31:14.915397 13824 master_component.cc:1455] NormalizeModelArgs: pwt_target_name=pwt, nwt_source_name=nwt, rwt_source_name=
I0508 23:31:14.915397 13824 master_component.cc:1005] MasterComponent: start normalizing model nwt
I0508 23:31:14.947378  9068 processor.cc:74] No data in processing queue, waiting...
I0508 23:31:14.968364 13824 master_component.cc:1033] MasterComponent: complete normalizing model nwt
I0508 23:31:15.005342 13824 master_component.cc:1479] DisposeModel rwt
I0508 23:31:15.006340 13824 master_component.cc:1058] FitOffline: ItemsProcessed, num_items=476, num_batches=5, token_weight=160411, token_weight_in_effect=160411
I0508 23:31:15.006340 13824 c_interface.cc:389] Pass FitOfflineMasterModelArgs, batch_filename_size=5, batch_weight_size=5, num_collection_passes=1, reset_nwt=yes to void (__cdecl artm::core::MasterComponent::*)(class artm::FitOfflineMasterModelArgs const & __ptr64) __ptr64
I0508 23:31:15.006340 13824 master_component.cc:1404] ProcessBatchesArgs: nwt_target_name=nwt, batch_filename_size=5, batch_size=0, batch_weight_size=5, pwt_source_name=pwt, num_document_passes=10, reuse_theta=no, opt_for_avx=yes, predict_class_id=, reset_nwt=yes
I0508 23:31:15.014336  2512 processor.cc:81] Processing queue has data, processing started
I0508 23:31:15.014336  7248 processor.cc:81] Processing queue has data, processing started
I0508 23:31:15.016335 10620 processor.cc:81] Processing queue has data, processing started
I0508 23:31:15.016335  9068 processor.cc:81] Processing queue has data, processing started
I0508 23:31:15.022330  7248 processor.cc:158] Processor: start processing batch 553e896a-4df3-4098-bc4e-3c9ecfca23b3 into model nwt
I0508 23:31:15.024327  2512 processor.cc:158] Processor: start processing batch e5d80569-334b-4ffb-8467-d8d322f08da1 into model nwt
I0508 23:31:15.026327  9068 processor.cc:158] Processor: start processing batch ebc86beb-d0c9-4814-ac4d-6139b0336535 into model nwt
I0508 23:31:15.026327 10620 processor.cc:158] Processor: start processing batch d86711e7-0e0e-426a-86b7-e484fb0becf6 into model nwt
I0508 23:31:15.122268  7248 processor.cc:292] Processor: complete processing batch 553e896a-4df3-4098-bc4e-3c9ecfca23b3 into model nwt
I0508 23:31:15.122268  2512 processor.cc:292] Processor: complete processing batch e5d80569-334b-4ffb-8467-d8d322f08da1 into model nwt
I0508 23:31:15.124269  7248 cuckoo_watch.h:45] 110ms in ProcessBatch(school_batches\aaaaab.batch) [including 8ms in LoadMessage; 0ms in InitializeTheta; 0ms in CreateRegularizerAgents; 4ms in InitializeSparseNdw; 41ms in InferThetaAndUpdateNwtSparse; 8ms in CalculateScore(PerplexityScore); 8ms in CalculateScore(SparsityThetaScore); 37ms in CalculateScore(^^^ItemsProcessedScore^^^); ]
I0508 23:31:15.124269  2512 cuckoo_watch.h:45] 110ms in ProcessBatch(school_batches\aaaaaa.batch) [including 10ms in LoadMessage; 0ms in InitializeTheta; 0ms in CreateRegularizerAgents; 4ms in InitializeSparseNdw; 40ms in InferThetaAndUpdateNwtSparse; 8ms in CalculateScore(PerplexityScore); 8ms in CalculateScore(SparsityThetaScore); 36ms in CalculateScore(^^^ItemsProcessedScore^^^); ]
I0508 23:31:15.124269 10620 processor.cc:292] Processor: complete processing batch d86711e7-0e0e-426a-86b7-e484fb0becf6 into model nwt
I0508 23:31:15.124269  9068 processor.cc:292] Processor: complete processing batch ebc86beb-d0c9-4814-ac4d-6139b0336535 into model nwt
I0508 23:31:15.125268  9068 cuckoo_watch.h:45] 109ms in ProcessBatch(school_batches\aaaaad.batch) [including 9ms in LoadMessage; 0ms in InitializeTheta; 0ms in CreateRegularizerAgents; 3ms in InitializeSparseNdw; 41ms in InferThetaAndUpdateNwtSparse; 8ms in CalculateScore(PerplexityScore); 8ms in CalculateScore(SparsityThetaScore); 37ms in CalculateScore(^^^ItemsProcessedScore^^^); ]
I0508 23:31:15.126266 10620 cuckoo_watch.h:45] 110ms in ProcessBatch(school_batches\aaaaac.batch) [including 9ms in LoadMessage; 0ms in InitializeTheta; 0ms in CreateRegularizerAgents; 3ms in InitializeSparseNdw; 40ms in InferThetaAndUpdateNwtSparse; 8ms in CalculateScore(PerplexityScore); 8ms in CalculateScore(SparsityThetaScore); 37ms in CalculateScore(^^^ItemsProcessedScore^^^); ]
I0508 23:31:15.130264  7248 processor.cc:158] Processor: start processing batch e6118402-99e9-4917-a0bb-44d0f661e914 into model nwt
I0508 23:31:15.156247  2512 processor.cc:74] No data in processing queue, waiting...
I0508 23:31:15.158246 10620 processor.cc:74] No data in processing queue, waiting...
I0508 23:31:15.158246  9068 processor.cc:74] No data in processing queue, waiting...
I0508 23:31:15.184231  7248 processor.cc:292] Processor: complete processing batch e6118402-99e9-4917-a0bb-44d0f661e914 into model nwt
I0508 23:31:15.185231  7248 cuckoo_watch.h:45] 61ms in ProcessBatch(school_batches\aaaaae.batch) [including 5ms in LoadMessage; 0ms in InitializeTheta; 0ms in CreateRegularizerAgents; 1ms in InitializeSparseNdw; 24ms in InferThetaAndUpdateNwtSparse; 4ms in CalculateScore(PerplexityScore); 4ms in CalculateScore(SparsityThetaScore); 19ms in CalculateScore(^^^ItemsProcessedScore^^^); ]
I0508 23:31:15.186293 13824 master_component.cc:1455] NormalizeModelArgs: pwt_target_name=pwt, nwt_source_name=nwt, rwt_source_name=
I0508 23:31:15.186293 13824 master_component.cc:1005] MasterComponent: start normalizing model nwt
I0508 23:31:15.220206  7248 processor.cc:74] No data in processing queue, waiting...
I0508 23:31:15.241196 13824 master_component.cc:1033] MasterComponent: complete normalizing model nwt
I0508 23:31:15.278172 13824 master_component.cc:1479] DisposeModel rwt
I0508 23:31:15.278172 13824 master_component.cc:1058] FitOffline: ItemsProcessed, num_items=476, num_batches=5, token_weight=160411, token_weight_in_effect=160411
I0508 23:31:15.278172 13824 c_interface.cc:389] Pass FitOfflineMasterModelArgs, batch_filename_size=5, batch_weight_size=5, num_collection_passes=1, reset_nwt=yes to void (__cdecl artm::core::MasterComponent::*)(class artm::FitOfflineMasterModelArgs const & __ptr64) __ptr64
I0508 23:31:15.278172 13824 master_component.cc:1404] ProcessBatchesArgs: nwt_target_name=nwt, batch_filename_size=5, batch_size=0, batch_weight_size=5, pwt_source_name=pwt, num_document_passes=10, reuse_theta=no, opt_for_avx=yes, predict_class_id=, reset_nwt=yes
I0508 23:31:15.287168  9068 processor.cc:81] Processing queue has data, processing started
I0508 23:31:15.287168  7248 processor.cc:81] Processing queue has data, processing started
I0508 23:31:15.287168 10620 processor.cc:81] Processing queue has data, processing started
I0508 23:31:15.290164  2512 processor.cc:81] Processing queue has data, processing started
I0508 23:31:15.296160 10620 processor.cc:158] Processor: start processing batch d86711e7-0e0e-426a-86b7-e484fb0becf6 into model nwt
I0508 23:31:15.296160  7248 processor.cc:158] Processor: start processing batch 553e896a-4df3-4098-bc4e-3c9ecfca23b3 into model nwt
I0508 23:31:15.297159  9068 processor.cc:158] Processor: start processing batch e5d80569-334b-4ffb-8467-d8d322f08da1 into model nwt
I0508 23:31:15.300158  2512 processor.cc:158] Processor: start processing batch ebc86beb-d0c9-4814-ac4d-6139b0336535 into model nwt
I0508 23:31:15.394100  9068 processor.cc:292] Processor: complete processing batch e5d80569-334b-4ffb-8467-d8d322f08da1 into model nwt
I0508 23:31:15.395102 10620 processor.cc:292] Processor: complete processing batch d86711e7-0e0e-426a-86b7-e484fb0becf6 into model nwt
I0508 23:31:15.396100  9068 cuckoo_watch.h:45] 109ms in ProcessBatch(school_batches\aaaaaa.batch) [including 10ms in LoadMessage; 0ms in InitializeTheta; 0ms in CreateRegularizerAgents; 3ms in InitializeSparseNdw; 40ms in InferThetaAndUpdateNwtSparse; 7ms in CalculateScore(PerplexityScore); 7ms in CalculateScore(SparsityThetaScore); 36ms in CalculateScore(^^^ItemsProcessedScore^^^); ]
I0508 23:31:15.396100 10620 cuckoo_watch.h:45] 109ms in ProcessBatch(school_batches\aaaaac.batch) [including 9ms in LoadMessage; 0ms in InitializeTheta; 0ms in CreateRegularizerAgents; 4ms in InitializeSparseNdw; 41ms in InferThetaAndUpdateNwtSparse; 7ms in CalculateScore(PerplexityScore); 7ms in CalculateScore(SparsityThetaScore); 37ms in CalculateScore(^^^ItemsProcessedScore^^^); ]
I0508 23:31:15.396100  7248 processor.cc:292] Processor: complete processing batch 553e896a-4df3-4098-bc4e-3c9ecfca23b3 into model nwt
I0508 23:31:15.398099  7248 cuckoo_watch.h:45] 111ms in ProcessBatch(school_batches\aaaaab.batch) [including 9ms in LoadMessage; 0ms in InitializeTheta; 0ms in CreateRegularizerAgents; 4ms in InitializeSparseNdw; 42ms in InferThetaAndUpdateNwtSparse; 7ms in CalculateScore(PerplexityScore); 8ms in CalculateScore(SparsityThetaScore); 36ms in CalculateScore(^^^ItemsProcessedScore^^^); ]
I0508 23:31:15.401098  2512 processor.cc:292] Processor: complete processing batch ebc86beb-d0c9-4814-ac4d-6139b0336535 into model nwt
I0508 23:31:15.402096  2512 cuckoo_watch.h:45] 111ms in ProcessBatch(school_batches\aaaaad.batch) [including 9ms in LoadMessage; 0ms in InitializeTheta; 0ms in CreateRegularizerAgents; 3ms in InitializeSparseNdw; 42ms in InferThetaAndUpdateNwtSparse; 8ms in CalculateScore(PerplexityScore); 8ms in CalculateScore(SparsityThetaScore); 37ms in CalculateScore(^^^ItemsProcessedScore^^^); ]
I0508 23:31:15.402096  9068 processor.cc:158] Processor: start processing batch e6118402-99e9-4917-a0bb-44d0f661e914 into model nwt
I0508 23:31:15.428078 10620 processor.cc:74] No data in processing queue, waiting...
I0508 23:31:15.429080  7248 processor.cc:74] No data in processing queue, waiting...
I0508 23:31:15.434075  2512 processor.cc:74] No data in processing queue, waiting...
I0508 23:31:15.467056  9068 processor.cc:292] Processor: complete processing batch e6118402-99e9-4917-a0bb-44d0f661e914 into model nwt
I0508 23:31:15.468056  9068 cuckoo_watch.h:45] 72ms in ProcessBatch(school_batches\aaaaae.batch) [including 5ms in LoadMessage; 0ms in InitializeTheta; 0ms in CreateRegularizerAgents; 2ms in InitializeSparseNdw; 25ms in InferThetaAndUpdateNwtSparse; 4ms in CalculateScore(PerplexityScore); 4ms in CalculateScore(SparsityThetaScore); 26ms in CalculateScore(^^^ItemsProcessedScore^^^); ]
I0508 23:31:15.470053 13824 master_component.cc:1455] NormalizeModelArgs: pwt_target_name=pwt, nwt_source_name=nwt, rwt_source_name=
I0508 23:31:15.470053 13824 master_component.cc:1005] MasterComponent: start normalizing model nwt
I0508 23:31:15.502037  9068 processor.cc:74] No data in processing queue, waiting...
I0508 23:31:15.525018 13824 master_component.cc:1033] MasterComponent: complete normalizing model nwt
I0508 23:31:15.561996 13824 master_component.cc:1479] DisposeModel rwt
I0508 23:31:15.561996 13824 master_component.cc:1058] FitOffline: ItemsProcessed, num_items=476, num_batches=5, token_weight=160411, token_weight_in_effect=160411
I0508 23:31:15.561996 13824 c_interface.cc:389] Pass FitOfflineMasterModelArgs, batch_filename_size=5, batch_weight_size=5, num_collection_passes=1, reset_nwt=yes to void (__cdecl artm::core::MasterComponent::*)(class artm::FitOfflineMasterModelArgs const & __ptr64) __ptr64
I0508 23:31:15.561996 13824 master_component.cc:1404] ProcessBatchesArgs: nwt_target_name=nwt, batch_filename_size=5, batch_size=0, batch_weight_size=5, pwt_source_name=pwt, num_document_passes=10, reuse_theta=no, opt_for_avx=yes, predict_class_id=, reset_nwt=yes
I0508 23:31:15.568995 10620 processor.cc:81] Processing queue has data, processing started
I0508 23:31:15.570991  9068 processor.cc:81] Processing queue has data, processing started
I0508 23:31:15.570991  2512 processor.cc:81] Processing queue has data, processing started
I0508 23:31:15.570991  7248 processor.cc:81] Processing queue has data, processing started
I0508 23:31:15.576987 10620 processor.cc:158] Processor: start processing batch e5d80569-334b-4ffb-8467-d8d322f08da1 into model nwt
I0508 23:31:15.579986  9068 processor.cc:158] Processor: start processing batch 553e896a-4df3-4098-bc4e-3c9ecfca23b3 into model nwt
I0508 23:31:15.580986  2512 processor.cc:158] Processor: start processing batch d86711e7-0e0e-426a-86b7-e484fb0becf6 into model nwt
I0508 23:31:15.580986  7248 processor.cc:158] Processor: start processing batch ebc86beb-d0c9-4814-ac4d-6139b0336535 into model nwt
I0508 23:31:15.678925  9068 processor.cc:292] Processor: complete processing batch 553e896a-4df3-4098-bc4e-3c9ecfca23b3 into model nwt
I0508 23:31:15.680924  9068 cuckoo_watch.h:45] 110ms in ProcessBatch(school_batches\aaaaab.batch) [including 9ms in LoadMessage; 0ms in InitializeTheta; 0ms in CreateRegularizerAgents; 3ms in InitializeSparseNdw; 39ms in InferThetaAndUpdateNwtSparse; 9ms in CalculateScore(PerplexityScore); 7ms in CalculateScore(SparsityThetaScore); 38ms in CalculateScore(^^^ItemsProcessedScore^^^); ]
I0508 23:31:15.685920  2512 processor.cc:292] Processor: complete processing batch d86711e7-0e0e-426a-86b7-e484fb0becf6 into model nwt
I0508 23:31:15.687919  2512 cuckoo_watch.h:45] 117ms in ProcessBatch(school_batches\aaaaac.batch) [including 10ms in LoadMessage; 0ms in InitializeTheta; 0ms in CreateRegularizerAgents; 3ms in InitializeSparseNdw; 40ms in InferThetaAndUpdateNwtSparse; 8ms in CalculateScore(PerplexityScore); 8ms in CalculateScore(SparsityThetaScore); 44ms in CalculateScore(^^^ItemsProcessedScore^^^); ]
I0508 23:31:15.689918  7248 processor.cc:292] Processor: complete processing batch ebc86beb-d0c9-4814-ac4d-6139b0336535 into model nwt
I0508 23:31:15.691917  7248 cuckoo_watch.h:45] 119ms in ProcessBatch(school_batches\aaaaad.batch) [including 9ms in LoadMessage; 0ms in InitializeTheta; 0ms in CreateRegularizerAgents; 3ms in InitializeSparseNdw; 39ms in InferThetaAndUpdateNwtSparse; 8ms in CalculateScore(PerplexityScore); 8ms in CalculateScore(SparsityThetaScore); 47ms in CalculateScore(^^^ItemsProcessedScore^^^); ]
I0508 23:31:15.691917 10620 processor.cc:292] Processor: complete processing batch e5d80569-334b-4ffb-8467-d8d322f08da1 into model nwt
I0508 23:31:15.691917  9068 processor.cc:158] Processor: start processing batch e6118402-99e9-4917-a0bb-44d0f661e914 into model nwt
I0508 23:31:15.692916 10620 cuckoo_watch.h:45] 124ms in ProcessBatch(school_batches\aaaaaa.batch) [including 8ms in LoadMessage; 0ms in InitializeTheta; 0ms in CreateRegularizerAgents; 4ms in InitializeSparseNdw; 40ms in InferThetaAndUpdateNwtSparse; 8ms in CalculateScore(PerplexityScore); 7ms in CalculateScore(SparsityThetaScore); 53ms in CalculateScore(^^^ItemsProcessedScore^^^); ]
I0508 23:31:15.724895  2512 processor.cc:74] No data in processing queue, waiting...
I0508 23:31:15.725895  7248 processor.cc:74] No data in processing queue, waiting...
I0508 23:31:15.727893 10620 processor.cc:74] No data in processing queue, waiting...
I0508 23:31:15.781862  9068 processor.cc:292] Processor: complete processing batch e6118402-99e9-4917-a0bb-44d0f661e914 into model nwt
I0508 23:31:15.782862  9068 cuckoo_watch.h:45] 102ms in ProcessBatch(school_batches\aaaaae.batch) [including 11ms in LoadMessage; 0ms in InitializeTheta; 0ms in CreateRegularizerAgents; 3ms in InitializeSparseNdw; 33ms in InferThetaAndUpdateNwtSparse; 6ms in CalculateScore(PerplexityScore); 6ms in CalculateScore(SparsityThetaScore); 39ms in CalculateScore(^^^ItemsProcessedScore^^^); ]
I0508 23:31:15.783861 13824 master_component.cc:1455] NormalizeModelArgs: pwt_target_name=pwt, nwt_source_name=nwt, rwt_source_name=
I0508 23:31:15.783861 13824 master_component.cc:1005] MasterComponent: start normalizing model nwt
I0508 23:31:15.883798 13824 master_component.cc:1033] MasterComponent: complete normalizing model nwt
I0508 23:31:15.916781  9068 processor.cc:74] No data in processing queue, waiting...
I0508 23:31:15.946760 13824 master_component.cc:1479] DisposeModel rwt
I0508 23:31:15.946760 13824 master_component.cc:1058] FitOffline: ItemsProcessed, num_items=476, num_batches=5, token_weight=160411, token_weight_in_effect=160411
I0508 23:31:15.946760 13824 c_interface.cc:389] Pass FitOfflineMasterModelArgs, batch_filename_size=5, batch_weight_size=5, num_collection_passes=1, reset_nwt=yes to void (__cdecl artm::core::MasterComponent::*)(class artm::FitOfflineMasterModelArgs const & __ptr64) __ptr64
I0508 23:31:15.946760 13824 master_component.cc:1404] ProcessBatchesArgs: nwt_target_name=nwt, batch_filename_size=5, batch_size=0, batch_weight_size=5, pwt_source_name=pwt, num_document_passes=10, reuse_theta=no, opt_for_avx=yes, predict_class_id=, reset_nwt=yes
I0508 23:31:15.957751  7248 processor.cc:81] Processing queue has data, processing started
I0508 23:31:15.958753 10620 processor.cc:81] Processing queue has data, processing started
I0508 23:31:15.959753  9068 processor.cc:81] Processing queue has data, processing started
I0508 23:31:15.961750  2512 processor.cc:81] Processing queue has data, processing started
I0508 23:31:15.967746 10620 processor.cc:158] Processor: start processing batch 553e896a-4df3-4098-bc4e-3c9ecfca23b3 into model nwt
I0508 23:31:15.969745  7248 processor.cc:158] Processor: start processing batch e5d80569-334b-4ffb-8467-d8d322f08da1 into model nwt
I0508 23:31:15.970746  9068 processor.cc:158] Processor: start processing batch d86711e7-0e0e-426a-86b7-e484fb0becf6 into model nwt
I0508 23:31:15.970746  2512 processor.cc:158] Processor: start processing batch ebc86beb-d0c9-4814-ac4d-6139b0336535 into model nwt
I0508 23:31:16.054065 10620 processor.cc:292] Processor: complete processing batch 553e896a-4df3-4098-bc4e-3c9ecfca23b3 into model nwt
I0508 23:31:16.054065  7248 processor.cc:292] Processor: complete processing batch e5d80569-334b-4ffb-8467-d8d322f08da1 into model nwt
I0508 23:31:16.054065 10620 cuckoo_watch.h:45] 109ms in ProcessBatch(school_batches\aaaaab.batch) [including 9ms in LoadMessage; 0ms in InitializeTheta; 0ms in CreateRegularizerAgents; 4ms in InitializeSparseNdw; 41ms in InferThetaAndUpdateNwtSparse; 8ms in CalculateScore(PerplexityScore); 7ms in CalculateScore(SparsityThetaScore); 36ms in CalculateScore(^^^ItemsProcessedScore^^^); ]
